Archive member included to satisfy reference by file (symbol)

/Users/sunnyhan/Library/Application Support/Code/User/globalStorage/vexrobotics.vexcode/sdk/cpp/V5/V5_20240802_15_00_00/vexv5/libv5rt.a(v5_startup.c.obj)
                              (vexStartup)
/Users/sunnyhan/Library/Application Support/Code/User/globalStorage/vexrobotics.vexcode/sdk/cpp/V5/V5_20240802_15_00_00/vexv5/libv5rt.a(v5_util.c.obj)
                              /Users/sunnyhan/Library/Application Support/Code/User/globalStorage/vexrobotics.vexcode/sdk/cpp/V5/V5_20240802_15_00_00/vexv5/libv5rt.a(v5_startup.c.obj) (vexStdlibVersionLinked)
/Users/sunnyhan/Library/Application Support/Code/User/globalStorage/vexrobotics.vexcode/sdk/cpp/V5/V5_20240802_15_00_00/vexv5/libv5rt.a(v5_apijump.c.obj)
                              /Users/sunnyhan/Library/Application Support/Code/User/globalStorage/vexrobotics.vexcode/sdk/cpp/V5/V5_20240802_15_00_00/vexv5/libv5rt.a(v5_startup.c.obj) (vexPrivateApiEnable)
/Users/sunnyhan/Library/Application Support/Code/User/globalStorage/vexrobotics.vexcode/sdk/cpp/V5/V5_20240802_15_00_00/vexv5/libv5rt.a(v5_apiversions.c.obj)
                              /Users/sunnyhan/Library/Application Support/Code/User/globalStorage/vexrobotics.vexcode/sdk/cpp/V5/V5_20240802_15_00_00/vexv5/libv5rt.a(v5_apijump.c.obj) (vexSystemVersion)
/Users/sunnyhan/Library/Application Support/Code/User/globalStorage/vexrobotics.vexcode/sdk/cpp/V5/V5_20240802_15_00_00/vexv5/libv5rt.a(vex_global.cpp.obj)
                              build/src/ai_functions.o (vex::wait(double, vex::timeUnits))
/Users/sunnyhan/Library/Application Support/Code/User/globalStorage/vexrobotics.vexcode/sdk/cpp/V5/V5_20240802_15_00_00/vexv5/libv5rt.a(vex_device.cpp.obj)
                              build/src/ai_robot_link.o (vex::device::value())
/Users/sunnyhan/Library/Application Support/Code/User/globalStorage/vexrobotics.vexcode/sdk/cpp/V5/V5_20240802_15_00_00/vexv5/libv5rt.a(vex_motor.cpp.obj)
                              build/src/main.o (vex::motor::~motor())
/Users/sunnyhan/Library/Application Support/Code/User/globalStorage/vexrobotics.vexcode/sdk/cpp/V5/V5_20240802_15_00_00/vexv5/libv5rt.a(vex_imu.cpp.obj)
                              build/src/ai_functions.o (vex::inertial::setRotation(double, vex::rotationUnits))
/Users/sunnyhan/Library/Application Support/Code/User/globalStorage/vexrobotics.vexcode/sdk/cpp/V5/V5_20240802_15_00_00/vexv5/libv5rt.a(vex_rotation.cpp.obj)
                              build/src/main.o (vex::rotation::~rotation())
/Users/sunnyhan/Library/Application Support/Code/User/globalStorage/vexrobotics.vexcode/sdk/cpp/V5/V5_20240802_15_00_00/vexv5/libv5rt.a(vex_optical.cpp.obj)
                              build/src/main.o (vex::optical::~optical())
/Users/sunnyhan/Library/Application Support/Code/User/globalStorage/vexrobotics.vexcode/sdk/cpp/V5/V5_20240802_15_00_00/vexv5/libv5rt.a(vex_gps.cpp.obj)
                              build/src/main.o (vex::gps::~gps())
/Users/sunnyhan/Library/Application Support/Code/User/globalStorage/vexrobotics.vexcode/sdk/cpp/V5/V5_20240802_15_00_00/vexv5/libv5rt.a(vex_controller.cpp.obj)
                              build/src/main.o (vex::controller::~controller())
/Users/sunnyhan/Library/Application Support/Code/User/globalStorage/vexrobotics.vexcode/sdk/cpp/V5/V5_20240802_15_00_00/vexv5/libv5rt.a(vex_task.cpp.obj)
                              build/src/JAR-Template/drive.o (vex::task::task())
/Users/sunnyhan/Library/Application Support/Code/User/globalStorage/vexrobotics.vexcode/sdk/cpp/V5/V5_20240802_15_00_00/vexv5/libv5rt.a(vex_thread.cpp.obj)
                              build/src/main.o (vex::thread::thread(int (*)()))
/Users/sunnyhan/Library/Application Support/Code/User/globalStorage/vexrobotics.vexcode/sdk/cpp/V5/V5_20240802_15_00_00/vexv5/libv5rt.a(vex_event.cpp.obj)
                              /Users/sunnyhan/Library/Application Support/Code/User/globalStorage/vexrobotics.vexcode/sdk/cpp/V5/V5_20240802_15_00_00/vexv5/libv5rt.a(vex_imu.cpp.obj) (vex::event::init(unsigned long, unsigned long, void (*)()))
/Users/sunnyhan/Library/Application Support/Code/User/globalStorage/vexrobotics.vexcode/sdk/cpp/V5/V5_20240802_15_00_00/vexv5/libv5rt.a(vex_mevent.cpp.obj)
                              /Users/sunnyhan/Library/Application Support/Code/User/globalStorage/vexrobotics.vexcode/sdk/cpp/V5/V5_20240802_15_00_00/vexv5/libv5rt.a(vex_controller.cpp.obj) (vex::mevent::mevent(unsigned long, unsigned long))
/Users/sunnyhan/Library/Application Support/Code/User/globalStorage/vexrobotics.vexcode/sdk/cpp/V5/V5_20240802_15_00_00/vexv5/libv5rt.a(vex_brain.cpp.obj)
                              build/src/dashboard.o (vex::brain::lcd::setFont(vex::fontType))
/Users/sunnyhan/Library/Application Support/Code/User/globalStorage/vexrobotics.vexcode/sdk/cpp/V5/V5_20240802_15_00_00/vexv5/libv5rt.a(vex_competition.cpp.obj)
                              build/src/main.o (vex::competition::competition())
[...]
Memory Configuration

Name             Origin             Length             Attributes
ps7_ddr_0_S_AXI_BASEADDR 0x0000000003800000 0x0000000004800000
*default*        0x0000000000000000 0xffffffffffffffff

Linker script and memory map

                0x0000000000002000                _STACK_SIZE = DEFINED (_STACK_SIZE)?_STACK_SIZE:0x2000
                0x0000000000100000                _HEAP_SIZE = DEFINED (_HEAP_SIZE)?_HEAP_SIZE:0x100000
                0x0000000000000400                _ABORT_STACK_SIZE = DEFINED (_ABORT_STACK_SIZE)?_ABORT_STACK_SIZE:0x400
                0x0000000000000800                _SUPERVISOR_STACK_SIZE = DEFINED (_SUPERVISOR_STACK_SIZE)?_SUPERVISOR_STACK_SIZE:0x800
                0x0000000000000400                _IRQ_STACK_SIZE = DEFINED (_IRQ_STACK_SIZE)?_IRQ_STACK_SIZE:0x400
                0x0000000000000400                _FIQ_STACK_SIZE = DEFINED (_FIQ_STACK_SIZE)?_FIQ_STACK_SIZE:0x400
                0x0000000000000400                _UNDEF_STACK_SIZE = DEFINED (_UNDEF_STACK_SIZE)?_UNDEF_STACK_SIZE:0x400

.text           0x0000000003800000     0x7ca0
 *(.vectors)
 *(.boot_data)
 .boot_data     0x0000000003800000       0x20 /Users/sunnyhan/Library/Application Support/Code/User/globalStorage/vexrobotics.vexcode/sdk/cpp/V5/V5_20240802_15_00_00/vexv5/libv5rt.a(v5_startup.c.obj)
                0x0000000003800000                vexCodeSig
                0x0000000000000020                . = 0x20
 *(.boot)
 .boot          0x0000000003800020       0xbc /Users/sunnyhan/Library/Application Support/Code/User/globalStorage/vexrobotics.vexcode/sdk/cpp/V5/V5_20240802_15_00_00/vexv5/libv5rt.a(v5_startup.c.obj)
                0x0000000003800020                vexStartup
                0x0000000003800100                . = ALIGN (0x40)
 *fill*         0x00000000038000dc       0x24 
 *(.freertos_vectors)
 *(.text)
 .text          0x0000000003800100       0x9a /Users/sunnyhan/Library/Application Support/Code/User/globalStorage/vexrobotics.vexcode/sdk/cpp/V5/V5_20240802_15_00_00/vexv5/gcc/libs/libc.a(lib_a-aeabi_memset-soft.o)
                0x0000000003800100                __aeabi_memset4
                0x0000000003800100                __aeabi_memset8
                0x0000000003800100                __aeabi_memset
 *(.text.*)
 *fill*         0x000000000380019a        0x2 
 .text._ZN7DualGPSC2ERN3vex3gpsES2_RNS0_8inertialENS0_13distanceUnitsE
                0x000000000380019c       0x78 build/src/DualGPS.o
                0x000000000380019c                DualGPS::DualGPS(vex::gps&, vex::gps&, vex::inertial&, vex::distanceUnits)
                0x000000000380019c                DualGPS::DualGPS(vex::gps&, vex::gps&, vex::inertial&, vex::distanceUnits)
 .text._ZN7DualGPS12updateThreadEPv
                0x0000000003800214       0x20 build/src/DualGPS.o
                0x0000000003800214                DualGPS::updateThread(void*)
 .text._ZN7DualGPSD2Ev
                0x0000000003800234       0x48 build/src/DualGPS.o
                0x0000000003800234                DualGPS::~DualGPS()
                0x0000000003800234                DualGPS::~DualGPS()
 *fill*         0x000000000380027c        0x4 
 .text._ZN7DualGPS14updatePositionEv
                0x0000000003800280      0x298 build/src/DualGPS.o
                0x0000000003800280                DualGPS::updatePosition()
 .text._ZN7DualGPS9xPositionEv
                0x0000000003800518       0x34 build/src/DualGPS.o
                0x0000000003800518                DualGPS::xPosition()
 .text._ZN7DualGPS9yPositionEv
                0x000000000380054c       0x34 build/src/DualGPS.o
                0x000000000380054c                DualGPS::yPosition()
 .text._ZN7DualGPS7headingEv
                0x0000000003800580       0x34 build/src/DualGPS.o
                0x0000000003800580                DualGPS::heading()
 .text._ZN7DualGPS13isCalibratingEv
                0x00000000038005b4       0x40 build/src/DualGPS.o
                0x00000000038005b4                DualGPS::isCalibrating()
 .text._GLOBAL__sub_I_ai_functions.cpp
                0x00000000038005f4       0x34 build/src/ai_functions.o
 .text._ZN2ai6jetsonC2Ev
                0x0000000003800628       0x60 build/src/ai_jetson.o
                0x0000000003800628                ai::jetson::jetson()
                0x0000000003800628                ai::jetson::jetson()
 .text._ZN2ai6jetson12receive_taskEPv
                0x0000000003800688       0x58 build/src/ai_jetson.o
                0x0000000003800688                ai::jetson::receive_task(void*)
 .text._ZN2ai6jetsonD2Ev
                0x00000000038006e0       0x28 build/src/ai_jetson.o
                0x00000000038006e0                ai::jetson::~jetson()
                0x00000000038006e0                ai::jetson::~jetson()
 .text._ZN2ai6jetson11get_packetsEv
                0x0000000003800708        0x8 build/src/ai_jetson.o
                0x0000000003800708                ai::jetson::get_packets()
 .text._ZN2ai6jetson10get_errorsEv
                0x0000000003800710        0x8 build/src/ai_jetson.o
                0x0000000003800710                ai::jetson::get_errors()
 .text._ZN2ai6jetson12get_timeoutsEv
                0x0000000003800718        0x8 build/src/ai_jetson.o
                0x0000000003800718                ai::jetson::get_timeouts()
 .text._ZN2ai6jetson9get_totalEv
                0x0000000003800720        0x8 build/src/ai_jetson.o
                0x0000000003800720                ai::jetson::get_total()
 .text._ZN2ai6jetson8get_dataEP9AI_RECORD
                0x0000000003800728       0x5c build/src/ai_jetson.o
                0x0000000003800728                ai::jetson::get_data(AI_RECORD*)
 .text._ZN2ai6jetson5crc32EPhmm
                0x0000000003800784       0x84 build/src/ai_jetson.o
                0x0000000003800784                ai::jetson::crc32(unsigned char*, unsigned long, unsigned long)
 .text._ZN2ai6jetson5parseEh
                0x0000000003800808      0x31c build/src/ai_jetson.o
                0x0000000003800808                ai::jetson::parse(unsigned char)
 .text._ZN2ai6jetson11request_mapEv
                0x0000000003800b24       0x88 build/src/ai_jetson.o
                0x0000000003800b24                ai::jetson::request_map()
 .text._ZN2ai10robot_linkC2ElPKcN3vex8linkTypeE
                0x0000000003800bac       0x98 build/src/ai_robot_link.o
                0x0000000003800bac                ai::robot_link::robot_link(long, char const*, vex::linkType)
                0x0000000003800bac                ai::robot_link::robot_link(long, char const*, vex::linkType)
 .text._ZN2ai10robot_link7tx_taskEPv
                0x0000000003800c44       0xe0 build/src/ai_robot_link.o
                0x0000000003800c44                ai::robot_link::tx_task(void*)
 .text._ZN2ai10robot_link7rx_taskEPv
                0x0000000003800d24       0x8c build/src/ai_robot_link.o
                0x0000000003800d24                ai::robot_link::rx_task(void*)
 .text._ZN2ai10robot_linkD2Ev
                0x0000000003800db0       0x4c build/src/ai_robot_link.o
                0x0000000003800db0                ai::robot_link::~robot_link()
                0x0000000003800db0                ai::robot_link::~robot_link()
 .text._ZN2ai10robot_linkD0Ev
                0x0000000003800dfc       0x14 build/src/ai_robot_link.o
                0x0000000003800dfc                ai::robot_link::~robot_link()
 .text._ZN2ai10robot_link11get_packetsEv
                0x0000000003800e10        0x8 build/src/ai_robot_link.o
                0x0000000003800e10                ai::robot_link::get_packets()
 .text._ZN2ai10robot_link10get_errorsEv
                0x0000000003800e18        0x8 build/src/ai_robot_link.o
                0x0000000003800e18                ai::robot_link::get_errors()
 .text._ZN2ai10robot_link12get_timeoutsEv
                0x0000000003800e20        0x8 build/src/ai_robot_link.o
                0x0000000003800e20                ai::robot_link::get_timeouts()
 .text._ZN2ai10robot_link9get_totalEv
                0x0000000003800e28        0x8 build/src/ai_robot_link.o
                0x0000000003800e28                ai::robot_link::get_total()
 .text._ZN2ai10robot_link19set_remote_locationEfffl
                0x0000000003800e30       0x78 build/src/ai_robot_link.o
                0x0000000003800e30                ai::robot_link::set_remote_location(float, float, float, long)
 .text._ZN2ai10robot_link18get_local_locationERfS1_S1_Rl
                0x0000000003800ea8       0x88 build/src/ai_robot_link.o
                0x0000000003800ea8                ai::robot_link::get_local_location(float&, float&, float&, long&)
 .text._ZN2ai10robot_link19get_remote_locationERfS1_S1_
                0x0000000003800f30       0x7c build/src/ai_robot_link.o
                0x0000000003800f30                ai::robot_link::get_remote_location(float&, float&, float&)
 .text._ZN2ai10robot_link7processEh
                0x0000000003800fac      0x258 build/src/ai_robot_link.o
                0x0000000003800fac                ai::robot_link::process(unsigned char)
 .text._GLOBAL__sub_I_astar_test.cpp
                0x0000000003801204       0x34 build/src/astar_test.o
 .text._GLOBAL__sub_I_color.cpp
                0x0000000003801238       0x4c build/src/color.o
 .text._Z13dashboardTaskv
                0x0000000003801284      0x7cc build/src/dashboard.o
                0x0000000003801284                dashboardTask()
 .text._ZN3vex11motor_groupC2IJNS_5motorES2_EEERS2_DpRT_
                0x0000000003801a50       0x44 build/src/main.o
                0x0000000003801a50                vex::motor_group::motor_group<vex::motor, vex::motor>(vex::motor&, vex::motor&, vex::motor&)
 .text._ZN5DriveD2Ev
                0x0000000003801a94       0x7c build/src/main.o
                0x0000000003801a94                Drive::~Drive()
 .text._Z16configureChassisv
                0x0000000003801b10      0x114 build/src/main.o
                0x0000000003801b10                configureChassis()
 .text.main     0x0000000003801c24      0x108 build/src/main.o
                0x0000000003801c24                main
 .text._GLOBAL__sub_I_main.cpp
                0x0000000003801d2c      0x728 build/src/main.o
 *fill*         0x0000000003802454        0x4 
 .text._ZN5DriveC2E11drive_setupN3vex11motor_groupES2_ifffiiiiiffiff
                0x0000000003802458      0x268 build/src/JAR-Template/drive.o
                0x0000000003802458                Drive::Drive(drive_setup, vex::motor_group, vex::motor_group, int, float, float, float, int, int, int, int, int, float, float, int, float, float)
                0x0000000003802458                Drive::Drive(drive_setup, vex::motor_group, vex::motor_group, int, float, float, float, int, int, int, int, int, float, float, int, float, float)
 .text._ZN5Drive18set_turn_constantsEfffff
                0x00000000038026c0       0x1c build/src/JAR-Template/drive.o
                0x00000000038026c0                Drive::set_turn_constants(float, float, float, float, float)
 .text._ZN5Drive19set_drive_constantsEfffff
                0x00000000038026dc       0x1c build/src/JAR-Template/drive.o
                0x00000000038026dc                Drive::set_drive_constants(float, float, float, float, float)
 .text._ZN5Drive21set_heading_constantsEfffff
                0x00000000038026f8       0x1c build/src/JAR-Template/drive.o
                0x00000000038026f8                Drive::set_heading_constants(float, float, float, float, float)
 .text._ZN5Drive19set_swing_constantsEfffff
                0x0000000003802714       0x1c build/src/JAR-Template/drive.o
                0x0000000003802714                Drive::set_swing_constants(float, float, float, float, float)
 .text._ZN5Drive24set_turn_exit_conditionsEfff
                0x0000000003802730        0xc build/src/JAR-Template/drive.o
                0x0000000003802730                Drive::set_turn_exit_conditions(float, float, float)
 .text._ZN5Drive25set_drive_exit_conditionsEfff
                0x000000000380273c        0xc build/src/JAR-Template/drive.o
                0x000000000380273c                Drive::set_drive_exit_conditions(float, float, float)
 .text._ZN5Drive25set_swing_exit_conditionsEfff
                0x0000000003802748        0xc build/src/JAR-Template/drive.o
                0x0000000003802748                Drive::set_swing_exit_conditions(float, float, float)
 .text._ZN4Odom22set_physical_distancesEff
                0x0000000003802754        0x8 build/src/JAR-Template/odom.o
                0x0000000003802754                Odom::set_physical_distances(float, float)
 .text._Z11is_reversedd
                0x000000000380275c       0x18 build/src/JAR-Template/util.o
                0x000000000380275c                is_reversed(double)
 .text._Z7to_porti
                0x0000000003802774       0x10 build/src/JAR-Template/util.o
                0x0000000003802774                to_port(int)
 .text.vexMain  0x0000000003802784       0xb0 /Users/sunnyhan/Library/Application Support/Code/User/globalStorage/vexrobotics.vexcode/sdk/cpp/V5/V5_20240802_15_00_00/vexv5/libv5rt.a(v5_startup.c.obj)
                0x0000000003802784                vexMain
 .text.__vex_function_prolog
                0x0000000003802834       0x18 /Users/sunnyhan/Library/Application Support/Code/User/globalStorage/vexrobotics.vexcode/sdk/cpp/V5/V5_20240802_15_00_00/vexv5/libv5rt.a(v5_startup.c.obj)
                0x0000000003802834                __vex_function_prolog
 .text._init    0x000000000380284c        0x4 /Users/sunnyhan/Library/Application Support/Code/User/globalStorage/vexrobotics.vexcode/sdk/cpp/V5/V5_20240802_15_00_00/vexv5/libv5rt.a(v5_startup.c.obj)
                0x000000000380284c                _init
 .text._fini    0x0000000003802850        0x4 /Users/sunnyhan/Library/Application Support/Code/User/globalStorage/vexrobotics.vexcode/sdk/cpp/V5/V5_20240802_15_00_00/vexv5/libv5rt.a(v5_startup.c.obj)
                0x0000000003802850                _fini
 .text.vexStdlibVersionLinked
                0x0000000003802854        0xc /Users/sunnyhan/Library/Application Support/Code/User/globalStorage/vexrobotics.vexcode/sdk/cpp/V5/V5_20240802_15_00_00/vexv5/libv5rt.a(v5_util.c.obj)
                0x0000000003802854                vexStdlibVersionLinked
 .text.vexStdlibVersionVerify
                0x0000000003802860       0x30 /Users/sunnyhan/Library/Application Support/Code/User/globalStorage/vexrobotics.vexcode/sdk/cpp/V5/V5_20240802_15_00_00/vexv5/libv5rt.a(v5_util.c.obj)
                0x0000000003802860                vexStdlibVersionVerify
 .text.vexPrivateApiEnable
                0x0000000003802890       0x10 /Users/sunnyhan/Library/Application Support/Code/User/globalStorage/vexrobotics.vexcode/sdk/cpp/V5/V5_20240802_15_00_00/vexv5/libv5rt.a(v5_apijump.c.obj)
                0x0000000003802890                vexPrivateApiEnable
 .text.vexStdlibMismatchError
                0x00000000038028a0       0x3c /Users/sunnyhan/Library/Application Support/Code/User/globalStorage/vexrobotics.vexcode/sdk/cpp/V5/V5_20240802_15_00_00/vexv5/libv5rt.a(v5_apijump.c.obj)
                0x00000000038028a0                vexStdlibMismatchError
 .text.vexTaskAdd
                0x00000000038028dc       0x10 /Users/sunnyhan/Library/Application Support/Code/User/globalStorage/vexrobotics.vexcode/sdk/cpp/V5/V5_20240802_15_00_00/vexv5/libv5rt.a(v5_apijump.c.obj)
                0x00000000038028dc                vexTaskAdd
 .text.vexTasksRun
                0x00000000038028ec       0x10 /Users/sunnyhan/Library/Application Support/Code/User/globalStorage/vexrobotics.vexcode/sdk/cpp/V5/V5_20240802_15_00_00/vexv5/libv5rt.a(v5_apijump.c.obj)
                0x00000000038028ec                vexTasksRun
 .text.vexTaskYield
                0x00000000038028fc       0x10 /Users/sunnyhan/Library/Application Support/Code/User/globalStorage/vexrobotics.vexcode/sdk/cpp/V5/V5_20240802_15_00_00/vexv5/libv5rt.a(v5_apijump.c.obj)
                0x00000000038028fc                vexTaskYield
 .text.vexTaskCheckTimeslice
                0x000000000380290c       0x10 /Users/sunnyhan/Library/Application Support/Code/User/globalStorage/vexrobotics.vexcode/sdk/cpp/V5/V5_20240802_15_00_00/vexv5/libv5rt.a(v5_apijump.c.obj)
                0x000000000380290c                vexTaskCheckTimeslice
 .text.vexTaskGetIndex
                0x000000000380291c       0x10 /Users/sunnyhan/Library/Application Support/Code/User/globalStorage/vexrobotics.vexcode/sdk/cpp/V5/V5_20240802_15_00_00/vexv5/libv5rt.a(v5_apijump.c.obj)
                0x000000000380291c                vexTaskGetIndex
 .text.vexTaskSleep
                0x000000000380292c       0x10 /Users/sunnyhan/Library/Application Support/Code/User/globalStorage/vexrobotics.vexcode/sdk/cpp/V5/V5_20240802_15_00_00/vexv5/libv5rt.a(v5_apijump.c.obj)
                0x000000000380292c                vexTaskSleep
 .text.vexSemaphoreInit
                0x000000000380293c       0x24 /Users/sunnyhan/Library/Application Support/Code/User/globalStorage/vexrobotics.vexcode/sdk/cpp/V5/V5_20240802_15_00_00/vexv5/libv5rt.a(v5_apijump.c.obj)
                0x000000000380293c                vexSemaphoreInit
 .text.vexSemaphoreLock
                0x0000000003802960       0x2c /Users/sunnyhan/Library/Application Support/Code/User/globalStorage/vexrobotics.vexcode/sdk/cpp/V5/V5_20240802_15_00_00/vexv5/libv5rt.a(v5_apijump.c.obj)
                0x0000000003802960                vexSemaphoreLock
 .text.vexSemaphoreUnlock
                0x000000000380298c       0x24 /Users/sunnyhan/Library/Application Support/Code/User/globalStorage/vexrobotics.vexcode/sdk/cpp/V5/V5_20240802_15_00_00/vexv5/libv5rt.a(v5_apijump.c.obj)
                0x000000000380298c                vexSemaphoreUnlock
 .text.vexTasksDump
                0x00000000038029b0       0x1c /Users/sunnyhan/Library/Application Support/Code/User/globalStorage/vexrobotics.vexcode/sdk/cpp/V5/V5_20240802_15_00_00/vexv5/libv5rt.a(v5_apijump.c.obj)
                0x00000000038029b0                vexTasksDump
 .text.vexTaskStateGet
                0x00000000038029cc       0x10 /Users/sunnyhan/Library/Application Support/Code/User/globalStorage/vexrobotics.vexcode/sdk/cpp/V5/V5_20240802_15_00_00/vexv5/libv5rt.a(v5_apijump.c.obj)
                0x00000000038029cc                vexTaskStateGet
 .text.vexTaskGetTaskIndex
                0x00000000038029dc       0x10 /Users/sunnyhan/Library/Application Support/Code/User/globalStorage/vexrobotics.vexcode/sdk/cpp/V5/V5_20240802_15_00_00/vexv5/libv5rt.a(v5_apijump.c.obj)
                0x00000000038029dc                vexTaskGetTaskIndex
 .text.vexTaskStopAll
                0x00000000038029ec       0x10 /Users/sunnyhan/Library/Application Support/Code/User/globalStorage/vexrobotics.vexcode/sdk/cpp/V5/V5_20240802_15_00_00/vexv5/libv5rt.a(v5_apijump.c.obj)
                0x00000000038029ec                vexTaskStopAll
 .text.vexTaskRemoveAllUser
                0x00000000038029fc       0x34 /Users/sunnyhan/Library/Application Support/Code/User/globalStorage/vexrobotics.vexcode/sdk/cpp/V5/V5_20240802_15_00_00/vexv5/libv5rt.a(v5_apijump.c.obj)
                0x00000000038029fc                vexTaskRemoveAllUser
 .text.vexTaskCompletionIdSet
                0x0000000003802a30       0x10 /Users/sunnyhan/Library/Application Support/Code/User/globalStorage/vexrobotics.vexcode/sdk/cpp/V5/V5_20240802_15_00_00/vexv5/libv5rt.a(v5_apijump.c.obj)
                0x0000000003802a30                vexTaskCompletionIdSet
 .text.vexTaskAddWithArg
                0x0000000003802a40       0x10 /Users/sunnyhan/Library/Application Support/Code/User/globalStorage/vexrobotics.vexcode/sdk/cpp/V5/V5_20240802_15_00_00/vexv5/libv5rt.a(v5_apijump.c.obj)
                0x0000000003802a40                vexTaskAddWithArg
 .text.vexTaskStopWithId
                0x0000000003802a50       0x10 /Users/sunnyhan/Library/Application Support/Code/User/globalStorage/vexrobotics.vexcode/sdk/cpp/V5/V5_20240802_15_00_00/vexv5/libv5rt.a(v5_apijump.c.obj)
                0x0000000003802a50                vexTaskStopWithId
 .text.vexTaskPrioritySetWithId
                0x0000000003802a60       0x10 /Users/sunnyhan/Library/Application Support/Code/User/globalStorage/vexrobotics.vexcode/sdk/cpp/V5/V5_20240802_15_00_00/vexv5/libv5rt.a(v5_apijump.c.obj)
                0x0000000003802a60                vexTaskPrioritySetWithId
 .text.vexTaskGetCallbackAndId
                0x0000000003802a70       0x54 /Users/sunnyhan/Library/Application Support/Code/User/globalStorage/vexrobotics.vexcode/sdk/cpp/V5/V5_20240802_15_00_00/vexv5/libv5rt.a(v5_apijump.c.obj)
                0x0000000003802a70                vexTaskGetCallbackAndId
 .text.vexCriticalSection
                0x0000000003802ac4       0x2c /Users/sunnyhan/Library/Application Support/Code/User/globalStorage/vexrobotics.vexcode/sdk/cpp/V5/V5_20240802_15_00_00/vexv5/libv5rt.a(v5_apijump.c.obj)
                0x0000000003802ac4                vexCriticalSection
 .text.vexEventAdd
                0x0000000003802af0       0x34 /Users/sunnyhan/Library/Application Support/Code/User/globalStorage/vexrobotics.vexcode/sdk/cpp/V5/V5_20240802_15_00_00/vexv5/libv5rt.a(v5_apijump.c.obj)
                0x0000000003802af0                vexEventAdd
 .text.vexEventUserIndexGet
                0x0000000003802b24       0x1c /Users/sunnyhan/Library/Application Support/Code/User/globalStorage/vexrobotics.vexcode/sdk/cpp/V5/V5_20240802_15_00_00/vexv5/libv5rt.a(v5_apijump.c.obj)
                0x0000000003802b24                vexEventUserIndexGet
 .text.vexEventAddWithArg
                0x0000000003802b40       0x3c /Users/sunnyhan/Library/Application Support/Code/User/globalStorage/vexrobotics.vexcode/sdk/cpp/V5/V5_20240802_15_00_00/vexv5/libv5rt.a(v5_apijump.c.obj)
                0x0000000003802b40                vexEventAddWithArg
 .text.vexEventsCleanup
                0x0000000003802b7c       0x2c /Users/sunnyhan/Library/Application Support/Code/User/globalStorage/vexrobotics.vexcode/sdk/cpp/V5/V5_20240802_15_00_00/vexv5/libv5rt.a(v5_apijump.c.obj)
                0x0000000003802b7c                vexEventsCleanup
 .text.vexDebug
                0x0000000003802ba8       0x38 /Users/sunnyhan/Library/Application Support/Code/User/globalStorage/vexrobotics.vexcode/sdk/cpp/V5/V5_20240802_15_00_00/vexv5/libv5rt.a(v5_apijump.c.obj)
                0x0000000003802ba8                vexDebug
 .text.vex_sprintf
                0x0000000003802be0       0x40 /Users/sunnyhan/Library/Application Support/Code/User/globalStorage/vexrobotics.vexcode/sdk/cpp/V5/V5_20240802_15_00_00/vexv5/libv5rt.a(v5_apijump.c.obj)
                0x0000000003802be0                vex_sprintf
 .text.vexSystemTimeGet
                0x0000000003802c20       0x1c /Users/sunnyhan/Library/Application Support/Code/User/globalStorage/vexrobotics.vexcode/sdk/cpp/V5/V5_20240802_15_00_00/vexv5/libv5rt.a(v5_apijump.c.obj)
                0x0000000003802c20                vexSystemTimeGet
 .text.vexSystemExitRequest
                0x0000000003802c3c       0x1c /Users/sunnyhan/Library/Application Support/Code/User/globalStorage/vexrobotics.vexcode/sdk/cpp/V5/V5_20240802_15_00_00/vexv5/libv5rt.a(v5_apijump.c.obj)
                0x0000000003802c3c                vexSystemExitRequest
 .text.vexDeviceGetByIndex
                0x0000000003802c58       0x24 /Users/sunnyhan/Library/Application Support/Code/User/globalStorage/vexrobotics.vexcode/sdk/cpp/V5/V5_20240802_15_00_00/vexv5/libv5rt.a(v5_apijump.c.obj)
                0x0000000003802c58                vexDeviceGetByIndex
 .text.vexDeviceGetTimestamp
                0x0000000003802c7c       0x3c /Users/sunnyhan/Library/Application Support/Code/User/globalStorage/vexrobotics.vexcode/sdk/cpp/V5/V5_20240802_15_00_00/vexv5/libv5rt.a(v5_apijump.c.obj)
                0x0000000003802c7c                vexDeviceGetTimestamp
 .text.vexDeviceAdiPortConfigSet
                0x0000000003802cb8       0x34 /Users/sunnyhan/Library/Application Support/Code/User/globalStorage/vexrobotics.vexcode/sdk/cpp/V5/V5_20240802_15_00_00/vexv5/libv5rt.a(v5_apijump.c.obj)
                0x0000000003802cb8                vexDeviceAdiPortConfigSet
 .text.vexDeviceAdiPortConfigGet
                0x0000000003802cec       0x2c /Users/sunnyhan/Library/Application Support/Code/User/globalStorage/vexrobotics.vexcode/sdk/cpp/V5/V5_20240802_15_00_00/vexv5/libv5rt.a(v5_apijump.c.obj)
                0x0000000003802cec                vexDeviceAdiPortConfigGet
 .text.vexDeviceMotorVelocitySet
                0x0000000003802d18       0x2c /Users/sunnyhan/Library/Application Support/Code/User/globalStorage/vexrobotics.vexcode/sdk/cpp/V5/V5_20240802_15_00_00/vexv5/libv5rt.a(v5_apijump.c.obj)
                0x0000000003802d18                vexDeviceMotorVelocitySet
 .text.vexDeviceMotorVelocityGet
                0x0000000003802d44       0x24 /Users/sunnyhan/Library/Application Support/Code/User/globalStorage/vexrobotics.vexcode/sdk/cpp/V5/V5_20240802_15_00_00/vexv5/libv5rt.a(v5_apijump.c.obj)
                0x0000000003802d44                vexDeviceMotorVelocityGet
 .text.vexDeviceMotorActualVelocityGet
                0x0000000003802d68       0x24 /Users/sunnyhan/Library/Application Support/Code/User/globalStorage/vexrobotics.vexcode/sdk/cpp/V5/V5_20240802_15_00_00/vexv5/libv5rt.a(v5_apijump.c.obj)
                0x0000000003802d68                vexDeviceMotorActualVelocityGet
 .text.vexDeviceMotorModeGet
                0x0000000003802d8c       0x24 /Users/sunnyhan/Library/Application Support/Code/User/globalStorage/vexrobotics.vexcode/sdk/cpp/V5/V5_20240802_15_00_00/vexv5/libv5rt.a(v5_apijump.c.obj)
                0x0000000003802d8c                vexDeviceMotorModeGet
 .text.vexDeviceMotorZeroPositionFlagGet
                0x0000000003802db0       0x24 /Users/sunnyhan/Library/Application Support/Code/User/globalStorage/vexrobotics.vexcode/sdk/cpp/V5/V5_20240802_15_00_00/vexv5/libv5rt.a(v5_apijump.c.obj)
                0x0000000003802db0                vexDeviceMotorZeroPositionFlagGet
 .text.vexDeviceMotorReverseFlagSet
                0x0000000003802dd4       0x2c /Users/sunnyhan/Library/Application Support/Code/User/globalStorage/vexrobotics.vexcode/sdk/cpp/V5/V5_20240802_15_00_00/vexv5/libv5rt.a(v5_apijump.c.obj)
                0x0000000003802dd4                vexDeviceMotorReverseFlagSet
 .text.vexDeviceMotorEncoderUnitsSet
                0x0000000003802e00       0x2c /Users/sunnyhan/Library/Application Support/Code/User/globalStorage/vexrobotics.vexcode/sdk/cpp/V5/V5_20240802_15_00_00/vexv5/libv5rt.a(v5_apijump.c.obj)
                0x0000000003802e00                vexDeviceMotorEncoderUnitsSet
 .text.vexDeviceMotorBrakeModeSet
                0x0000000003802e2c       0x2c /Users/sunnyhan/Library/Application Support/Code/User/globalStorage/vexrobotics.vexcode/sdk/cpp/V5/V5_20240802_15_00_00/vexv5/libv5rt.a(v5_apijump.c.obj)
                0x0000000003802e2c                vexDeviceMotorBrakeModeSet
 .text.vexDeviceMotorPositionSet
                0x0000000003802e58       0x34 /Users/sunnyhan/Library/Application Support/Code/User/globalStorage/vexrobotics.vexcode/sdk/cpp/V5/V5_20240802_15_00_00/vexv5/libv5rt.a(v5_apijump.c.obj)
                0x0000000003802e58                vexDeviceMotorPositionSet
 .text.vexDeviceMotorRelativeTargetSet
                0x0000000003802e8c       0x3c /Users/sunnyhan/Library/Application Support/Code/User/globalStorage/vexrobotics.vexcode/sdk/cpp/V5/V5_20240802_15_00_00/vexv5/libv5rt.a(v5_apijump.c.obj)
                0x0000000003802e8c                vexDeviceMotorRelativeTargetSet
 .text.vexDeviceMotorGearingSet
                0x0000000003802ec8       0x2c /Users/sunnyhan/Library/Application Support/Code/User/globalStorage/vexrobotics.vexcode/sdk/cpp/V5/V5_20240802_15_00_00/vexv5/libv5rt.a(v5_apijump.c.obj)
                0x0000000003802ec8                vexDeviceMotorGearingSet
 .text.vexDeviceMotorGearingGet
                0x0000000003802ef4       0x24 /Users/sunnyhan/Library/Application Support/Code/User/globalStorage/vexrobotics.vexcode/sdk/cpp/V5/V5_20240802_15_00_00/vexv5/libv5rt.a(v5_apijump.c.obj)
                0x0000000003802ef4                vexDeviceMotorGearingGet
 .text.vexDeviceImuReset
                0x0000000003802f18       0x24 /Users/sunnyhan/Library/Application Support/Code/User/globalStorage/vexrobotics.vexcode/sdk/cpp/V5/V5_20240802_15_00_00/vexv5/libv5rt.a(v5_apijump.c.obj)
                0x0000000003802f18                vexDeviceImuReset
 .text.vexDeviceImuHeadingGet
                0x0000000003802f3c       0x24 /Users/sunnyhan/Library/Application Support/Code/User/globalStorage/vexrobotics.vexcode/sdk/cpp/V5/V5_20240802_15_00_00/vexv5/libv5rt.a(v5_apijump.c.obj)
                0x0000000003802f3c                vexDeviceImuHeadingGet
 .text.vexDeviceImuDegreesGet
                0x0000000003802f60       0x24 /Users/sunnyhan/Library/Application Support/Code/User/globalStorage/vexrobotics.vexcode/sdk/cpp/V5/V5_20240802_15_00_00/vexv5/libv5rt.a(v5_apijump.c.obj)
                0x0000000003802f60                vexDeviceImuDegreesGet
 .text.vexDeviceImuStatusGet
                0x0000000003802f84       0x24 /Users/sunnyhan/Library/Application Support/Code/User/globalStorage/vexrobotics.vexcode/sdk/cpp/V5/V5_20240802_15_00_00/vexv5/libv5rt.a(v5_apijump.c.obj)
                0x0000000003802f84                vexDeviceImuStatusGet
 .text.vexDeviceAbsEncAngleGet
                0x0000000003802fa8       0x24 /Users/sunnyhan/Library/Application Support/Code/User/globalStorage/vexrobotics.vexcode/sdk/cpp/V5/V5_20240802_15_00_00/vexv5/libv5rt.a(v5_apijump.c.obj)
                0x0000000003802fa8                vexDeviceAbsEncAngleGet
 .text.vexDeviceAbsEncReverseFlagSet
                0x0000000003802fcc       0x2c /Users/sunnyhan/Library/Application Support/Code/User/globalStorage/vexrobotics.vexcode/sdk/cpp/V5/V5_20240802_15_00_00/vexv5/libv5rt.a(v5_apijump.c.obj)
                0x0000000003802fcc                vexDeviceAbsEncReverseFlagSet
 .text.vexDeviceOpticalHueGet
                0x0000000003802ff8       0x24 /Users/sunnyhan/Library/Application Support/Code/User/globalStorage/vexrobotics.vexcode/sdk/cpp/V5/V5_20240802_15_00_00/vexv5/libv5rt.a(v5_apijump.c.obj)
                0x0000000003802ff8                vexDeviceOpticalHueGet
 .text.vexDeviceOpticalGestureEnable
                0x000000000380301c       0x24 /Users/sunnyhan/Library/Application Support/Code/User/globalStorage/vexrobotics.vexcode/sdk/cpp/V5/V5_20240802_15_00_00/vexv5/libv5rt.a(v5_apijump.c.obj)
                0x000000000380301c                vexDeviceOpticalGestureEnable
 .text.vexDeviceOpticalGestureDisable
                0x0000000003803040       0x24 /Users/sunnyhan/Library/Application Support/Code/User/globalStorage/vexrobotics.vexcode/sdk/cpp/V5/V5_20240802_15_00_00/vexv5/libv5rt.a(v5_apijump.c.obj)
                0x0000000003803040                vexDeviceOpticalGestureDisable
 .text.vexDeviceOpticalProximityThreshold
                0x0000000003803064       0x2c /Users/sunnyhan/Library/Application Support/Code/User/globalStorage/vexrobotics.vexcode/sdk/cpp/V5/V5_20240802_15_00_00/vexv5/libv5rt.a(v5_apijump.c.obj)
                0x0000000003803064                vexDeviceOpticalProximityThreshold
 .text.vexDeviceGpsReset
                0x0000000003803090       0x38 /Users/sunnyhan/Library/Application Support/Code/User/globalStorage/vexrobotics.vexcode/sdk/cpp/V5/V5_20240802_15_00_00/vexv5/libv5rt.a(v5_apijump.c.obj)
                0x0000000003803090                vexDeviceGpsReset
 .text.vexDeviceGpsHeadingGet
                0x00000000038030c8       0x44 /Users/sunnyhan/Library/Application Support/Code/User/globalStorage/vexrobotics.vexcode/sdk/cpp/V5/V5_20240802_15_00_00/vexv5/libv5rt.a(v5_apijump.c.obj)
                0x00000000038030c8                vexDeviceGpsHeadingGet
 .text.vexDeviceGpsDegreesGet
                0x000000000380310c       0x44 /Users/sunnyhan/Library/Application Support/Code/User/globalStorage/vexrobotics.vexcode/sdk/cpp/V5/V5_20240802_15_00_00/vexv5/libv5rt.a(v5_apijump.c.obj)
                0x000000000380310c                vexDeviceGpsDegreesGet
 .text.vexDeviceGpsAttitudeGet
                0x0000000003803150      0x198 /Users/sunnyhan/Library/Application Support/Code/User/globalStorage/vexrobotics.vexcode/sdk/cpp/V5/V5_20240802_15_00_00/vexv5/libv5rt.a(v5_apijump.c.obj)
                0x0000000003803150                vexDeviceGpsAttitudeGet
 .text.vexDeviceGpsStatusGet
                0x00000000038032e8       0x40 /Users/sunnyhan/Library/Application Support/Code/User/globalStorage/vexrobotics.vexcode/sdk/cpp/V5/V5_20240802_15_00_00/vexv5/libv5rt.a(v5_apijump.c.obj)
                0x00000000038032e8                vexDeviceGpsStatusGet
 .text.vexDeviceGpsModeSet
                0x0000000003803328       0x40 /Users/sunnyhan/Library/Application Support/Code/User/globalStorage/vexrobotics.vexcode/sdk/cpp/V5/V5_20240802_15_00_00/vexv5/libv5rt.a(v5_apijump.c.obj)
                0x0000000003803328                vexDeviceGpsModeSet
 .text.vexDeviceGpsOriginSet
                0x0000000003803368       0x50 /Users/sunnyhan/Library/Application Support/Code/User/globalStorage/vexrobotics.vexcode/sdk/cpp/V5/V5_20240802_15_00_00/vexv5/libv5rt.a(v5_apijump.c.obj)
                0x0000000003803368                vexDeviceGpsOriginSet
 .text.vexDeviceGpsRotationSet
                0x00000000038033b8       0x48 /Users/sunnyhan/Library/Application Support/Code/User/globalStorage/vexrobotics.vexcode/sdk/cpp/V5/V5_20240802_15_00_00/vexv5/libv5rt.a(v5_apijump.c.obj)
                0x00000000038033b8                vexDeviceGpsRotationSet
 .text.vexDeviceGpsRotationGet
                0x0000000003803400       0x44 /Users/sunnyhan/Library/Application Support/Code/User/globalStorage/vexrobotics.vexcode/sdk/cpp/V5/V5_20240802_15_00_00/vexv5/libv5rt.a(v5_apijump.c.obj)
                0x0000000003803400                vexDeviceGpsRotationGet
 .text.vexDeviceGpsErrorGet
                0x0000000003803444       0x44 /Users/sunnyhan/Library/Application Support/Code/User/globalStorage/vexrobotics.vexcode/sdk/cpp/V5/V5_20240802_15_00_00/vexv5/libv5rt.a(v5_apijump.c.obj)
                0x0000000003803444                vexDeviceGpsErrorGet
 .text.vexDisplayForegroundColor
                0x0000000003803488       0x24 /Users/sunnyhan/Library/Application Support/Code/User/globalStorage/vexrobotics.vexcode/sdk/cpp/V5/V5_20240802_15_00_00/vexv5/libv5rt.a(v5_apijump.c.obj)
                0x0000000003803488                vexDisplayForegroundColor
 .text.vexDisplayBackgroundColor
                0x00000000038034ac       0x24 /Users/sunnyhan/Library/Application Support/Code/User/globalStorage/vexrobotics.vexcode/sdk/cpp/V5/V5_20240802_15_00_00/vexv5/libv5rt.a(v5_apijump.c.obj)
                0x00000000038034ac                vexDisplayBackgroundColor
 .text.vexDisplayBackgroundColorGet
                0x00000000038034d0       0x1c /Users/sunnyhan/Library/Application Support/Code/User/globalStorage/vexrobotics.vexcode/sdk/cpp/V5/V5_20240802_15_00_00/vexv5/libv5rt.a(v5_apijump.c.obj)
                0x00000000038034d0                vexDisplayBackgroundColorGet
 .text.vexDisplayRectDraw
                0x00000000038034ec       0x4c /Users/sunnyhan/Library/Application Support/Code/User/globalStorage/vexrobotics.vexcode/sdk/cpp/V5/V5_20240802_15_00_00/vexv5/libv5rt.a(v5_apijump.c.obj)
                0x00000000038034ec                vexDisplayRectDraw
 .text.vexDisplayRectClear
                0x0000000003803538       0x4c /Users/sunnyhan/Library/Application Support/Code/User/globalStorage/vexrobotics.vexcode/sdk/cpp/V5/V5_20240802_15_00_00/vexv5/libv5rt.a(v5_apijump.c.obj)
                0x0000000003803538                vexDisplayRectClear
 .text.vexDisplayVPrintf
                0x0000000003803584       0x50 /Users/sunnyhan/Library/Application Support/Code/User/globalStorage/vexrobotics.vexcode/sdk/cpp/V5/V5_20240802_15_00_00/vexv5/libv5rt.a(v5_apijump.c.obj)
                0x0000000003803584                vexDisplayVPrintf
 .text.vexDisplayTextReference
                0x00000000038035d4       0x24 /Users/sunnyhan/Library/Application Support/Code/User/globalStorage/vexrobotics.vexcode/sdk/cpp/V5/V5_20240802_15_00_00/vexv5/libv5rt.a(v5_apijump.c.obj)
                0x00000000038035d4                vexDisplayTextReference
 .text.vexDisplayTextSize
                0x00000000038035f8       0x2c /Users/sunnyhan/Library/Application Support/Code/User/globalStorage/vexrobotics.vexcode/sdk/cpp/V5/V5_20240802_15_00_00/vexv5/libv5rt.a(v5_apijump.c.obj)
                0x00000000038035f8                vexDisplayTextSize
 .text.vexDisplayFontNamedSet
                0x0000000003803624       0x24 /Users/sunnyhan/Library/Application Support/Code/User/globalStorage/vexrobotics.vexcode/sdk/cpp/V5/V5_20240802_15_00_00/vexv5/libv5rt.a(v5_apijump.c.obj)
                0x0000000003803624                vexDisplayFontNamedSet
 .text.vexDisplayPenSizeGet
                0x0000000003803648       0x1c /Users/sunnyhan/Library/Application Support/Code/User/globalStorage/vexrobotics.vexcode/sdk/cpp/V5/V5_20240802_15_00_00/vexv5/libv5rt.a(v5_apijump.c.obj)
                0x0000000003803648                vexDisplayPenSizeGet
 .text.vexSystemStdlibImpureDataAddr
                0x0000000003803664       0x28 /Users/sunnyhan/Library/Application Support/Code/User/globalStorage/vexrobotics.vexcode/sdk/cpp/V5/V5_20240802_15_00_00/vexv5/libv5rt.a(v5_apijump.c.obj)
                0x0000000003803664                vexSystemStdlibImpureDataAddr
 .text.vexSystemStdlibImpureDataSize
                0x000000000380368c       0x28 /Users/sunnyhan/Library/Application Support/Code/User/globalStorage/vexrobotics.vexcode/sdk/cpp/V5/V5_20240802_15_00_00/vexv5/libv5rt.a(v5_apijump.c.obj)
                0x000000000380368c                vexSystemStdlibImpureDataSize
 .text.vexSystemSaveUserData
                0x00000000038036b4       0x3c /Users/sunnyhan/Library/Application Support/Code/User/globalStorage/vexrobotics.vexcode/sdk/cpp/V5/V5_20240802_15_00_00/vexv5/libv5rt.a(v5_apijump.c.obj)
                0x00000000038036b4                vexSystemSaveUserData
 .text.vexDisplayClipRegionSet
                0x00000000038036f0       0x4c /Users/sunnyhan/Library/Application Support/Code/User/globalStorage/vexrobotics.vexcode/sdk/cpp/V5/V5_20240802_15_00_00/vexv5/libv5rt.a(v5_apijump.c.obj)
                0x00000000038036f0                vexDisplayClipRegionSet
 .text.vexDisplayThemeIdGet
                0x000000000380373c       0x38 /Users/sunnyhan/Library/Application Support/Code/User/globalStorage/vexrobotics.vexcode/sdk/cpp/V5/V5_20240802_15_00_00/vexv5/libv5rt.a(v5_apijump.c.obj)
                0x000000000380373c                vexDisplayThemeIdGet
 .text.vexDisplayRender
                0x0000000003803774       0x2c /Users/sunnyhan/Library/Application Support/Code/User/globalStorage/vexrobotics.vexcode/sdk/cpp/V5/V5_20240802_15_00_00/vexv5/libv5rt.a(v5_apijump.c.obj)
                0x0000000003803774                vexDisplayRender
 .text.vexDeviceEventMaskSet
                0x00000000038037a0       0x48 /Users/sunnyhan/Library/Application Support/Code/User/globalStorage/vexrobotics.vexcode/sdk/cpp/V5/V5_20240802_15_00_00/vexv5/libv5rt.a(v5_apijump.c.obj)
                0x00000000038037a0                vexDeviceEventMaskSet
 .text.vexDeviceEventMaskGet
                0x00000000038037e8       0x3c /Users/sunnyhan/Library/Application Support/Code/User/globalStorage/vexrobotics.vexcode/sdk/cpp/V5/V5_20240802_15_00_00/vexv5/libv5rt.a(v5_apijump.c.obj)
                0x00000000038037e8                vexDeviceEventMaskGet
 .text.vexDeviceGenericSerialEnable
                0x0000000003803824       0x2c /Users/sunnyhan/Library/Application Support/Code/User/globalStorage/vexrobotics.vexcode/sdk/cpp/V5/V5_20240802_15_00_00/vexv5/libv5rt.a(v5_apijump.c.obj)
                0x0000000003803824                vexDeviceGenericSerialEnable
 .text.vexDeviceGenericSerialBaudrate
                0x0000000003803850       0x2c /Users/sunnyhan/Library/Application Support/Code/User/globalStorage/vexrobotics.vexcode/sdk/cpp/V5/V5_20240802_15_00_00/vexv5/libv5rt.a(v5_apijump.c.obj)
                0x0000000003803850                vexDeviceGenericSerialBaudrate
 .text.vexDeviceGenericSerialWriteChar
                0x000000000380387c       0x2c /Users/sunnyhan/Library/Application Support/Code/User/globalStorage/vexrobotics.vexcode/sdk/cpp/V5/V5_20240802_15_00_00/vexv5/libv5rt.a(v5_apijump.c.obj)
                0x000000000380387c                vexDeviceGenericSerialWriteChar
 .text.vexDeviceGenericSerialWriteFree
                0x00000000038038a8       0x24 /Users/sunnyhan/Library/Application Support/Code/User/globalStorage/vexrobotics.vexcode/sdk/cpp/V5/V5_20240802_15_00_00/vexv5/libv5rt.a(v5_apijump.c.obj)
                0x00000000038038a8                vexDeviceGenericSerialWriteFree
 .text.vexDeviceGenericSerialTransmit
                0x00000000038038cc       0x34 /Users/sunnyhan/Library/Application Support/Code/User/globalStorage/vexrobotics.vexcode/sdk/cpp/V5/V5_20240802_15_00_00/vexv5/libv5rt.a(v5_apijump.c.obj)
                0x00000000038038cc                vexDeviceGenericSerialTransmit
 .text.vexDeviceGenericSerialReadChar
                0x0000000003803900       0x24 /Users/sunnyhan/Library/Application Support/Code/User/globalStorage/vexrobotics.vexcode/sdk/cpp/V5/V5_20240802_15_00_00/vexv5/libv5rt.a(v5_apijump.c.obj)
                0x0000000003803900                vexDeviceGenericSerialReadChar
 .text.vexDeviceGenericSerialPeekChar
                0x0000000003803924       0x24 /Users/sunnyhan/Library/Application Support/Code/User/globalStorage/vexrobotics.vexcode/sdk/cpp/V5/V5_20240802_15_00_00/vexv5/libv5rt.a(v5_apijump.c.obj)
                0x0000000003803924                vexDeviceGenericSerialPeekChar
 .text.vexDeviceGenericSerialReceiveAvail
                0x0000000003803948       0x24 /Users/sunnyhan/Library/Application Support/Code/User/globalStorage/vexrobotics.vexcode/sdk/cpp/V5/V5_20240802_15_00_00/vexv5/libv5rt.a(v5_apijump.c.obj)
                0x0000000003803948                vexDeviceGenericSerialReceiveAvail
 .text.vexDeviceGenericSerialReceive
                0x000000000380396c       0x34 /Users/sunnyhan/Library/Application Support/Code/User/globalStorage/vexrobotics.vexcode/sdk/cpp/V5/V5_20240802_15_00_00/vexv5/libv5rt.a(v5_apijump.c.obj)
                0x000000000380396c                vexDeviceGenericSerialReceive
 .text.vexDeviceGenericRadioConnection
                0x00000000038039a0       0x3c /Users/sunnyhan/Library/Application Support/Code/User/globalStorage/vexrobotics.vexcode/sdk/cpp/V5/V5_20240802_15_00_00/vexv5/libv5rt.a(v5_apijump.c.obj)
                0x00000000038039a0                vexDeviceGenericRadioConnection
 .text.vexDeviceGenericRadioWriteChar
                0x00000000038039dc       0x2c /Users/sunnyhan/Library/Application Support/Code/User/globalStorage/vexrobotics.vexcode/sdk/cpp/V5/V5_20240802_15_00_00/vexv5/libv5rt.a(v5_apijump.c.obj)
                0x00000000038039dc                vexDeviceGenericRadioWriteChar
 .text.vexDeviceGenericRadioWriteFree
                0x0000000003803a08       0x24 /Users/sunnyhan/Library/Application Support/Code/User/globalStorage/vexrobotics.vexcode/sdk/cpp/V5/V5_20240802_15_00_00/vexv5/libv5rt.a(v5_apijump.c.obj)
                0x0000000003803a08                vexDeviceGenericRadioWriteFree
 .text.vexDeviceGenericRadioTransmit
                0x0000000003803a2c       0x34 /Users/sunnyhan/Library/Application Support/Code/User/globalStorage/vexrobotics.vexcode/sdk/cpp/V5/V5_20240802_15_00_00/vexv5/libv5rt.a(v5_apijump.c.obj)
                0x0000000003803a2c                vexDeviceGenericRadioTransmit
 .text.vexDeviceGenericRadioReadChar
                0x0000000003803a60       0x24 /Users/sunnyhan/Library/Application Support/Code/User/globalStorage/vexrobotics.vexcode/sdk/cpp/V5/V5_20240802_15_00_00/vexv5/libv5rt.a(v5_apijump.c.obj)
                0x0000000003803a60                vexDeviceGenericRadioReadChar
 .text.vexDeviceGenericRadioPeekChar
                0x0000000003803a84       0x24 /Users/sunnyhan/Library/Application Support/Code/User/globalStorage/vexrobotics.vexcode/sdk/cpp/V5/V5_20240802_15_00_00/vexv5/libv5rt.a(v5_apijump.c.obj)
                0x0000000003803a84                vexDeviceGenericRadioPeekChar
 .text.vexDeviceGenericRadioReceiveAvail
                0x0000000003803aa8       0x24 /Users/sunnyhan/Library/Application Support/Code/User/globalStorage/vexrobotics.vexcode/sdk/cpp/V5/V5_20240802_15_00_00/vexv5/libv5rt.a(v5_apijump.c.obj)
                0x0000000003803aa8                vexDeviceGenericRadioReceiveAvail
 .text.vexDeviceGenericRadioReceive
                0x0000000003803acc       0x34 /Users/sunnyhan/Library/Application Support/Code/User/globalStorage/vexrobotics.vexcode/sdk/cpp/V5/V5_20240802_15_00_00/vexv5/libv5rt.a(v5_apijump.c.obj)
                0x0000000003803acc                vexDeviceGenericRadioReceive
 .text.vexDeviceGenericRadioLinkStatus
                0x0000000003803b00       0x24 /Users/sunnyhan/Library/Application Support/Code/User/globalStorage/vexrobotics.vexcode/sdk/cpp/V5/V5_20240802_15_00_00/vexv5/libv5rt.a(v5_apijump.c.obj)
                0x0000000003803b00                vexDeviceGenericRadioLinkStatus
 .text.vexDeviceGenericCdcConnection
                0x0000000003803b24       0x2c /Users/sunnyhan/Library/Application Support/Code/User/globalStorage/vexrobotics.vexcode/sdk/cpp/V5/V5_20240802_15_00_00/vexv5/libv5rt.a(v5_apijump.c.obj)
                0x0000000003803b24                vexDeviceGenericCdcConnection
 .text.vexDeviceGenericCdcWriteChar
                0x0000000003803b50       0x2c /Users/sunnyhan/Library/Application Support/Code/User/globalStorage/vexrobotics.vexcode/sdk/cpp/V5/V5_20240802_15_00_00/vexv5/libv5rt.a(v5_apijump.c.obj)
                0x0000000003803b50                vexDeviceGenericCdcWriteChar
 .text.vexDeviceGenericCdcWriteFree
                0x0000000003803b7c       0x24 /Users/sunnyhan/Library/Application Support/Code/User/globalStorage/vexrobotics.vexcode/sdk/cpp/V5/V5_20240802_15_00_00/vexv5/libv5rt.a(v5_apijump.c.obj)
                0x0000000003803b7c                vexDeviceGenericCdcWriteFree
 .text.vexDeviceGenericCdcTransmit
                0x0000000003803ba0       0x34 /Users/sunnyhan/Library/Application Support/Code/User/globalStorage/vexrobotics.vexcode/sdk/cpp/V5/V5_20240802_15_00_00/vexv5/libv5rt.a(v5_apijump.c.obj)
                0x0000000003803ba0                vexDeviceGenericCdcTransmit
 .text.vexDeviceGenericCdcReadChar
                0x0000000003803bd4       0x24 /Users/sunnyhan/Library/Application Support/Code/User/globalStorage/vexrobotics.vexcode/sdk/cpp/V5/V5_20240802_15_00_00/vexv5/libv5rt.a(v5_apijump.c.obj)
                0x0000000003803bd4                vexDeviceGenericCdcReadChar
 .text.vexDeviceGenericCdcPeekChar
                0x0000000003803bf8       0x24 /Users/sunnyhan/Library/Application Support/Code/User/globalStorage/vexrobotics.vexcode/sdk/cpp/V5/V5_20240802_15_00_00/vexv5/libv5rt.a(v5_apijump.c.obj)
                0x0000000003803bf8                vexDeviceGenericCdcPeekChar
 .text.vexDeviceGenericCdcReceiveAvail
                0x0000000003803c1c       0x24 /Users/sunnyhan/Library/Application Support/Code/User/globalStorage/vexrobotics.vexcode/sdk/cpp/V5/V5_20240802_15_00_00/vexv5/libv5rt.a(v5_apijump.c.obj)
                0x0000000003803c1c                vexDeviceGenericCdcReceiveAvail
 .text.vexDeviceGenericCdcReceive
                0x0000000003803c40       0x34 /Users/sunnyhan/Library/Application Support/Code/User/globalStorage/vexrobotics.vexcode/sdk/cpp/V5/V5_20240802_15_00_00/vexv5/libv5rt.a(v5_apijump.c.obj)
                0x0000000003803c40                vexDeviceGenericCdcReceive
 .text.vexDeviceGenericCdcLinkStatus
                0x0000000003803c74       0x24 /Users/sunnyhan/Library/Application Support/Code/User/globalStorage/vexrobotics.vexcode/sdk/cpp/V5/V5_20240802_15_00_00/vexv5/libv5rt.a(v5_apijump.c.obj)
                0x0000000003803c74                vexDeviceGenericCdcLinkStatus
 .text.vexSystemVersion
                0x0000000003803c98       0x10 /Users/sunnyhan/Library/Application Support/Code/User/globalStorage/vexrobotics.vexcode/sdk/cpp/V5/V5_20240802_15_00_00/vexv5/libv5rt.a(v5_apiversions.c.obj)
                0x0000000003803c98                vexSystemVersion
 .text.vexStdlibVersion
                0x0000000003803ca8       0x10 /Users/sunnyhan/Library/Application Support/Code/User/globalStorage/vexrobotics.vexcode/sdk/cpp/V5/V5_20240802_15_00_00/vexv5/libv5rt.a(v5_apiversions.c.obj)
                0x0000000003803ca8                vexStdlibVersion
 .text._ZN3vex6deviceD2Ev
                0x0000000003803cb8        0x4 /Users/sunnyhan/Library/Application Support/Code/User/globalStorage/vexrobotics.vexcode/sdk/cpp/V5/V5_20240802_15_00_00/vexv5/libv5rt.a(vex_device.cpp.obj)
                0x0000000003803cb8                vex::device::~device()
                0x0000000003803cb8                vex::device::~device()
 .text._ZN3vex6device5valueEv
                0x0000000003803cbc        0x8 /Users/sunnyhan/Library/Application Support/Code/User/globalStorage/vexrobotics.vexcode/sdk/cpp/V5/V5_20240802_15_00_00/vexv5/libv5rt.a(vex_device.cpp.obj)
                0x0000000003803cbc                vex::device::value()
 .text._ZN3vex6deviceD0Ev
                0x0000000003803cc4       0x14 /Users/sunnyhan/Library/Application Support/Code/User/globalStorage/vexrobotics.vexcode/sdk/cpp/V5/V5_20240802_15_00_00/vexv5/libv5rt.a(vex_device.cpp.obj)
                0x0000000003803cc4                vex::device::~device()
 .text._ZN3vex6device4initEl
                0x0000000003803cd8       0x30 /Users/sunnyhan/Library/Application Support/Code/User/globalStorage/vexrobotics.vexcode/sdk/cpp/V5/V5_20240802_15_00_00/vexv5/libv5rt.a(vex_device.cpp.obj)
                0x0000000003803cd8                vex::device::init(long)
 .text._ZN3vex6deviceC2El
                0x0000000003803d08       0x20 /Users/sunnyhan/Library/Application Support/Code/User/globalStorage/vexrobotics.vexcode/sdk/cpp/V5/V5_20240802_15_00_00/vexv5/libv5rt.a(vex_device.cpp.obj)
                0x0000000003803d08                vex::device::device(long)
                0x0000000003803d08                vex::device::device(long)
 .text._ZN3vex6device4typeEv
                0x0000000003803d28       0x10 /Users/sunnyhan/Library/Application Support/Code/User/globalStorage/vexrobotics.vexcode/sdk/cpp/V5/V5_20240802_15_00_00/vexv5/libv5rt.a(vex_device.cpp.obj)
                0x0000000003803d28                vex::device::type()
 .text._ZN3vex6device9installedEv
                0x0000000003803d38       0x14 /Users/sunnyhan/Library/Application Support/Code/User/globalStorage/vexrobotics.vexcode/sdk/cpp/V5/V5_20240802_15_00_00/vexv5/libv5rt.a(vex_device.cpp.obj)
                0x0000000003803d38                vex::device::installed()
 .text._ZN3vex6device9timestampEv
                0x0000000003803d4c       0x10 /Users/sunnyhan/Library/Application Support/Code/User/globalStorage/vexrobotics.vexcode/sdk/cpp/V5/V5_20240802_15_00_00/vexv5/libv5rt.a(vex_device.cpp.obj)
                0x0000000003803d4c                vex::device::timestamp()
 .text._ZN3vex5motorD2Ev
                0x0000000003803d5c       0x20 /Users/sunnyhan/Library/Application Support/Code/User/globalStorage/vexrobotics.vexcode/sdk/cpp/V5/V5_20240802_15_00_00/vexv5/libv5rt.a(vex_motor.cpp.obj)
                0x0000000003803d5c                vex::motor::~motor()
                0x0000000003803d5c                vex::motor::~motor()
 .text._ZN3vex5motorD0Ev
                0x0000000003803d7c       0x1c /Users/sunnyhan/Library/Application Support/Code/User/globalStorage/vexrobotics.vexcode/sdk/cpp/V5/V5_20240802_15_00_00/vexv5/libv5rt.a(vex_motor.cpp.obj)
                0x0000000003803d7c                vex::motor::~motor()
 .text._ZN3vex5motor9installedEv
                0x0000000003803d98       0x18 /Users/sunnyhan/Library/Application Support/Code/User/globalStorage/vexrobotics.vexcode/sdk/cpp/V5/V5_20240802_15_00_00/vexv5/libv5rt.a(vex_motor.cpp.obj)
                0x0000000003803d98                vex::motor::installed()
 .text._ZN3vex5motor15defaultStoppingENS_9brakeTypeE
                0x0000000003803db0       0x30 /Users/sunnyhan/Library/Application Support/Code/User/globalStorage/vexrobotics.vexcode/sdk/cpp/V5/V5_20240802_15_00_00/vexv5/libv5rt.a(vex_motor.cpp.obj)
                0x0000000003803db0                vex::motor::defaultStopping(vex::brakeType)
 .text._ZN3vex5motorC2El
                0x0000000003803de0       0x78 /Users/sunnyhan/Library/Application Support/Code/User/globalStorage/vexrobotics.vexcode/sdk/cpp/V5/V5_20240802_15_00_00/vexv5/libv5rt.a(vex_motor.cpp.obj)
                0x0000000003803de0                vex::motor::motor(long)
                0x0000000003803de0                vex::motor::motor(long)
 .text._ZN3vex5motorC2ElNS_11gearSettingEb
                0x0000000003803e58       0x34 /Users/sunnyhan/Library/Application Support/Code/User/globalStorage/vexrobotics.vexcode/sdk/cpp/V5/V5_20240802_15_00_00/vexv5/libv5rt.a(vex_motor.cpp.obj)
                0x0000000003803e58                vex::motor::motor(long, vex::gearSetting, bool)
                0x0000000003803e58                vex::motor::motor(long, vex::gearSetting, bool)
 .text._ZN3vex5motorC2Elb
                0x0000000003803e8c       0x24 /Users/sunnyhan/Library/Application Support/Code/User/globalStorage/vexrobotics.vexcode/sdk/cpp/V5/V5_20240802_15_00_00/vexv5/libv5rt.a(vex_motor.cpp.obj)
                0x0000000003803e8c                vex::motor::motor(long, bool)
                0x0000000003803e8c                vex::motor::motor(long, bool)
 .text._ZN3vex5motor14isSpinningModeEv
                0x0000000003803eb0       0x48 /Users/sunnyhan/Library/Application Support/Code/User/globalStorage/vexrobotics.vexcode/sdk/cpp/V5/V5_20240802_15_00_00/vexv5/libv5rt.a(vex_motor.cpp.obj)
                0x0000000003803eb0                vex::motor::isSpinningMode()
 .text._ZN3vex5motor10isSpinningEv
                0x0000000003803ef8       0x44 /Users/sunnyhan/Library/Application Support/Code/User/globalStorage/vexrobotics.vexcode/sdk/cpp/V5/V5_20240802_15_00_00/vexv5/libv5rt.a(vex_motor.cpp.obj)
                0x0000000003803ef8                vex::motor::isSpinning()
 .text._ZN3vex5motor4stopENS_9brakeTypeE
                0x0000000003803f3c       0x30 /Users/sunnyhan/Library/Application Support/Code/User/globalStorage/vexrobotics.vexcode/sdk/cpp/V5/V5_20240802_15_00_00/vexv5/libv5rt.a(vex_motor.cpp.obj)
                0x0000000003803f3c                vex::motor::stop(vex::brakeType)
 .text._ZN3vex5motor4stopEv
                0x0000000003803f6c        0x8 /Users/sunnyhan/Library/Application Support/Code/User/globalStorage/vexrobotics.vexcode/sdk/cpp/V5/V5_20240802_15_00_00/vexv5/libv5rt.a(vex_motor.cpp.obj)
                0x0000000003803f6c                vex::motor::stop()
 .text._ZN3vex5motor16velocityToScaledEdNS_13velocityUnitsE
                0x0000000003803f74       0x5c /Users/sunnyhan/Library/Application Support/Code/User/globalStorage/vexrobotics.vexcode/sdk/cpp/V5/V5_20240802_15_00_00/vexv5/libv5rt.a(vex_motor.cpp.obj)
                0x0000000003803f74                vex::motor::velocityToScaled(double, vex::velocityUnits)
 .text._ZN3vex5motor8velocityENS_13velocityUnitsE
                0x0000000003803fd0       0x30 /Users/sunnyhan/Library/Application Support/Code/User/globalStorage/vexrobotics.vexcode/sdk/cpp/V5/V5_20240802_15_00_00/vexv5/libv5rt.a(vex_motor.cpp.obj)
                0x0000000003803fd0                vex::motor::velocity(vex::velocityUnits)
 .text._ZN3vex5motor5valueEv
                0x0000000003804000       0x1c /Users/sunnyhan/Library/Application Support/Code/User/globalStorage/vexrobotics.vexcode/sdk/cpp/V5/V5_20240802_15_00_00/vexv5/libv5rt.a(vex_motor.cpp.obj)
                0x0000000003804000                vex::motor::value()
 .text._ZN3vex5motor16scaledToVelocityEdNS_13velocityUnitsE
                0x000000000380401c       0xa4 /Users/sunnyhan/Library/Application Support/Code/User/globalStorage/vexrobotics.vexcode/sdk/cpp/V5/V5_20240802_15_00_00/vexv5/libv5rt.a(vex_motor.cpp.obj)
                0x000000000380401c                vex::motor::scaledToVelocity(double, vex::velocityUnits)
 .text._ZN3vex5motor4spinENS_13directionTypeEdNS_13velocityUnitsE
                0x00000000038040c0       0x5c /Users/sunnyhan/Library/Application Support/Code/User/globalStorage/vexrobotics.vexcode/sdk/cpp/V5/V5_20240802_15_00_00/vexv5/libv5rt.a(vex_motor.cpp.obj)
                0x00000000038040c0                vex::motor::spin(vex::directionType, double, vex::velocityUnits)
 .text._ZN3vex5motor11setVelocityEdNS_13velocityUnitsE
                0x000000000380411c       0x54 /Users/sunnyhan/Library/Application Support/Code/User/globalStorage/vexrobotics.vexcode/sdk/cpp/V5/V5_20240802_15_00_00/vexv5/libv5rt.a(vex_motor.cpp.obj)
                0x000000000380411c                vex::motor::setVelocity(double, vex::velocityUnits)
 .text._ZN3vex5motor16setRotationUnitsENS_13rotationUnitsE
                0x0000000003804170       0x1c /Users/sunnyhan/Library/Application Support/Code/User/globalStorage/vexrobotics.vexcode/sdk/cpp/V5/V5_20240802_15_00_00/vexv5/libv5rt.a(vex_motor.cpp.obj)
                0x0000000003804170                vex::motor::setRotationUnits(vex::rotationUnits)
 .text._ZN3vex5motor7spinForEdNS_13rotationUnitsEdNS_13velocityUnitsEb
                0x000000000380418c       0xf4 /Users/sunnyhan/Library/Application Support/Code/User/globalStorage/vexrobotics.vexcode/sdk/cpp/V5/V5_20240802_15_00_00/vexv5/libv5rt.a(vex_motor.cpp.obj)
                0x000000000380418c                vex::motor::spinFor(double, vex::rotationUnits, double, vex::velocityUnits, bool)
 .text._ZN3vex5motor7spinForENS_13directionTypeEdNS_13rotationUnitsEdNS_13velocityUnitsEb
                0x0000000003804280       0x34 /Users/sunnyhan/Library/Application Support/Code/User/globalStorage/vexrobotics.vexcode/sdk/cpp/V5/V5_20240802_15_00_00/vexv5/libv5rt.a(vex_motor.cpp.obj)
                0x0000000003804280                vex::motor::spinFor(vex::directionType, double, vex::rotationUnits, double, vex::velocityUnits, bool)
 .text._ZN3vex5motor7spinForENS_13directionTypeEdNS_13rotationUnitsEb
                0x00000000038042b4       0x3c /Users/sunnyhan/Library/Application Support/Code/User/globalStorage/vexrobotics.vexcode/sdk/cpp/V5/V5_20240802_15_00_00/vexv5/libv5rt.a(vex_motor.cpp.obj)
                0x00000000038042b4                vex::motor::spinFor(vex::directionType, double, vex::rotationUnits, bool)
 .text._ZN3vex8inertial11getTurnTypeEv
                0x00000000038042f0        0x8 /Users/sunnyhan/Library/Application Support/Code/User/globalStorage/vexrobotics.vexcode/sdk/cpp/V5/V5_20240802_15_00_00/vexv5/libv5rt.a(vex_imu.cpp.obj)
                0x00000000038042f0                vex::inertial::getTurnType()
 .text._ZThn16_N3vex8inertial11getTurnTypeEv
                0x00000000038042f8        0x8 /Users/sunnyhan/Library/Application Support/Code/User/globalStorage/vexrobotics.vexcode/sdk/cpp/V5/V5_20240802_15_00_00/vexv5/libv5rt.a(vex_imu.cpp.obj)
                0x00000000038042f8                non-virtual thunk to vex::inertial::getTurnType()
 .text._ZN3vex8inertial10setHeadingEdNS_13rotationUnitsE
                0x0000000003804300       0x58 /Users/sunnyhan/Library/Application Support/Code/User/globalStorage/vexrobotics.vexcode/sdk/cpp/V5/V5_20240802_15_00_00/vexv5/libv5rt.a(vex_imu.cpp.obj)
                0x0000000003804300                vex::inertial::setHeading(double, vex::rotationUnits)
 .text._ZThn16_N3vex8inertial10setHeadingEdNS_13rotationUnitsE
                0x0000000003804358        0x8 /Users/sunnyhan/Library/Application Support/Code/User/globalStorage/vexrobotics.vexcode/sdk/cpp/V5/V5_20240802_15_00_00/vexv5/libv5rt.a(vex_imu.cpp.obj)
                0x0000000003804358                non-virtual thunk to vex::inertial::setHeading(double, vex::rotationUnits)
 .text._ZN3vex8inertial11setRotationEdNS_13rotationUnitsE
                0x0000000003804360       0x58 /Users/sunnyhan/Library/Application Support/Code/User/globalStorage/vexrobotics.vexcode/sdk/cpp/V5/V5_20240802_15_00_00/vexv5/libv5rt.a(vex_imu.cpp.obj)
                0x0000000003804360                vex::inertial::setRotation(double, vex::rotationUnits)
 .text._ZThn16_N3vex8inertial11setRotationEdNS_13rotationUnitsE
                0x00000000038043b8        0x8 /Users/sunnyhan/Library/Application Support/Code/User/globalStorage/vexrobotics.vexcode/sdk/cpp/V5/V5_20240802_15_00_00/vexv5/libv5rt.a(vex_imu.cpp.obj)
                0x00000000038043b8                non-virtual thunk to vex::inertial::setRotation(double, vex::rotationUnits)
 .text._ZN3vex8inertialD2Ev
                0x00000000038043c0       0x20 /Users/sunnyhan/Library/Application Support/Code/User/globalStorage/vexrobotics.vexcode/sdk/cpp/V5/V5_20240802_15_00_00/vexv5/libv5rt.a(vex_imu.cpp.obj)
                0x00000000038043c0                vex::inertial::~inertial()
                0x00000000038043c0                vex::inertial::~inertial()
 .text._ZThn16_N3vex8inertialD1Ev
                0x00000000038043e0        0x8 /Users/sunnyhan/Library/Application Support/Code/User/globalStorage/vexrobotics.vexcode/sdk/cpp/V5/V5_20240802_15_00_00/vexv5/libv5rt.a(vex_imu.cpp.obj)
                0x00000000038043e0                non-virtual thunk to vex::inertial::~inertial()
 .text._ZN3vex8inertialD0Ev
                0x00000000038043e8       0x1c /Users/sunnyhan/Library/Application Support/Code/User/globalStorage/vexrobotics.vexcode/sdk/cpp/V5/V5_20240802_15_00_00/vexv5/libv5rt.a(vex_imu.cpp.obj)
                0x00000000038043e8                vex::inertial::~inertial()
 .text._ZThn16_N3vex8inertialD0Ev
                0x0000000003804404        0x8 /Users/sunnyhan/Library/Application Support/Code/User/globalStorage/vexrobotics.vexcode/sdk/cpp/V5/V5_20240802_15_00_00/vexv5/libv5rt.a(vex_imu.cpp.obj)
                0x0000000003804404                non-virtual thunk to vex::inertial::~inertial()
 .text._ZN3vex8inertial9installedEv
                0x000000000380440c       0x18 /Users/sunnyhan/Library/Application Support/Code/User/globalStorage/vexrobotics.vexcode/sdk/cpp/V5/V5_20240802_15_00_00/vexv5/libv5rt.a(vex_imu.cpp.obj)
                0x000000000380440c                vex::inertial::installed()
 .text._ZN3vex8inertial5angleENS_13rotationUnitsE
                0x0000000003804424       0x6c /Users/sunnyhan/Library/Application Support/Code/User/globalStorage/vexrobotics.vexcode/sdk/cpp/V5/V5_20240802_15_00_00/vexv5/libv5rt.a(vex_imu.cpp.obj)
                0x0000000003804424                vex::inertial::angle(vex::rotationUnits)
 .text._ZThn16_N3vex8inertial5angleENS_13rotationUnitsE
                0x0000000003804490        0x8 /Users/sunnyhan/Library/Application Support/Code/User/globalStorage/vexrobotics.vexcode/sdk/cpp/V5/V5_20240802_15_00_00/vexv5/libv5rt.a(vex_imu.cpp.obj)
                0x0000000003804490                non-virtual thunk to vex::inertial::angle(vex::rotationUnits)
 .text._ZN3vex8inertial7headingENS_13rotationUnitsE
                0x0000000003804498        0x4 /Users/sunnyhan/Library/Application Support/Code/User/globalStorage/vexrobotics.vexcode/sdk/cpp/V5/V5_20240802_15_00_00/vexv5/libv5rt.a(vex_imu.cpp.obj)
                0x0000000003804498                vex::inertial::heading(vex::rotationUnits)
 .text._ZThn16_N3vex8inertial7headingENS_13rotationUnitsE
                0x000000000380449c        0x8 /Users/sunnyhan/Library/Application Support/Code/User/globalStorage/vexrobotics.vexcode/sdk/cpp/V5/V5_20240802_15_00_00/vexv5/libv5rt.a(vex_imu.cpp.obj)
                0x000000000380449c                non-virtual thunk to vex::inertial::heading(vex::rotationUnits)
 .text._ZN3vex8inertial5valueEv
                0x00000000038044a4       0x1c /Users/sunnyhan/Library/Application Support/Code/User/globalStorage/vexrobotics.vexcode/sdk/cpp/V5/V5_20240802_15_00_00/vexv5/libv5rt.a(vex_imu.cpp.obj)
                0x00000000038044a4                vex::inertial::value()
 .text._ZN3vex8inertial8rotationENS_13rotationUnitsE
                0x00000000038044c0       0x48 /Users/sunnyhan/Library/Application Support/Code/User/globalStorage/vexrobotics.vexcode/sdk/cpp/V5/V5_20240802_15_00_00/vexv5/libv5rt.a(vex_imu.cpp.obj)
                0x00000000038044c0                vex::inertial::rotation(vex::rotationUnits)
 .text._ZThn16_N3vex8inertial8rotationENS_13rotationUnitsE
                0x0000000003804508        0x8 /Users/sunnyhan/Library/Application Support/Code/User/globalStorage/vexrobotics.vexcode/sdk/cpp/V5/V5_20240802_15_00_00/vexv5/libv5rt.a(vex_imu.cpp.obj)
                0x0000000003804508                non-virtual thunk to vex::inertial::rotation(vex::rotationUnits)
 .text._ZN3vex8inertial13isCalibratingEv
                0x0000000003804510       0x38 /Users/sunnyhan/Library/Application Support/Code/User/globalStorage/vexrobotics.vexcode/sdk/cpp/V5/V5_20240802_15_00_00/vexv5/libv5rt.a(vex_imu.cpp.obj)
                0x0000000003804510                vex::inertial::isCalibrating()
 .text._ZThn16_N3vex8inertial13isCalibratingEv
                0x0000000003804548        0x8 /Users/sunnyhan/Library/Application Support/Code/User/globalStorage/vexrobotics.vexcode/sdk/cpp/V5/V5_20240802_15_00_00/vexv5/libv5rt.a(vex_imu.cpp.obj)
                0x0000000003804548                non-virtual thunk to vex::inertial::isCalibrating()
 .text._ZN3vex8inertialC2ElNS_8turnTypeE
                0x0000000003804550       0x4c /Users/sunnyhan/Library/Application Support/Code/User/globalStorage/vexrobotics.vexcode/sdk/cpp/V5/V5_20240802_15_00_00/vexv5/libv5rt.a(vex_imu.cpp.obj)
                0x0000000003804550                vex::inertial::inertial(long, vex::turnType)
                0x0000000003804550                vex::inertial::inertial(long, vex::turnType)
 .text._ZN3vex8inertial16startCalibrationEl
                0x000000000380459c       0x20 /Users/sunnyhan/Library/Application Support/Code/User/globalStorage/vexrobotics.vexcode/sdk/cpp/V5/V5_20240802_15_00_00/vexv5/libv5rt.a(vex_imu.cpp.obj)
                0x000000000380459c                vex::inertial::startCalibration(long)
 .text._ZN3vex8inertial9calibrateEl
                0x00000000038045bc        0xc /Users/sunnyhan/Library/Application Support/Code/User/globalStorage/vexrobotics.vexcode/sdk/cpp/V5/V5_20240802_15_00_00/vexv5/libv5rt.a(vex_imu.cpp.obj)
                0x00000000038045bc                vex::inertial::calibrate(long)
                0x00000000038045c0                non-virtual thunk to vex::inertial::calibrate(long)
 .text._ZN3vex8rotationD2Ev
                0x00000000038045c8       0x20 /Users/sunnyhan/Library/Application Support/Code/User/globalStorage/vexrobotics.vexcode/sdk/cpp/V5/V5_20240802_15_00_00/vexv5/libv5rt.a(vex_rotation.cpp.obj)
                0x00000000038045c8                vex::rotation::~rotation()
                0x00000000038045c8                vex::rotation::~rotation()
 .text._ZN3vex8rotationD0Ev
                0x00000000038045e8       0x1c /Users/sunnyhan/Library/Application Support/Code/User/globalStorage/vexrobotics.vexcode/sdk/cpp/V5/V5_20240802_15_00_00/vexv5/libv5rt.a(vex_rotation.cpp.obj)
                0x00000000038045e8                vex::rotation::~rotation()
 .text._ZN3vex8rotation9installedEv
                0x0000000003804604       0x18 /Users/sunnyhan/Library/Application Support/Code/User/globalStorage/vexrobotics.vexcode/sdk/cpp/V5/V5_20240802_15_00_00/vexv5/libv5rt.a(vex_rotation.cpp.obj)
                0x0000000003804604                vex::rotation::installed()
 .text._ZN3vex8rotation5valueEv
                0x000000000380461c        0x8 /Users/sunnyhan/Library/Application Support/Code/User/globalStorage/vexrobotics.vexcode/sdk/cpp/V5/V5_20240802_15_00_00/vexv5/libv5rt.a(vex_rotation.cpp.obj)
                0x000000000380461c                vex::rotation::value()
 .text._ZN3vex8rotationC2Elb
                0x0000000003804624       0x30 /Users/sunnyhan/Library/Application Support/Code/User/globalStorage/vexrobotics.vexcode/sdk/cpp/V5/V5_20240802_15_00_00/vexv5/libv5rt.a(vex_rotation.cpp.obj)
                0x0000000003804624                vex::rotation::rotation(long, bool)
                0x0000000003804624                vex::rotation::rotation(long, bool)
 .text._ZN3vex7opticalD2Ev
                0x0000000003804654       0x20 /Users/sunnyhan/Library/Application Support/Code/User/globalStorage/vexrobotics.vexcode/sdk/cpp/V5/V5_20240802_15_00_00/vexv5/libv5rt.a(vex_optical.cpp.obj)
                0x0000000003804654                vex::optical::~optical()
                0x0000000003804654                vex::optical::~optical()
 .text._ZN3vex7opticalD0Ev
                0x0000000003804674       0x1c /Users/sunnyhan/Library/Application Support/Code/User/globalStorage/vexrobotics.vexcode/sdk/cpp/V5/V5_20240802_15_00_00/vexv5/libv5rt.a(vex_optical.cpp.obj)
                0x0000000003804674                vex::optical::~optical()
 .text._ZN3vex7optical9installedEv
                0x0000000003804690       0x18 /Users/sunnyhan/Library/Application Support/Code/User/globalStorage/vexrobotics.vexcode/sdk/cpp/V5/V5_20240802_15_00_00/vexv5/libv5rt.a(vex_optical.cpp.obj)
                0x0000000003804690                vex::optical::installed()
 .text._ZN3vex7optical3hueEv
                0x00000000038046a8        0x8 /Users/sunnyhan/Library/Application Support/Code/User/globalStorage/vexrobotics.vexcode/sdk/cpp/V5/V5_20240802_15_00_00/vexv5/libv5rt.a(vex_optical.cpp.obj)
                0x00000000038046a8                vex::optical::hue()
 .text._ZN3vex7optical5valueEv
                0x00000000038046b0       0x18 /Users/sunnyhan/Library/Application Support/Code/User/globalStorage/vexrobotics.vexcode/sdk/cpp/V5/V5_20240802_15_00_00/vexv5/libv5rt.a(vex_optical.cpp.obj)
                0x00000000038046b0                vex::optical::value()
 .text._ZN3vex7optical13gestureEnableEv
                0x00000000038046c8        0x8 /Users/sunnyhan/Library/Application Support/Code/User/globalStorage/vexrobotics.vexcode/sdk/cpp/V5/V5_20240802_15_00_00/vexv5/libv5rt.a(vex_optical.cpp.obj)
                0x00000000038046c8                vex::optical::gestureEnable()
 .text._ZN3vex7optical14gestureDisableEv
                0x00000000038046d0        0x8 /Users/sunnyhan/Library/Application Support/Code/User/globalStorage/vexrobotics.vexcode/sdk/cpp/V5/V5_20240802_15_00_00/vexv5/libv5rt.a(vex_optical.cpp.obj)
                0x00000000038046d0                vex::optical::gestureDisable()
 .text._ZN3vex7opticalC2Elb
                0x00000000038046d8       0x54 /Users/sunnyhan/Library/Application Support/Code/User/globalStorage/vexrobotics.vexcode/sdk/cpp/V5/V5_20240802_15_00_00/vexv5/libv5rt.a(vex_optical.cpp.obj)
                0x00000000038046d8                vex::optical::optical(long, bool)
                0x00000000038046d8                vex::optical::optical(long, bool)
 .text._ZN3vex3gps11getTurnTypeEv
                0x000000000380472c        0x8 /Users/sunnyhan/Library/Application Support/Code/User/globalStorage/vexrobotics.vexcode/sdk/cpp/V5/V5_20240802_15_00_00/vexv5/libv5rt.a(vex_gps.cpp.obj)
                0x000000000380472c                vex::gps::getTurnType()
 .text._ZThn16_N3vex3gps11getTurnTypeEv
                0x0000000003804734        0x8 /Users/sunnyhan/Library/Application Support/Code/User/globalStorage/vexrobotics.vexcode/sdk/cpp/V5/V5_20240802_15_00_00/vexv5/libv5rt.a(vex_gps.cpp.obj)
                0x0000000003804734                non-virtual thunk to vex::gps::getTurnType()
 *fill*         0x000000000380473c        0x4 
 .text._ZN3vex3gps10setHeadingEdNS_13rotationUnitsE
                0x0000000003804740       0x58 /Users/sunnyhan/Library/Application Support/Code/User/globalStorage/vexrobotics.vexcode/sdk/cpp/V5/V5_20240802_15_00_00/vexv5/libv5rt.a(vex_gps.cpp.obj)
                0x0000000003804740                vex::gps::setHeading(double, vex::rotationUnits)
 .text._ZThn16_N3vex3gps10setHeadingEdNS_13rotationUnitsE
                0x0000000003804798        0x8 /Users/sunnyhan/Library/Application Support/Code/User/globalStorage/vexrobotics.vexcode/sdk/cpp/V5/V5_20240802_15_00_00/vexv5/libv5rt.a(vex_gps.cpp.obj)
                0x0000000003804798                non-virtual thunk to vex::gps::setHeading(double, vex::rotationUnits)
 .text._ZN3vex3gps11setRotationEdNS_13rotationUnitsE
                0x00000000038047a0       0x58 /Users/sunnyhan/Library/Application Support/Code/User/globalStorage/vexrobotics.vexcode/sdk/cpp/V5/V5_20240802_15_00_00/vexv5/libv5rt.a(vex_gps.cpp.obj)
                0x00000000038047a0                vex::gps::setRotation(double, vex::rotationUnits)
 .text._ZThn16_N3vex3gps11setRotationEdNS_13rotationUnitsE
                0x00000000038047f8        0x8 /Users/sunnyhan/Library/Application Support/Code/User/globalStorage/vexrobotics.vexcode/sdk/cpp/V5/V5_20240802_15_00_00/vexv5/libv5rt.a(vex_gps.cpp.obj)
                0x00000000038047f8                non-virtual thunk to vex::gps::setRotation(double, vex::rotationUnits)
 .text._ZN3vex3gpsD2Ev
                0x0000000003804800       0x20 /Users/sunnyhan/Library/Application Support/Code/User/globalStorage/vexrobotics.vexcode/sdk/cpp/V5/V5_20240802_15_00_00/vexv5/libv5rt.a(vex_gps.cpp.obj)
                0x0000000003804800                vex::gps::~gps()
                0x0000000003804800                vex::gps::~gps()
 .text._ZThn16_N3vex3gpsD1Ev
                0x0000000003804820        0x8 /Users/sunnyhan/Library/Application Support/Code/User/globalStorage/vexrobotics.vexcode/sdk/cpp/V5/V5_20240802_15_00_00/vexv5/libv5rt.a(vex_gps.cpp.obj)
                0x0000000003804820                non-virtual thunk to vex::gps::~gps()
 .text._ZN3vex3gpsD0Ev
                0x0000000003804828       0x1c /Users/sunnyhan/Library/Application Support/Code/User/globalStorage/vexrobotics.vexcode/sdk/cpp/V5/V5_20240802_15_00_00/vexv5/libv5rt.a(vex_gps.cpp.obj)
                0x0000000003804828                vex::gps::~gps()
 .text._ZThn16_N3vex3gpsD0Ev
                0x0000000003804844        0x8 /Users/sunnyhan/Library/Application Support/Code/User/globalStorage/vexrobotics.vexcode/sdk/cpp/V5/V5_20240802_15_00_00/vexv5/libv5rt.a(vex_gps.cpp.obj)
                0x0000000003804844                non-virtual thunk to vex::gps::~gps()
 .text._ZN3vex3gps9installedEv
                0x000000000380484c       0x18 /Users/sunnyhan/Library/Application Support/Code/User/globalStorage/vexrobotics.vexcode/sdk/cpp/V5/V5_20240802_15_00_00/vexv5/libv5rt.a(vex_gps.cpp.obj)
                0x000000000380484c                vex::gps::installed()
 .text._ZN3vex3gps5angleENS_13rotationUnitsE
                0x0000000003804864       0x84 /Users/sunnyhan/Library/Application Support/Code/User/globalStorage/vexrobotics.vexcode/sdk/cpp/V5/V5_20240802_15_00_00/vexv5/libv5rt.a(vex_gps.cpp.obj)
                0x0000000003804864                vex::gps::angle(vex::rotationUnits)
 .text._ZThn16_N3vex3gps5angleENS_13rotationUnitsE
                0x00000000038048e8        0x8 /Users/sunnyhan/Library/Application Support/Code/User/globalStorage/vexrobotics.vexcode/sdk/cpp/V5/V5_20240802_15_00_00/vexv5/libv5rt.a(vex_gps.cpp.obj)
                0x00000000038048e8                non-virtual thunk to vex::gps::angle(vex::rotationUnits)
 .text._ZN3vex3gps7headingENS_13rotationUnitsE
                0x00000000038048f0        0x4 /Users/sunnyhan/Library/Application Support/Code/User/globalStorage/vexrobotics.vexcode/sdk/cpp/V5/V5_20240802_15_00_00/vexv5/libv5rt.a(vex_gps.cpp.obj)
                0x00000000038048f0                vex::gps::heading(vex::rotationUnits)
 .text._ZThn16_N3vex3gps7headingENS_13rotationUnitsE
                0x00000000038048f4        0x8 /Users/sunnyhan/Library/Application Support/Code/User/globalStorage/vexrobotics.vexcode/sdk/cpp/V5/V5_20240802_15_00_00/vexv5/libv5rt.a(vex_gps.cpp.obj)
                0x00000000038048f4                non-virtual thunk to vex::gps::heading(vex::rotationUnits)
 .text._ZN3vex3gps5valueEv
                0x00000000038048fc       0x1c /Users/sunnyhan/Library/Application Support/Code/User/globalStorage/vexrobotics.vexcode/sdk/cpp/V5/V5_20240802_15_00_00/vexv5/libv5rt.a(vex_gps.cpp.obj)
                0x00000000038048fc                vex::gps::value()
 .text._ZN3vex3gps8rotationENS_13rotationUnitsE
                0x0000000003804918       0x60 /Users/sunnyhan/Library/Application Support/Code/User/globalStorage/vexrobotics.vexcode/sdk/cpp/V5/V5_20240802_15_00_00/vexv5/libv5rt.a(vex_gps.cpp.obj)
                0x0000000003804918                vex::gps::rotation(vex::rotationUnits)
 .text._ZThn16_N3vex3gps8rotationENS_13rotationUnitsE
                0x0000000003804978        0x8 /Users/sunnyhan/Library/Application Support/Code/User/globalStorage/vexrobotics.vexcode/sdk/cpp/V5/V5_20240802_15_00_00/vexv5/libv5rt.a(vex_gps.cpp.obj)
                0x0000000003804978                non-virtual thunk to vex::gps::rotation(vex::rotationUnits)
 .text._ZN3vex3gps13isCalibratingEv
                0x0000000003804980       0x38 /Users/sunnyhan/Library/Application Support/Code/User/globalStorage/vexrobotics.vexcode/sdk/cpp/V5/V5_20240802_15_00_00/vexv5/libv5rt.a(vex_gps.cpp.obj)
                0x0000000003804980                vex::gps::isCalibrating()
 .text._ZThn16_N3vex3gps13isCalibratingEv
                0x00000000038049b8        0x8 /Users/sunnyhan/Library/Application Support/Code/User/globalStorage/vexrobotics.vexcode/sdk/cpp/V5/V5_20240802_15_00_00/vexv5/libv5rt.a(vex_gps.cpp.obj)
                0x00000000038049b8                non-virtual thunk to vex::gps::isCalibrating()
 .text._ZN3vex3gps17setSensorRotationEd
                0x00000000038049c0        0x8 /Users/sunnyhan/Library/Application Support/Code/User/globalStorage/vexrobotics.vexcode/sdk/cpp/V5/V5_20240802_15_00_00/vexv5/libv5rt.a(vex_gps.cpp.obj)
                0x00000000038049c0                vex::gps::setSensorRotation(double)
 .text._ZN3vex3gpsC2EldNS_8turnTypeE
                0x00000000038049c8       0x74 /Users/sunnyhan/Library/Application Support/Code/User/globalStorage/vexrobotics.vexcode/sdk/cpp/V5/V5_20240802_15_00_00/vexv5/libv5rt.a(vex_gps.cpp.obj)
                0x00000000038049c8                vex::gps::gps(long, double, vex::turnType)
                0x00000000038049c8                vex::gps::gps(long, double, vex::turnType)
 *fill*         0x0000000003804a3c        0x4 
 .text._ZN3vex3gps9setOriginEddNS_13distanceUnitsE
                0x0000000003804a40       0x68 /Users/sunnyhan/Library/Application Support/Code/User/globalStorage/vexrobotics.vexcode/sdk/cpp/V5/V5_20240802_15_00_00/vexv5/libv5rt.a(vex_gps.cpp.obj)
                0x0000000003804a40                vex::gps::setOrigin(double, double, vex::distanceUnits)
 .text._ZN3vex3gpsC2ElddNS_13distanceUnitsEdNS_8turnTypeE
                0x0000000003804aa8       0x4c /Users/sunnyhan/Library/Application Support/Code/User/globalStorage/vexrobotics.vexcode/sdk/cpp/V5/V5_20240802_15_00_00/vexv5/libv5rt.a(vex_gps.cpp.obj)
                0x0000000003804aa8                vex::gps::gps(long, double, double, vex::distanceUnits, double, vex::turnType)
                0x0000000003804aa8                vex::gps::gps(long, double, double, vex::distanceUnits, double, vex::turnType)
 *fill*         0x0000000003804af4        0x4 
 .text._ZN3vex3gps9xPositionENS_13distanceUnitsE
                0x0000000003804af8       0x70 /Users/sunnyhan/Library/Application Support/Code/User/globalStorage/vexrobotics.vexcode/sdk/cpp/V5/V5_20240802_15_00_00/vexv5/libv5rt.a(vex_gps.cpp.obj)
                0x0000000003804af8                vex::gps::xPosition(vex::distanceUnits)
 .text._ZN3vex3gps9yPositionENS_13distanceUnitsE
                0x0000000003804b68       0x70 /Users/sunnyhan/Library/Application Support/Code/User/globalStorage/vexrobotics.vexcode/sdk/cpp/V5/V5_20240802_15_00_00/vexv5/libv5rt.a(vex_gps.cpp.obj)
                0x0000000003804b68                vex::gps::yPosition(vex::distanceUnits)
 .text._ZN3vex3gps16startCalibrationEl
                0x0000000003804bd8       0x48 /Users/sunnyhan/Library/Application Support/Code/User/globalStorage/vexrobotics.vexcode/sdk/cpp/V5/V5_20240802_15_00_00/vexv5/libv5rt.a(vex_gps.cpp.obj)
                0x0000000003804bd8                vex::gps::startCalibration(long)
 .text._ZN3vex3gps9calibrateEl
                0x0000000003804c20        0xc /Users/sunnyhan/Library/Application Support/Code/User/globalStorage/vexrobotics.vexcode/sdk/cpp/V5/V5_20240802_15_00_00/vexv5/libv5rt.a(vex_gps.cpp.obj)
                0x0000000003804c20                vex::gps::calibrate(long)
                0x0000000003804c24                non-virtual thunk to vex::gps::calibrate(long)
 *fill*         0x0000000003804c2c        0x4 
 .text._ZN3vex3gps7qualityEv
                0x0000000003804c30       0x68 /Users/sunnyhan/Library/Application Support/Code/User/globalStorage/vexrobotics.vexcode/sdk/cpp/V5/V5_20240802_15_00_00/vexv5/libv5rt.a(vex_gps.cpp.obj)
                0x0000000003804c30                vex::gps::quality()
 .text._ZN3vex10controllerD2Ev
                0x0000000003804c98        0x4 /Users/sunnyhan/Library/Application Support/Code/User/globalStorage/vexrobotics.vexcode/sdk/cpp/V5/V5_20240802_15_00_00/vexv5/libv5rt.a(vex_controller.cpp.obj)
                0x0000000003804c98                vex::controller::~controller()
                0x0000000003804c98                vex::controller::~controller()
 .text._ZNK3vex10controller6button21_buttonToPressedEventEv
                0x0000000003804c9c       0x20 /Users/sunnyhan/Library/Application Support/Code/User/globalStorage/vexrobotics.vexcode/sdk/cpp/V5/V5_20240802_15_00_00/vexv5/libv5rt.a(vex_controller.cpp.obj)
                0x0000000003804c9c                vex::controller::button::_buttonToPressedEvent() const
 .text._ZNK3vex10controller6button22_buttonToReleasedEventEv
                0x0000000003804cbc       0x20 /Users/sunnyhan/Library/Application Support/Code/User/globalStorage/vexrobotics.vexcode/sdk/cpp/V5/V5_20240802_15_00_00/vexv5/libv5rt.a(vex_controller.cpp.obj)
                0x0000000003804cbc                vex::controller::button::_buttonToReleasedEvent() const
 .text._ZN3vex10controller6buttonC2ENS0_11tButtonTypeEPS0_
                0x0000000003804cdc       0x48 /Users/sunnyhan/Library/Application Support/Code/User/globalStorage/vexrobotics.vexcode/sdk/cpp/V5/V5_20240802_15_00_00/vexv5/libv5rt.a(vex_controller.cpp.obj)
                0x0000000003804cdc                vex::controller::button::button(vex::controller::tButtonType, vex::controller*)
                0x0000000003804cdc                vex::controller::button::button(vex::controller::tButtonType, vex::controller*)
 .text._ZNK3vex10controller4axis23_joystickToChangedEventEv
                0x0000000003804d24       0x20 /Users/sunnyhan/Library/Application Support/Code/User/globalStorage/vexrobotics.vexcode/sdk/cpp/V5/V5_20240802_15_00_00/vexv5/libv5rt.a(vex_controller.cpp.obj)
                0x0000000003804d24                vex::controller::axis::_joystickToChangedEvent() const
 .text._ZN3vex10controller4axisC2ENS0_9tAxisTypeEPS0_
                0x0000000003804d44       0x2c /Users/sunnyhan/Library/Application Support/Code/User/globalStorage/vexrobotics.vexcode/sdk/cpp/V5/V5_20240802_15_00_00/vexv5/libv5rt.a(vex_controller.cpp.obj)
                0x0000000003804d44                vex::controller::axis::axis(vex::controller::tAxisType, vex::controller*)
                0x0000000003804d44                vex::controller::axis::axis(vex::controller::tAxisType, vex::controller*)
 .text._ZN3vex10controllerC2Ev
                0x0000000003804d70      0x164 /Users/sunnyhan/Library/Application Support/Code/User/globalStorage/vexrobotics.vexcode/sdk/cpp/V5/V5_20240802_15_00_00/vexv5/libv5rt.a(vex_controller.cpp.obj)
                0x0000000003804d70                vex::controller::controller()
                0x0000000003804d70                vex::controller::controller()
 .text._ZN3vex4taskC2Ev
                0x0000000003804ed4       0x28 /Users/sunnyhan/Library/Application Support/Code/User/globalStorage/vexrobotics.vexcode/sdk/cpp/V5/V5_20240802_15_00_00/vexv5/libv5rt.a(vex_task.cpp.obj)
                0x0000000003804ed4                vex::task::task()
                0x0000000003804ed4                vex::task::task()
 .text._ZN3vex4taskC2EPFivE
                0x0000000003804efc       0x5c /Users/sunnyhan/Library/Application Support/Code/User/globalStorage/vexrobotics.vexcode/sdk/cpp/V5/V5_20240802_15_00_00/vexv5/libv5rt.a(vex_task.cpp.obj)
                0x0000000003804efc                vex::task::task(int (*)())
                0x0000000003804efc                vex::task::task(int (*)())
 .text._ZN3vex4taskD2Ev
                0x0000000003804f58        0x4 /Users/sunnyhan/Library/Application Support/Code/User/globalStorage/vexrobotics.vexcode/sdk/cpp/V5/V5_20240802_15_00_00/vexv5/libv5rt.a(vex_task.cpp.obj)
                0x0000000003804f58                vex::task::~task()
                0x0000000003804f58                vex::task::~task()
 .text._ZN3vex4task4stopEPvi
                0x0000000003804f5c       0x1c /Users/sunnyhan/Library/Application Support/Code/User/globalStorage/vexrobotics.vexcode/sdk/cpp/V5/V5_20240802_15_00_00/vexv5/libv5rt.a(vex_task.cpp.obj)
                0x0000000003804f5c                vex::task::stop(void*, int)
 .text._ZN3vex4task5sleepEm
                0x0000000003804f78        0x4 /Users/sunnyhan/Library/Application Support/Code/User/globalStorage/vexrobotics.vexcode/sdk/cpp/V5/V5_20240802_15_00_00/vexv5/libv5rt.a(vex_task.cpp.obj)
                0x0000000003804f78                vex::task::sleep(unsigned long)
 .text._ZN3vex4task5yieldEv
                0x0000000003804f7c        0x4 /Users/sunnyhan/Library/Application Support/Code/User/globalStorage/vexrobotics.vexcode/sdk/cpp/V5/V5_20240802_15_00_00/vexv5/libv5rt.a(vex_task.cpp.obj)
                0x0000000003804f7c                vex::task::yield()
 .text._ZN3vex4task6_indexEPFivE
                0x0000000003804f80       0x14 /Users/sunnyhan/Library/Application Support/Code/User/globalStorage/vexrobotics.vexcode/sdk/cpp/V5/V5_20240802_15_00_00/vexv5/libv5rt.a(vex_task.cpp.obj)
                0x0000000003804f80                vex::task::_index(int (*)())
 .text._ZN3vex4task8_stopAllEv
                0x0000000003804f94       0x3c /Users/sunnyhan/Library/Application Support/Code/User/globalStorage/vexrobotics.vexcode/sdk/cpp/V5/V5_20240802_15_00_00/vexv5/libv5rt.a(vex_task.cpp.obj)
                0x0000000003804f94                vex::task::_stopAll()
 .text._ZN3vex6threadC2EPFivE
                0x0000000003804fd0       0x5c /Users/sunnyhan/Library/Application Support/Code/User/globalStorage/vexrobotics.vexcode/sdk/cpp/V5/V5_20240802_15_00_00/vexv5/libv5rt.a(vex_thread.cpp.obj)
                0x0000000003804fd0                vex::thread::thread(int (*)())
                0x0000000003804fd0                vex::thread::thread(int (*)())
 .text._ZN3vex6threadC2EPFiPvES1_
                0x000000000380502c       0x5c /Users/sunnyhan/Library/Application Support/Code/User/globalStorage/vexrobotics.vexcode/sdk/cpp/V5/V5_20240802_15_00_00/vexv5/libv5rt.a(vex_thread.cpp.obj)
                0x000000000380502c                vex::thread::thread(int (*)(void*), void*)
                0x000000000380502c                vex::thread::thread(int (*)(void*), void*)
 .text._ZN3vex6threadD2Ev
                0x0000000003805088        0x4 /Users/sunnyhan/Library/Application Support/Code/User/globalStorage/vexrobotics.vexcode/sdk/cpp/V5/V5_20240802_15_00_00/vexv5/libv5rt.a(vex_thread.cpp.obj)
                0x0000000003805088                vex::thread::~thread()
                0x0000000003805088                vex::thread::~thread()
 .text._ZN3vex6thread9interruptEv
                0x000000000380508c       0x18 /Users/sunnyhan/Library/Application Support/Code/User/globalStorage/vexrobotics.vexcode/sdk/cpp/V5/V5_20240802_15_00_00/vexv5/libv5rt.a(vex_thread.cpp.obj)
                0x000000000380508c                vex::thread::interrupt()
 .text._ZN3vex6thread11setPriorityEl
                0x00000000038050a4       0x1c /Users/sunnyhan/Library/Application Support/Code/User/globalStorage/vexrobotics.vexcode/sdk/cpp/V5/V5_20240802_15_00_00/vexv5/libv5rt.a(vex_thread.cpp.obj)
                0x00000000038050a4                vex::thread::setPriority(long)
 .text._ZN3vex11this_thread5yieldEv
                0x00000000038050c0        0x4 /Users/sunnyhan/Library/Application Support/Code/User/globalStorage/vexrobotics.vexcode/sdk/cpp/V5/V5_20240802_15_00_00/vexv5/libv5rt.a(vex_thread.cpp.obj)
                0x00000000038050c0                vex::this_thread::yield()
 .text._ZN3vex11this_thread9sleep_forEm
                0x00000000038050c4        0x4 /Users/sunnyhan/Library/Application Support/Code/User/globalStorage/vexrobotics.vexcode/sdk/cpp/V5/V5_20240802_15_00_00/vexv5/libv5rt.a(vex_thread.cpp.obj)
                0x00000000038050c4                vex::this_thread::sleep_for(unsigned long)
 .text._ZN3vex5mutexC2Ev
                0x00000000038050c8       0x1c /Users/sunnyhan/Library/Application Support/Code/User/globalStorage/vexrobotics.vexcode/sdk/cpp/V5/V5_20240802_15_00_00/vexv5/libv5rt.a(vex_thread.cpp.obj)
                0x00000000038050c8                vex::mutex::mutex()
                0x00000000038050c8                vex::mutex::mutex()
 .text._ZN3vex5mutexD2Ev
                0x00000000038050e4        0x4 /Users/sunnyhan/Library/Application Support/Code/User/globalStorage/vexrobotics.vexcode/sdk/cpp/V5/V5_20240802_15_00_00/vexv5/libv5rt.a(vex_thread.cpp.obj)
                0x00000000038050e4                vex::mutex::~mutex()
                0x00000000038050e4                vex::mutex::~mutex()
 .text._ZN3vex5mutex4lockEv
                0x00000000038050e8        0x8 /Users/sunnyhan/Library/Application Support/Code/User/globalStorage/vexrobotics.vexcode/sdk/cpp/V5/V5_20240802_15_00_00/vexv5/libv5rt.a(vex_thread.cpp.obj)
                0x00000000038050e8                vex::mutex::lock()
 .text._ZN3vex5mutex6unlockEv
                0x00000000038050f0        0x4 /Users/sunnyhan/Library/Application Support/Code/User/globalStorage/vexrobotics.vexcode/sdk/cpp/V5/V5_20240802_15_00_00/vexv5/libv5rt.a(vex_thread.cpp.obj)
                0x00000000038050f0                vex::mutex::unlock()
 .text._ZN3vex5event4initEmmPFvvE
                0x00000000038050f4        0x4 /Users/sunnyhan/Library/Application Support/Code/User/globalStorage/vexrobotics.vexcode/sdk/cpp/V5/V5_20240802_15_00_00/vexv5/libv5rt.a(vex_event.cpp.obj)
                0x00000000038050f4                vex::event::init(unsigned long, unsigned long, void (*)())
 .text._ZN3vex5event4initEmmPFvPvES1_
                0x00000000038050f8        0x4 /Users/sunnyhan/Library/Application Support/Code/User/globalStorage/vexrobotics.vexcode/sdk/cpp/V5/V5_20240802_15_00_00/vexv5/libv5rt.a(vex_event.cpp.obj)
                0x00000000038050f8                vex::event::init(unsigned long, unsigned long, void (*)(void*), void*)
 .text._ZN3vex5event9userindexEv
                0x00000000038050fc        0x4 /Users/sunnyhan/Library/Application Support/Code/User/globalStorage/vexrobotics.vexcode/sdk/cpp/V5/V5_20240802_15_00_00/vexv5/libv5rt.a(vex_event.cpp.obj)
                0x00000000038050fc                vex::event::userindex()
 .text._ZZN3vex6meventC4EmmENUlvE_4_FUNEv
                0x0000000003805100        0x4 /Users/sunnyhan/Library/Application Support/Code/User/globalStorage/vexrobotics.vexcode/sdk/cpp/V5/V5_20240802_15_00_00/vexv5/libv5rt.a(vex_mevent.cpp.obj)
 .text._ZN3vex6meventC2Emm
                0x0000000003805104       0x70 /Users/sunnyhan/Library/Application Support/Code/User/globalStorage/vexrobotics.vexcode/sdk/cpp/V5/V5_20240802_15_00_00/vexv5/libv5rt.a(vex_mevent.cpp.obj)
                0x0000000003805104                vex::mevent::mevent(unsigned long, unsigned long)
                0x0000000003805104                vex::mevent::mevent(unsigned long, unsigned long)
 .text._ZN3vex5brain9_getIndexEv
                0x0000000003805174       0x10 /Users/sunnyhan/Library/Application Support/Code/User/globalStorage/vexrobotics.vexcode/sdk/cpp/V5/V5_20240802_15_00_00/vexv5/libv5rt.a(vex_brain.cpp.obj)
                0x0000000003805174                vex::brain::_getIndex()
 .text._ZN3vex5brain3lcd9setCursorEll
                0x0000000003805184       0x44 /Users/sunnyhan/Library/Application Support/Code/User/globalStorage/vexrobotics.vexcode/sdk/cpp/V5/V5_20240802_15_00_00/vexv5/libv5rt.a(vex_brain.cpp.obj)
                0x0000000003805184                vex::brain::lcd::setCursor(long, long)
 .text._ZN3vex5brain3lcd7setFontENS_8fontTypeE
                0x00000000038051c8      0x23c /Users/sunnyhan/Library/Application Support/Code/User/globalStorage/vexrobotics.vexcode/sdk/cpp/V5/V5_20240802_15_00_00/vexv5/libv5rt.a(vex_brain.cpp.obj)
                0x00000000038051c8                vex::brain::lcd::setFont(vex::fontType)
 .text._ZN3vex5brain3lcdC2Ev
                0x0000000003805404       0x94 /Users/sunnyhan/Library/Application Support/Code/User/globalStorage/vexrobotics.vexcode/sdk/cpp/V5/V5_20240802_15_00_00/vexv5/libv5rt.a(vex_brain.cpp.obj)
                0x0000000003805404                vex::brain::lcd::lcd()
                0x0000000003805404                vex::brain::lcd::lcd()
 .text._ZN3vex5brainC2Ev
                0x0000000003805498       0x3c /Users/sunnyhan/Library/Application Support/Code/User/globalStorage/vexrobotics.vexcode/sdk/cpp/V5/V5_20240802_15_00_00/vexv5/libv5rt.a(vex_brain.cpp.obj)
                0x0000000003805498                vex::brain::brain()
                0x0000000003805498                vex::brain::brain()
 .text._ZN3vex5brain3lcd11setPenColorERKNS_5colorE
                0x00000000038054d4       0x14 /Users/sunnyhan/Library/Application Support/Code/User/globalStorage/vexrobotics.vexcode/sdk/cpp/V5/V5_20240802_15_00_00/vexv5/libv5rt.a(vex_brain.cpp.obj)