Archive member included because of file (symbol)

c:\Users\surya\AppData\Roaming\Code\User\globalStorage\vexrobotics.vexcode\sdk\cpp\V5\V5_20240802_15_00_00/vexv5\libv5rt.a(v5_startup.c.obj)
                              (vexStartup)
c:\Users\surya\AppData\Roaming\Code\User\globalStorage\vexrobotics.vexcode\sdk\cpp\V5\V5_20240802_15_00_00/vexv5\libv5rt.a(v5_util.c.obj)
                              c:\Users\surya\AppData\Roaming\Code\User\globalStorage\vexrobotics.vexcode\sdk\cpp\V5\V5_20240802_15_00_00/vexv5\libv5rt.a(v5_startup.c.obj) (vexStdlibVersionLinked)
c:\Users\surya\AppData\Roaming\Code\User\globalStorage\vexrobotics.vexcode\sdk\cpp\V5\V5_20240802_15_00_00/vexv5\libv5rt.a(v5_apijump.c.obj)
                              c:\Users\surya\AppData\Roaming\Code\User\globalStorage\vexrobotics.vexcode\sdk\cpp\V5\V5_20240802_15_00_00/vexv5\libv5rt.a(v5_startup.c.obj) (vexPrivateApiEnable)
c:\Users\surya\AppData\Roaming\Code\User\globalStorage\vexrobotics.vexcode\sdk\cpp\V5\V5_20240802_15_00_00/vexv5\libv5rt.a(v5_apiversions.c.obj)
                              c:\Users\surya\AppData\Roaming\Code\User\globalStorage\vexrobotics.vexcode\sdk\cpp\V5\V5_20240802_15_00_00/vexv5\libv5rt.a(v5_apijump.c.obj) (vexSystemVersion)
c:\Users\surya\AppData\Roaming\Code\User\globalStorage\vexrobotics.vexcode\sdk\cpp\V5\V5_20240802_15_00_00/vexv5\libv5rt.a(vex_global.cpp.obj)
                              build/src/main.o (vex::wait(double, vex::timeUnits))
c:\Users\surya\AppData\Roaming\Code\User\globalStorage\vexrobotics.vexcode\sdk\cpp\V5\V5_20240802_15_00_00/vexv5\libv5rt.a(vex_device.cpp.obj)
                              build/src/ai_robot_link.o (vex::device::value())
c:\Users\surya\AppData\Roaming\Code\User\globalStorage\vexrobotics.vexcode\sdk\cpp\V5\V5_20240802_15_00_00/vexv5\libv5rt.a(vex_motor.cpp.obj)
                              build/src/main.o (vex::motor::~motor())
c:\Users\surya\AppData\Roaming\Code\User\globalStorage\vexrobotics.vexcode\sdk\cpp\V5\V5_20240802_15_00_00/vexv5\libv5rt.a(vex_imu.cpp.obj)
                              build/src/ai_functions.o (vex::inertial::setRotation(double, vex::rotationUnits))
c:\Users\surya\AppData\Roaming\Code\User\globalStorage\vexrobotics.vexcode\sdk\cpp\V5\V5_20240802_15_00_00/vexv5\libv5rt.a(vex_rotation.cpp.obj)
                              build/src/main.o (vex::rotation::~rotation())
c:\Users\surya\AppData\Roaming\Code\User\globalStorage\vexrobotics.vexcode\sdk\cpp\V5\V5_20240802_15_00_00/vexv5\libv5rt.a(vex_optical.cpp.obj)
                              build/src/main.o (vex::optical::~optical())
c:\Users\surya\AppData\Roaming\Code\User\globalStorage\vexrobotics.vexcode\sdk\cpp\V5\V5_20240802_15_00_00/vexv5\libv5rt.a(vex_gps.cpp.obj)
                              build/src/main.o (vex::gps::~gps())
c:\Users\surya\AppData\Roaming\Code\User\globalStorage\vexrobotics.vexcode\sdk\cpp\V5\V5_20240802_15_00_00/vexv5\libv5rt.a(vex_controller.cpp.obj)
                              build/src/main.o (vex::controller::~controller())
c:\Users\surya\AppData\Roaming\Code\User\globalStorage\vexrobotics.vexcode\sdk\cpp\V5\V5_20240802_15_00_00/vexv5\libv5rt.a(vex_task.cpp.obj)
                              build/src/JAR-Template/drive.o (vex::task::task())
c:\Users\surya\AppData\Roaming\Code\User\globalStorage\vexrobotics.vexcode\sdk\cpp\V5\V5_20240802_15_00_00/vexv5\libv5rt.a(vex_thread.cpp.obj)
                              build/src/main.o (vex::thread::thread(int (*)()))
c:\Users\surya\AppData\Roaming\Code\User\globalStorage\vexrobotics.vexcode\sdk\cpp\V5\V5_20240802_15_00_00/vexv5\libv5rt.a(vex_event.cpp.obj)
                              c:\Users\surya\AppData\Roaming\Code\User\globalStorage\vexrobotics.vexcode\sdk\cpp\V5\V5_20240802_15_00_00/vexv5\libv5rt.a(vex_imu.cpp.obj) (vex::event::init(unsigned long, unsigned long, void (*)()))
c:\Users\surya\AppData\Roaming\Code\User\globalStorage\vexrobotics.vexcode\sdk\cpp\V5\V5_20240802_15_00_00/vexv5\libv5rt.a(vex_mevent.cpp.obj)
                              c:\Users\surya\AppData\Roaming\Code\User\globalStorage\vexrobotics.vexcode\sdk\cpp\V5\V5_20240802_15_00_00/vexv5\libv5rt.a(vex_controller.cpp.obj) (vex::mevent::mevent(unsigned long, unsigned long))
c:\Users\surya\AppData\Roaming\Code\User\globalStorage\vexrobotics.vexcode\sdk\cpp\V5\V5_20240802_15_00_00/vexv5\libv5rt.a(vex_brain.cpp.obj)
                              build/src/dashboard.o (vex::brain::lcd::setFont(vex::fontType))
c:\Users\surya\AppData\Roaming\Code\User\globalStorage\vexrobotics.vexcode\sdk\cpp\V5\V5_20240802_15_00_00/vexv5\libv5rt.a(vex_competition.cpp.obj)
                              build/src/main.o (vex::competition::competition())
c:\Users\surya\AppData\Roaming\Code\User\globalStorage\vexrobotics.vexcode\sdk\cpp\V5\V5_20240802_15_00_00/vexv5\libv5rt.a(vex_triport.cpp.obj)
                              build/src/main.o (vex::triport::~triport())
[...]
Memory Configuration

Name             Origin             Length             Attributes
ps7_ddr_0_S_AXI_BASEADDR 0x03800000         0x04800000
*default*        0x00000000         0xffffffff

Linker script and memory map

                0x00002000                _STACK_SIZE = DEFINED (_STACK_SIZE)?_STACK_SIZE:0x2000
                0x00100000                _HEAP_SIZE = DEFINED (_HEAP_SIZE)?_HEAP_SIZE:0x100000
                0x00000400                _ABORT_STACK_SIZE = DEFINED (_ABORT_STACK_SIZE)?_ABORT_STACK_SIZE:0x400
                0x00000800                _SUPERVISOR_STACK_SIZE = DEFINED (_SUPERVISOR_STACK_SIZE)?_SUPERVISOR_STACK_SIZE:0x800
                0x00000400                _IRQ_STACK_SIZE = DEFINED (_IRQ_STACK_SIZE)?_IRQ_STACK_SIZE:0x400
                0x00000400                _FIQ_STACK_SIZE = DEFINED (_FIQ_STACK_SIZE)?_FIQ_STACK_SIZE:0x400
                0x00000400                _UNDEF_STACK_SIZE = DEFINED (_UNDEF_STACK_SIZE)?_UNDEF_STACK_SIZE:0x400

.text           0x03800000    0x11bc8
 *(.vectors)
 *(.boot_data)
 .boot_data     0x03800000       0x20 c:\Users\surya\AppData\Roaming\Code\User\globalStorage\vexrobotics.vexcode\sdk\cpp\V5\V5_20240802_15_00_00/vexv5\libv5rt.a(v5_startup.c.obj)
                0x03800000                vexCodeSig
                0x00000020                . = 0x20
 *(.boot)
 .boot          0x03800020       0xbc c:\Users\surya\AppData\Roaming\Code\User\globalStorage\vexrobotics.vexcode\sdk\cpp\V5\V5_20240802_15_00_00/vexv5\libv5rt.a(v5_startup.c.obj)
                0x03800020                vexStartup
                0x03800100                . = ALIGN (0x40)
 *fill*         0x038000dc       0x24 
 *(.freertos_vectors)
 *(.text)
 .text          0x03800100       0x3a c:\Users\surya\AppData\Roaming\Code\User\globalStorage\vexrobotics.vexcode\sdk\cpp\V5\V5_20240802_15_00_00/vexv5/gcc/libs\libc.a(lib_a-aeabi_memmove-soft.o)
                0x03800100                __aeabi_memmove4
                0x03800100                __aeabi_memmove
                0x03800100                __aeabi_memmove8
 .text          0x0380013a       0x9a c:\Users\surya\AppData\Roaming\Code\User\globalStorage\vexrobotics.vexcode\sdk\cpp\V5\V5_20240802_15_00_00/vexv5/gcc/libs\libc.a(lib_a-aeabi_memset-soft.o)
                0x0380013a                __aeabi_memset8
                0x0380013a                __aeabi_memset
                0x0380013a                __aeabi_memset4
 *(.text.*)
 .text._ZN7DualGPSC2ERN3vex3gpsES2_RNS0_8inertialENS0_13distanceUnitsE
                0x038001d4       0x78 build/src/DualGPS.o
                0x038001d4                DualGPS::DualGPS(vex::gps&, vex::gps&, vex::inertial&, vex::distanceUnits)
                0x038001d4                DualGPS::DualGPS(vex::gps&, vex::gps&, vex::inertial&, vex::distanceUnits)
 .text._ZN7DualGPS12updateThreadEPv
                0x0380024c       0x20 build/src/DualGPS.o
                0x0380024c                DualGPS::updateThread(void*)
 .text._ZN7DualGPSD2Ev
                0x0380026c       0x48 build/src/DualGPS.o
                0x0380026c                DualGPS::~DualGPS()
                0x0380026c                DualGPS::~DualGPS()
 *fill*         0x038002b4        0x4 
 .text._ZN7DualGPS14updatePositionEv
                0x038002b8      0x298 build/src/DualGPS.o
                0x038002b8                DualGPS::updatePosition()
 .text._ZN7DualGPS9xPositionEv
                0x03800550       0x34 build/src/DualGPS.o
                0x03800550                DualGPS::xPosition()
 .text._ZN7DualGPS9yPositionEv
                0x03800584       0x34 build/src/DualGPS.o
                0x03800584                DualGPS::yPosition()
 .text._ZN7DualGPS7headingEv
                0x038005b8       0x34 build/src/DualGPS.o
                0x038005b8                DualGPS::heading()
 .text._ZN7DualGPS7qualityEv
                0x038005ec       0x34 build/src/DualGPS.o
                0x038005ec                DualGPS::quality()
 .text._ZN7DualGPS9calibrateEv
                0x03800620       0x38 build/src/DualGPS.o
                0x03800620                DualGPS::calibrate()
 .text._ZN7DualGPS13isCalibratingEv
                0x03800658       0x40 build/src/DualGPS.o
                0x03800658                DualGPS::isCalibrating()
 .text._ZN3vex11motor_groupC2IJNS_5motorES2_EEERS2_DpRT_
                0x03800698       0x44 build/src/main.o
                0x03800698                vex::motor_group::motor_group<vex::motor, vex::motor>(vex::motor&, vex::motor&, vex::motor&)
 .text._ZN5DriveD2Ev
                0x038006dc       0x7c build/src/main.o
                0x038006dc                Drive::~Drive()
 .text._Z16configureChassisv
                0x03800758      0x114 build/src/main.o
                0x03800758                configureChassis()
 .text._Z19planAndFollowPathCmddfb
                0x0380086c      0x30c build/src/main.o
                0x0380086c                planAndFollowPathCm(double, double, float, bool)
 .text._Z14autonomousMainv
                0x03800b78      0x2d0 build/src/main.o
                0x03800b78                autonomousMain()
 .text._ZL19showTimeRemainingMsi
                0x03800e48       0x70 build/src/main.o
 .text._Z13driverControlv
                0x03800eb8      0x438 build/src/main.o
                0x03800eb8                driverControl()
 .text.main     0x038012f0       0xe4 build/src/main.o
                0x038012f0                main
 .text._ZNSt6vectorI4RectSaIS0_EED2Ev
                0x038013d4       0x44 build/src/main.o
                0x038013d4                std::vector<Rect, std::allocator<Rect> >::~vector()
 .text._ZNSt12_Vector_baseISt4pairIddESaIS1_EE11_M_allocateEj
                0x03801418       0x30 build/src/main.o
                0x03801418                std::_Vector_base<std::pair<double, double>, std::allocator<std::pair<double, double> > >::_M_allocate(unsigned int)
 .text._ZNSt6vectorISt4pairIddESaIS1_EE19_M_emplace_back_auxIJS1_EEEvDpOT_
                0x03801448       0x8c build/src/main.o
                0x03801448                void std::vector<std::pair<double, double>, std::allocator<std::pair<double, double> > >::_M_emplace_back_aux<std::pair<double, double> >(std::pair<double, double>&&)
 .text._ZNKSt6vectorISt4pairIddESaIS1_EE12_M_check_lenEjPKc
                0x038014d4       0x54 build/src/main.o
                0x038014d4                std::vector<std::pair<double, double>, std::allocator<std::pair<double, double> > >::_M_check_len(unsigned int, char const*) const
 .text._ZNSt6vectorISt4pairIddESaIS1_EE19_M_emplace_back_auxIJRKS1_EEEvDpOT_
                0x03801528       0x8c build/src/main.o
                0x03801528                void std::vector<std::pair<double, double>, std::allocator<std::pair<double, double> > >::_M_emplace_back_aux<std::pair<double, double> const&>(std::pair<double, double> const&)
 .text._GLOBAL__sub_I_main.cpp
                0x038015b4      0x6a0 build/src/main.o
 .text._GLOBAL__sub_I_astar_test.cpp
                0x03801c54       0x34 build/src/astar_test.o
 .text._Z13dashboardTaskv
                0x03801c88      0x7cc build/src/dashboard.o
                0x03801c88                dashboardTask()
 *fill*         0x03802454        0x4 
 .text._Z16calculateBearingdddd
                0x03802458       0xb0 build/src/ai_functions.o
                0x03802458                calculateBearing(double, double, double, double)
 .text._Z13emergencyStopv
                0x03802508       0x4c build/src/ai_functions.o
                0x03802508                emergencyStop()
 *fill*         0x03802554        0x4 
 .text._ZL14getScoredBalls6OBJECT
                0x03802558      0x440 build/src/ai_functions.o
 .text._Z16collectBestBalls6OBJECT
                0x03802998      0x548 build/src/ai_functions.o
                0x03802998                collectBestBalls(OBJECT)
 .text._Z21purePursuitFollowPathRKSt6vectorISt4pairIddESaIS1_EEffffb
                0x03802ee0     0x1768 build/src/ai_functions.o
                0x03802ee0                purePursuitFollowPath(std::vector<std::pair<double, double>, std::allocator<std::pair<double, double> > > const&, float, float, float, float, bool)
 .text._Z16testPathPlanningv
                0x03804648      0xc08 build/src/ai_functions.o
                0x03804648                testPathPlanning()
 .text._Z7pidtestv
                0x03805250      0x210 build/src/ai_functions.o
                0x03805250                pidtest()
 .text._Z11turnpidtestv
                0x03805460      0x480 build/src/ai_functions.o
                0x03805460                turnpidtest()
 .text._Z12drivepidtestv
                0x038058e0      0x44c build/src/ai_functions.o
                0x038058e0                drivepidtest()
 *fill*         0x03805d2c        0x4 
 .text._Z15testPurePursuitv
                0x03805d30     0x1328 build/src/ai_functions.o
                0x03805d30                testPurePursuit()
 .text._ZNSt6vectorI10ScoredBallSaIS0_EE7reserveEj
                0x03807058       0x94 build/src/ai_functions.o
                0x03807058                std::vector<ScoredBall, std::allocator<ScoredBall> >::reserve(unsigned int)
 .text._ZNSt12_Vector_baseI10ScoredBallSaIS0_EE11_M_allocateEj
                0x038070ec       0x30 build/src/ai_functions.o
                0x038070ec                std::_Vector_base<ScoredBall, std::allocator<ScoredBall> >::_M_allocate(unsigned int)
 .text._ZNSt6vectorI10ScoredBallSaIS0_EE19_M_emplace_back_auxIJS0_EEEvDpOT_
                0x0380711c       0xac build/src/ai_functions.o
                0x0380711c                void std::vector<ScoredBall, std::allocator<ScoredBall> >::_M_emplace_back_aux<ScoredBall>(ScoredBall&&)
 .text._ZNKSt6vectorI10ScoredBallSaIS0_EE12_M_check_lenEjPKc
                0x038071c8       0x54 build/src/ai_functions.o
                0x038071c8                std::vector<ScoredBall, std::allocator<ScoredBall> >::_M_check_len(unsigned int, char const*) const
 .text._ZSt16__introsort_loopIN9__gnu_cxx17__normal_iteratorIP10ScoredBallSt6vectorIS2_SaIS2_EEEEiNS0_5__ops15_Iter_comp_iterIZL14getScoredBalls6OBJECTE3$_0EEEvT_SD_T0_T1_
                0x0380721c      0x554 build/src/ai_functions.o
 .text._ZSt13__adjust_heapIN9__gnu_cxx17__normal_iteratorIP10ScoredBallSt6vectorIS2_SaIS2_EEEEiS2_NS0_5__ops15_Iter_comp_iterIZL14getScoredBalls6OBJECTE3$_0EEEvT_T0_SE_T1_T2_
                0x03807770      0x1c4 build/src/ai_functions.o
 .text._ZSt16__insertion_sortIN9__gnu_cxx17__normal_iteratorIP10ScoredBallSt6vectorIS2_SaIS2_EEEENS0_5__ops15_Iter_comp_iterIZL14getScoredBalls6OBJECTE3$_0EEEvT_SD_T0_
                0x03807934      0x170 build/src/ai_functions.o
 .text._GLOBAL__sub_I_ai_functions.cpp
                0x03807aa4       0x34 build/src/ai_functions.o
 .text._ZNK4Rect8containsEdd
                0x03807ad8       0xf8 build/src/field_map.o
                0x03807ad8                Rect::contains(double, double) const
 .text._ZNK4Rect17intersectsSegmentEdddd
                0x03807bd0      0x468 build/src/field_map.o
                0x03807bd0                Rect::intersectsSegment(double, double, double, double) const
 .text._ZN8FieldMapC2Ev
                0x03808038       0x60 build/src/field_map.o
                0x03808038                FieldMap::FieldMap()
                0x03808038                FieldMap::FieldMap()
 .text._ZNSt6vectorI4RectSaIS0_EE9push_backERKS0_
                0x03808098       0x60 build/src/field_map.o
                0x03808098                std::vector<Rect, std::allocator<Rect> >::push_back(Rect const&)
 .text._ZNK8FieldMap12getObstaclesEv
                0x038080f8        0x4 build/src/field_map.o
                0x038080f8                FieldMap::getObstacles() const
 .text._ZNK8FieldMap17isPointInObstacleEdd
                0x038080fc       0xc4 build/src/field_map.o
                0x038080fc                FieldMap::isPointInObstacle(double, double) const
 .text._ZNK8FieldMap23lineIntersectsObstaclesEdddd
                0x038081c0      0x104 build/src/field_map.o
                0x038081c0                FieldMap::lineIntersectsObstacles(double, double, double, double) const
 *fill*         0x038082c4        0x4 
 .text._ZN8FieldMap21populateStandardFieldEv
                0x038082c8      0x510 build/src/field_map.o
                0x038082c8                FieldMap::populateStandardField()
 .text._ZNSt6vectorI4RectSaIS0_EE19_M_emplace_back_auxIJRKS0_EEEvDpOT_
                0x038087d8      0x108 build/src/field_map.o
                0x038087d8                void std::vector<Rect, std::allocator<Rect> >::_M_emplace_back_aux<Rect const&>(Rect const&)
 .text._ZNKSt6vectorI4RectSaIS0_EE12_M_check_lenEjPKc
                0x038088e0       0x64 build/src/field_map.o
                0x038088e0                std::vector<Rect, std::allocator<Rect> >::_M_check_len(unsigned int, char const*) const
 .text._ZNSt12_Vector_baseI4RectSaIS0_EE11_M_allocateEj
                0x03808944       0x3c build/src/field_map.o
                0x03808944                std::_Vector_base<Rect, std::allocator<Rect> >::_M_allocate(unsigned int)
 .text._ZN5astar8findPathERK8FieldMapddddddd
                0x03808980      0xee0 build/src/astar.o
                0x03808980                astar::findPath(FieldMap const&, double, double, double, double, double, double, double)
 .text._ZNSt14priority_queueIZN5astar8findPathERK8FieldMapdddddddE6PQNodeSt6vectorIS4_SaIS4_EEZNS0_8findPathES3_dddddddE6PQCompE4pushEOS4_
                0x03809860      0x13c build/src/astar.o
 .text._ZNSt10_HashtableIxSt4pairIKxxESaIS2_ENSt8__detail10_Select1stESt8equal_toIxESt4hashIxENS4_18_Mod_range_hashingENS4_20_Default_ranged_hashENS4_20_Prime_rehash_policyENS4_17_Hashtable_traitsILb0ELb0ELb1EEEED2Ev
                0x0380999c       0x30 build/src/astar.o
                0x0380999c                std::_Hashtable<long long, std::pair<long long const, long long>, std::allocator<std::pair<long long const, long long> >, std::__detail::_Select1st, std::equal_to<long long>, std::hash<long long>, std::__detail::_Mod_range_hashing, std::__detail::_Default_ranged_hash, std::__detail::_Prime_rehash_policy, std::__detail::_Hashtable_traits<false, false, true> >::~_Hashtable()
 .text._ZNSt10_HashtableIxSt4pairIKxxESaIS2_ENSt8__detail10_Select1stESt8equal_toIxESt4hashIxENS4_18_Mod_range_hashingENS4_20_Default_ranged_hashENS4_20_Prime_rehash_policyENS4_17_Hashtable_traitsILb0ELb0ELb1EEEE5clearEv
                0x038099cc       0x48 build/src/astar.o
                0x038099cc                std::_Hashtable<long long, std::pair<long long const, long long>, std::allocator<std::pair<long long const, long long> >, std::__detail::_Select1st, std::equal_to<long long>, std::hash<long long>, std::__detail::_Mod_range_hashing, std::__detail::_Default_ranged_hash, std::__detail::_Prime_rehash_policy, std::__detail::_Hashtable_traits<false, false, true> >::clear()
 .text._ZNSt10_HashtableIxSt4pairIKxdESaIS2_ENSt8__detail10_Select1stESt8equal_toIxESt4hashIxENS4_18_Mod_range_hashingENS4_20_Default_ranged_hashENS4_20_Prime_rehash_policyENS4_17_Hashtable_traitsILb0ELb0ELb1EEEED2Ev
                0x03809a14       0x30 build/src/astar.o
                0x03809a14                std::_Hashtable<long long, std::pair<long long const, double>, std::allocator<std::pair<long long const, double> >, std::__detail::_Select1st, std::equal_to<long long>, std::hash<long long>, std::__detail::_Mod_range_hashing, std::__detail::_Default_ranged_hash, std::__detail::_Prime_rehash_policy, std::__detail::_Hashtable_traits<false, false, true> >::~_Hashtable()
 .text._ZNSt10_HashtableIxSt4pairIKxdESaIS2_ENSt8__detail10_Select1stESt8equal_toIxESt4hashIxENS4_18_Mod_range_hashingENS4_20_Default_ranged_hashENS4_20_Prime_rehash_policyENS4_17_Hashtable_traitsILb0ELb0ELb1EEEE5clearEv
                0x03809a44       0x48 build/src/astar.o
                0x03809a44                std::_Hashtable<long long, std::pair<long long const, double>, std::allocator<std::pair<long long const, double> >, std::__detail::_Select1st, std::equal_to<long long>, std::hash<long long>, std::__detail::_Mod_range_hashing, std::__detail::_Default_ranged_hash, std::__detail::_Prime_rehash_policy, std::__detail::_Hashtable_traits<false, false, true> >::clear()
 .text._ZSt13__adjust_heapIN9__gnu_cxx17__normal_iteratorIPZN5astar8findPathERK8FieldMapdddddddE6PQNodeSt6vectorIS6_SaIS6_EEEEiS6_NS0_5__ops15_Iter_comp_iterIZNS2_8findPathES5_dddddddE6PQCompEEEvT_T0_SH_T1_T2_
                0x03809a8c      0x114 build/src/astar.o
 .text._ZNSt10_HashtableIxSt4pairIKxdESaIS2_ENSt8__detail10_Select1stESt8equal_toIxESt4hashIxENS4_18_Mod_range_hashingENS4_20_Default_ranged_hashENS4_20_Prime_rehash_policyENS4_17_Hashtable_traitsILb0ELb0ELb1EEEEC2EjRKS9_RKSA_RKSB_RKS7_RKS5_RKS3_
                0x03809ba0       0x78 build/src/astar.o
                0x03809ba0                std::_Hashtable<long long, std::pair<long long const, double>, std::allocator<std::pair<long long const, double> >, std::__detail::_Select1st, std::equal_to<long long>, std::hash<long long>, std::__detail::_Mod_range_hashing, std::__detail::_Default_ranged_hash, std::__detail::_Prime_rehash_policy, std::__detail::_Hashtable_traits<false, false, true> >::_Hashtable(unsigned int, std::hash<long long> const&, std::__detail::_Mod_range_hashing const&, std::__detail::_Default_ranged_hash const&, std::equal_to<long long> const&, std::__detail::_Select1st const&, std::allocator<std::pair<long long const, double> > const&)
 .text._ZNSt10_HashtableIxSt4pairIKxxESaIS2_ENSt8__detail10_Select1stESt8equal_toIxESt4hashIxENS4_18_Mod_range_hashingENS4_20_Default_ranged_hashENS4_20_Prime_rehash_policyENS4_17_Hashtable_traitsILb0ELb0ELb1EEEEC2EjRKS9_RKSA_RKSB_RKS7_RKS5_RKS3_
                0x03809c18       0x78 build/src/astar.o
                0x03809c18                std::_Hashtable<long long, std::pair<long long const, long long>, std::allocator<std::pair<long long const, long long> >, std::__detail::_Select1st, std::equal_to<long long>, std::hash<long long>, std::__detail::_Mod_range_hashing, std::__detail::_Default_ranged_hash, std::__detail::_Prime_rehash_policy, std::__detail::_Hashtable_traits<false, false, true> >::_Hashtable(unsigned int, std::hash<long long> const&, std::__detail::_Mod_range_hashing const&, std::__detail::_Default_ranged_hash const&, std::equal_to<long long> const&, std::__detail::_Select1st const&, std::allocator<std::pair<long long const, long long> > const&)
 .text._ZNSt8__detail9_Map_baseIxSt4pairIKxdESaIS3_ENS_10_Select1stESt8equal_toIxESt4hashIxENS_18_Mod_range_hashingENS_20_Default_ranged_hashENS_20_Prime_rehash_policyENS_17_Hashtable_traitsILb0ELb0ELb1EEELb1EEixERS2_
                0x03809c90       0xf4 build/src/astar.o
                0x03809c90                std::__detail::_Map_base<long long, std::pair<long long const, double>, std::allocator<std::pair<long long const, double> >, std::__detail::_Select1st, std::equal_to<long long>, std::hash<long long>, std::__detail::_Mod_range_hashing, std::__detail::_Default_ranged_hash, std::__detail::_Prime_rehash_policy, std::__detail::_Hashtable_traits<false, false, true>, true>::operator[](long long const&)
 .text._ZNSt10_HashtableIxSt4pairIKxdESaIS2_ENSt8__detail10_Select1stESt8equal_toIxESt4hashIxENS4_18_Mod_range_hashingENS4_20_Default_ranged_hashENS4_20_Prime_rehash_policyENS4_17_Hashtable_traitsILb0ELb0ELb1EEEE21_M_insert_unique_nodeEjjPNS4_10_Hash_nodeIS2_Lb0EEE
                0x03809d84       0x88 build/src/astar.o
                0x03809d84                std::_Hashtable<long long, std::pair<long long const, double>, std::allocator<std::pair<long long const, double> >, std::__detail::_Select1st, std::equal_to<long long>, std::hash<long long>, std::__detail::_Mod_range_hashing, std::__detail::_Default_ranged_hash, std::__detail::_Prime_rehash_policy, std::__detail::_Hashtable_traits<false, false, true> >::_M_insert_unique_node(unsigned int, unsigned int, std::__detail::_Hash_node<std::pair<long long const, double>, false>*)
 .text._ZNSt10_HashtableIxSt4pairIKxdESaIS2_ENSt8__detail10_Select1stESt8equal_toIxESt4hashIxENS4_18_Mod_range_hashingENS4_20_Default_ranged_hashENS4_20_Prime_rehash_policyENS4_17_Hashtable_traitsILb0ELb0ELb1EEEE22_M_insert_bucket_beginEjPNS4_10_Hash_nodeIS2_Lb0EEE
                0x03809e0c       0x70 build/src/astar.o
                0x03809e0c                std::_Hashtable<long long, std::pair<long long const, double>, std::allocator<std::pair<long long const, double> >, std::__detail::_Select1st, std::equal_to<long long>, std::hash<long long>, std::__detail::_Mod_range_hashing, std::__detail::_Default_ranged_hash, std::__detail::_Prime_rehash_policy, std::__detail::_Hashtable_traits<false, false, true> >::_M_insert_bucket_begin(unsigned int, std::__detail::_Hash_node<std::pair<long long const, double>, false>*)
 .text._ZNSt10_HashtableIxSt4pairIKxdESaIS2_ENSt8__detail10_Select1stESt8equal_toIxESt4hashIxENS4_18_Mod_range_hashingENS4_20_Default_ranged_hashENS4_20_Prime_rehash_policyENS4_17_Hashtable_traitsILb0ELb0ELb1EEEE13_M_rehash_auxEjSt17integral_constantIbLb1EE
                0x03809e7c       0xe0 build/src/astar.o
                0x03809e7c                std::_Hashtable<long long, std::pair<long long const, double>, std::allocator<std::pair<long long const, double> >, std::__detail::_Select1st, std::equal_to<long long>, std::hash<long long>, std::__detail::_Mod_range_hashing, std::__detail::_Default_ranged_hash, std::__detail::_Prime_rehash_policy, std::__detail::_Hashtable_traits<false, false, true> >::_M_rehash_aux(unsigned int, std::integral_constant<bool, true>)
 .text._ZNSt10_HashtableIxSt4pairIKxdESaIS2_ENSt8__detail10_Select1stESt8equal_toIxESt4hashIxENS4_18_Mod_range_hashingENS4_20_Default_ranged_hashENS4_20_Prime_rehash_policyENS4_17_Hashtable_traitsILb0ELb0ELb1EEEE4findERS1_
                0x03809f5c       0xb0 build/src/astar.o
                0x03809f5c                std::_Hashtable<long long, std::pair<long long const, double>, std::allocator<std::pair<long long const, double> >, std::__detail::_Select1st, std::equal_to<long long>, std::hash<long long>, std::__detail::_Mod_range_hashing, std::__detail::_Default_ranged_hash, std::__detail::_Prime_rehash_policy, std::__detail::_Hashtable_traits<false, false, true> >::find(long long const&)
 .text._ZNSt8__detail9_Map_baseIxSt4pairIKxxESaIS3_ENS_10_Select1stESt8equal_toIxESt4hashIxENS_18_Mod_range_hashingENS_20_Default_ranged_hashENS_20_Prime_rehash_policyENS_17_Hashtable_traitsILb0ELb0ELb1EEELb1EEixERS2_
                0x0380a00c       0xf4 build/src/astar.o
                0x0380a00c                std::__detail::_Map_base<long long, std::pair<long long const, long long>, std::allocator<std::pair<long long const, long long> >, std::__detail::_Select1st, std::equal_to<long long>, std::hash<long long>, std::__detail::_Mod_range_hashing, std::__detail::_Default_ranged_hash, std::__detail::_Prime_rehash_policy, std::__detail::_Hashtable_traits<false, false, true>, true>::operator[](long long const&)
 .text._ZNSt10_HashtableIxSt4pairIKxxESaIS2_ENSt8__detail10_Select1stESt8equal_toIxESt4hashIxENS4_18_Mod_range_hashingENS4_20_Default_ranged_hashENS4_20_Prime_rehash_policyENS4_17_Hashtable_traitsILb0ELb0ELb1EEEE21_M_insert_unique_nodeEjjPNS4_10_Hash_nodeIS2_Lb0EEE
                0x0380a100       0x88 build/src/astar.o
                0x0380a100                std::_Hashtable<long long, std::pair<long long const, long long>, std::allocator<std::pair<long long const, long long> >, std::__detail::_Select1st, std::equal_to<long long>, std::hash<long long>, std::__detail::_Mod_range_hashing, std::__detail::_Default_ranged_hash, std::__detail::_Prime_rehash_policy, std::__detail::_Hashtable_traits<false, false, true> >::_M_insert_unique_node(unsigned int, unsigned int, std::__detail::_Hash_node<std::pair<long long const, long long>, false>*)
 .text._ZNSt10_HashtableIxSt4pairIKxxESaIS2_ENSt8__detail10_Select1stESt8equal_toIxESt4hashIxENS4_18_Mod_range_hashingENS4_20_Default_ranged_hashENS4_20_Prime_rehash_policyENS4_17_Hashtable_traitsILb0ELb0ELb1EEEE22_M_insert_bucket_beginEjPNS4_10_Hash_nodeIS2_Lb0EEE
                0x0380a188       0x70 build/src/astar.o
                0x0380a188                std::_Hashtable<long long, std::pair<long long const, long long>, std::allocator<std::pair<long long const, long long> >, std::__detail::_Select1st, std::equal_to<long long>, std::hash<long long>, std::__detail::_Mod_range_hashing, std::__detail::_Default_ranged_hash, std::__detail::_Prime_rehash_policy, std::__detail::_Hashtable_traits<false, false, true> >::_M_insert_bucket_begin(unsigned int, std::__detail::_Hash_node<std::pair<long long const, long long>, false>*)
 .text._ZNSt10_HashtableIxSt4pairIKxxESaIS2_ENSt8__detail10_Select1stESt8equal_toIxESt4hashIxENS4_18_Mod_range_hashingENS4_20_Default_ranged_hashENS4_20_Prime_rehash_policyENS4_17_Hashtable_traitsILb0ELb0ELb1EEEE13_M_rehash_auxEjSt17integral_constantIbLb1EE
                0x0380a1f8       0xe0 build/src/astar.o
                0x0380a1f8                std::_Hashtable<long long, std::pair<long long const, long long>, std::allocator<std::pair<long long const, long long> >, std::__detail::_Select1st, std::equal_to<long long>, std::hash<long long>, std::__detail::_Mod_range_hashing, std::__detail::_Default_ranged_hash, std::__detail::_Prime_rehash_policy, std::__detail::_Hashtable_traits<false, false, true> >::_M_rehash_aux(unsigned int, std::integral_constant<bool, true>)
 .text._ZNSt10_HashtableIxSt4pairIKxxESaIS2_ENSt8__detail10_Select1stESt8equal_toIxESt4hashIxENS4_18_Mod_range_hashingENS4_20_Default_ranged_hashENS4_20_Prime_rehash_policyENS4_17_Hashtable_traitsILb0ELb0ELb1EEEE4findERS1_
                0x0380a2d8       0xb0 build/src/astar.o
                0x0380a2d8                std::_Hashtable<long long, std::pair<long long const, long long>, std::allocator<std::pair<long long const, long long> >, std::__detail::_Select1st, std::equal_to<long long>, std::hash<long long>, std::__detail::_Mod_range_hashing, std::__detail::_Default_ranged_hash, std::__detail::_Prime_rehash_policy, std::__detail::_Hashtable_traits<false, false, true> >::find(long long const&)
 .text._ZN2ai10robot_linkC2ElPKcN3vex8linkTypeE
                0x0380a388       0x98 build/src/ai_robot_link.o
                0x0380a388                ai::robot_link::robot_link(long, char const*, vex::linkType)
                0x0380a388                ai::robot_link::robot_link(long, char const*, vex::linkType)
 .text._ZN2ai10robot_link7tx_taskEPv
                0x0380a420       0xe0 build/src/ai_robot_link.o
                0x0380a420                ai::robot_link::tx_task(void*)
 .text._ZN2ai10robot_link7rx_taskEPv
                0x0380a500       0x8c build/src/ai_robot_link.o
                0x0380a500                ai::robot_link::rx_task(void*)
 .text._ZN2ai10robot_linkD2Ev
                0x0380a58c       0x4c build/src/ai_robot_link.o
                0x0380a58c                ai::robot_link::~robot_link()
                0x0380a58c                ai::robot_link::~robot_link()
 .text._ZN2ai10robot_linkD0Ev
                0x0380a5d8       0x14 build/src/ai_robot_link.o
                0x0380a5d8                ai::robot_link::~robot_link()
 .text._ZN2ai10robot_link11get_packetsEv
                0x0380a5ec        0x8 build/src/ai_robot_link.o
                0x0380a5ec                ai::robot_link::get_packets()
 .text._ZN2ai10robot_link10get_errorsEv
                0x0380a5f4        0x8 build/src/ai_robot_link.o
                0x0380a5f4                ai::robot_link::get_errors()
 .text._ZN2ai10robot_link12get_timeoutsEv
                0x0380a5fc        0x8 build/src/ai_robot_link.o
                0x0380a5fc                ai::robot_link::get_timeouts()
 .text._ZN2ai10robot_link9get_totalEv
                0x0380a604        0x8 build/src/ai_robot_link.o
                0x0380a604                ai::robot_link::get_total()
 .text._ZN2ai10robot_link19set_remote_locationEfffl
                0x0380a60c       0x78 build/src/ai_robot_link.o
                0x0380a60c                ai::robot_link::set_remote_location(float, float, float, long)
 .text._ZN2ai10robot_link18get_local_locationERfS1_S1_Rl
                0x0380a684       0x88 build/src/ai_robot_link.o
                0x0380a684                ai::robot_link::get_local_location(float&, float&, float&, long&)
 .text._ZN2ai10robot_link19get_remote_locationERfS1_S1_
                0x0380a70c       0x7c build/src/ai_robot_link.o
                0x0380a70c                ai::robot_link::get_remote_location(float&, float&, float&)
 .text._ZN2ai10robot_link7processEh
                0x0380a788      0x258 build/src/ai_robot_link.o
                0x0380a788                ai::robot_link::process(unsigned char)
 .text._ZN2ai6jetsonC2Ev
                0x0380a9e0       0x60 build/src/ai_jetson.o
                0x0380a9e0                ai::jetson::jetson()
                0x0380a9e0                ai::jetson::jetson()
 .text._ZN2ai6jetson12receive_taskEPv
                0x0380aa40       0x58 build/src/ai_jetson.o
                0x0380aa40                ai::jetson::receive_task(void*)
 .text._ZN2ai6jetsonD2Ev
                0x0380aa98       0x28 build/src/ai_jetson.o
                0x0380aa98                ai::jetson::~jetson()
                0x0380aa98                ai::jetson::~jetson()
 .text._ZN2ai6jetson11get_packetsEv
                0x0380aac0        0x8 build/src/ai_jetson.o
                0x0380aac0                ai::jetson::get_packets()
 .text._ZN2ai6jetson10get_errorsEv
                0x0380aac8        0x8 build/src/ai_jetson.o
                0x0380aac8                ai::jetson::get_errors()
 .text._ZN2ai6jetson12get_timeoutsEv
                0x0380aad0        0x8 build/src/ai_jetson.o
                0x0380aad0                ai::jetson::get_timeouts()
 .text._ZN2ai6jetson9get_totalEv
                0x0380aad8        0x8 build/src/ai_jetson.o
                0x0380aad8                ai::jetson::get_total()
 .text._ZN2ai6jetson8get_dataEP9AI_RECORD
                0x0380aae0       0x5c build/src/ai_jetson.o
                0x0380aae0                ai::jetson::get_data(AI_RECORD*)
 .text._ZN2ai6jetson5crc32EPhmm
                0x0380ab3c       0x84 build/src/ai_jetson.o
                0x0380ab3c                ai::jetson::crc32(unsigned char*, unsigned long, unsigned long)
 .text._ZN2ai6jetson5parseEh
                0x0380abc0      0x31c build/src/ai_jetson.o
                0x0380abc0                ai::jetson::parse(unsigned char)
 .text._ZN2ai6jetson11request_mapEv
                0x0380aedc       0x88 build/src/ai_jetson.o
                0x0380aedc                ai::jetson::request_map()
 .text._GLOBAL__sub_I_color_sort.cpp
                0x0380af64       0x4c build/src/color_sort.o
 .text._Z15reduce_0_to_360f
                0x0380afb0       0x7c build/src/JAR-Template/util.o
                0x0380afb0                reduce_0_to_360(float)
 .text._Z26reduce_negative_180_to_180f
                0x0380b02c       0x90 build/src/JAR-Template/util.o
                0x0380b02c                reduce_negative_180_to_180(float)
 .text._Z5clampfff
                0x0380b0bc       0x2c build/src/JAR-Template/util.o
                0x0380b0bc                clamp(float, float, float)
 .text._Z11is_reversedd
                0x0380b0e8       0x18 build/src/JAR-Template/util.o
                0x0380b0e8                is_reversed(double)
 .text._Z7to_voltf
                0x0380b100       0x30 build/src/JAR-Template/util.o
                0x0380b100                to_volt(float)
 .text._Z7to_porti
                0x0380b130       0x10 build/src/JAR-Template/util.o
                0x0380b130                to_port(int)
 .text._Z8deadbandff
                0x0380b140       0x28 build/src/JAR-Template/util.o
                0x0380b140                deadband(float, float)
 .text._ZN4Odom22set_physical_distancesEff
                0x0380b168        0x8 build/src/JAR-Template/odom.o
                0x0380b168                Odom::set_physical_distances(float, float)
 .text._ZN5DriveC2E11drive_setupN3vex11motor_groupES2_ifffiiiiiffiff
                0x0380b170      0x268 build/src/JAR-Template/drive.o
                0x0380b170                Drive::Drive(drive_setup, vex::motor_group, vex::motor_group, int, float, float, float, int, int, int, int, int, float, float, int, float, float)
                0x0380b170                Drive::Drive(drive_setup, vex::motor_group, vex::motor_group, int, float, float, float, int, int, int, int, int, float, float, int, float, float)
 .text._ZN5Drive18drive_with_voltageEff
                0x0380b3d8       0x6c build/src/JAR-Template/drive.o
                0x0380b3d8                Drive::drive_with_voltage(float, float)
 .text._ZN5Drive18set_turn_constantsEfffff
                0x0380b444       0x1c build/src/JAR-Template/drive.o
                0x0380b444                Drive::set_turn_constants(float, float, float, float, float)
 .text._ZN5Drive19set_drive_constantsEfffff
                0x0380b460       0x1c build/src/JAR-Template/drive.o
                0x0380b460                Drive::set_drive_constants(float, float, float, float, float)
 .text._ZN5Drive21set_heading_constantsEfffff
                0x0380b47c       0x1c build/src/JAR-Template/drive.o
                0x0380b47c                Drive::set_heading_constants(float, float, float, float, float)
 .text._ZN5Drive19set_swing_constantsEfffff
                0x0380b498       0x1c build/src/JAR-Template/drive.o
                0x0380b498                Drive::set_swing_constants(float, float, float, float, float)
 .text._ZN5Drive24set_turn_exit_conditionsEfff
                0x0380b4b4        0xc build/src/JAR-Template/drive.o
                0x0380b4b4                Drive::set_turn_exit_conditions(float, float, float)
 .text._ZN5Drive25set_drive_exit_conditionsEfff
                0x0380b4c0        0xc build/src/JAR-Template/drive.o
                0x0380b4c0                Drive::set_drive_exit_conditions(float, float, float)
 .text._ZN5Drive25set_swing_exit_conditionsEfff
                0x0380b4cc        0xc build/src/JAR-Template/drive.o
                0x0380b4cc                Drive::set_swing_exit_conditions(float, float, float)
 .text._ZN5Drive20get_absolute_headingEv
                0x0380b4d8       0x48 build/src/JAR-Template/drive.o
                0x0380b4d8                Drive::get_absolute_heading()
 .text._ZN5Drive20get_left_position_inEv
                0x0380b520       0x3c build/src/JAR-Template/drive.o
                0x0380b520                Drive::get_left_position_in()
 .text._ZN5Drive21get_right_position_inEv
                0x0380b55c       0x3c build/src/JAR-Template/drive.o
                0x0380b55c                Drive::get_right_position_in()
 .text._ZN5Drive13turn_to_angleEf
                0x0380b598       0x50 build/src/JAR-Template/drive.o
                0x0380b598                Drive::turn_to_angle(float)
 .text._ZN5Drive13turn_to_angleEfffffffff
                0x0380b5e8      0x158 build/src/JAR-Template/drive.o
                0x0380b5e8                Drive::turn_to_angle(float, float, float, float, float, float, float, float, float)
 .text._ZN5Drive14drive_distanceEf
                0x0380b740       0xc8 build/src/JAR-Template/drive.o
                0x0380b740                Drive::drive_distance(float)
 .text._ZN5Drive14drive_distanceEfffffffffffffff
                0x0380b808      0x2c0 build/src/JAR-Template/drive.o
                0x0380b808                Drive::drive_distance(float, float, float, float, float, float, float, float, float, float, float, float, float, float, float)
 .text._ZN5Drive11set_headingEf
                0x0380bac8       0x50 build/src/JAR-Template/drive.o
                0x0380bac8                Drive::set_heading(float)
 .text._ZN5Drive14control_arcadeEv
                0x0380bb18      0x114 build/src/JAR-Template/drive.o
                0x0380bb18                Drive::control_arcade()
 .text._ZN3PIDC2Efffff
                0x0380bc2c       0x38 build/src/JAR-Template/PID.o
                0x0380bc2c                PID::PID(float, float, float, float, float)
                0x0380bc2c                PID::PID(float, float, float, float, float)
 .text._ZN3PIDC2Effffffff
                0x0380bc64       0x50 build/src/JAR-Template/PID.o
                0x0380bc64                PID::PID(float, float, float, float, float, float, float, float)
                0x0380bc64                PID::PID(float, float, float, float, float, float, float, float)
 .text._ZN3PID7computeEf
                0x0380bcb4       0xd0 build/src/JAR-Template/PID.o
                0x0380bcb4                PID::compute(float)
 .text._ZN3PID10is_settledEv
                0x0380bd84       0x44 build/src/JAR-Template/PID.o
                0x0380bd84                PID::is_settled()
 .text.vexMain  0x0380bdc8       0xb0 c:\Users\surya\AppData\Roaming\Code\User\globalStorage\vexrobotics.vexcode\sdk\cpp\V5\V5_20240802_15_00_00/vexv5\libv5rt.a(v5_startup.c.obj)
                0x0380bdc8                vexMain
 .text.__vex_function_prolog
                0x0380be78       0x18 c:\Users\surya\AppData\Roaming\Code\User\globalStorage\vexrobotics.vexcode\sdk\cpp\V5\V5_20240802_15_00_00/vexv5\libv5rt.a(v5_startup.c.obj)
                0x0380be78                __vex_function_prolog
 .text._init    0x0380be90        0x4 c:\Users\surya\AppData\Roaming\Code\User\globalStorage\vexrobotics.vexcode\sdk\cpp\V5\V5_20240802_15_00_00/vexv5\libv5rt.a(v5_startup.c.obj)
                0x0380be90                _init
 .text._fini    0x0380be94        0x4 c:\Users\surya\AppData\Roaming\Code\User\globalStorage\vexrobotics.vexcode\sdk\cpp\V5\V5_20240802_15_00_00/vexv5\libv5rt.a(v5_startup.c.obj)
                0x0380be94                _fini
 .text.vexStdlibVersionLinked
                0x0380be98        0xc c:\Users\surya\AppData\Roaming\Code\User\globalStorage\vexrobotics.vexcode\sdk\cpp\V5\V5_20240802_15_00_00/vexv5\libv5rt.a(v5_util.c.obj)
                0x0380be98                vexStdlibVersionLinked
 .text.vexStdlibVersionVerify
                0x0380bea4       0x30 c:\Users\surya\AppData\Roaming\Code\User\globalStorage\vexrobotics.vexcode\sdk\cpp\V5\V5_20240802_15_00_00/vexv5\libv5rt.a(v5_util.c.obj)
                0x0380bea4                vexStdlibVersionVerify
 .text.vexPrivateApiEnable
                0x0380bed4       0x10 c:\Users\surya\AppData\Roaming\Code\User\globalStorage\vexrobotics.vexcode\sdk\cpp\V5\V5_20240802_15_00_00/vexv5\libv5rt.a(v5_apijump.c.obj)
                0x0380bed4                vexPrivateApiEnable
 .text.vexStdlibMismatchError
                0x0380bee4       0x3c c:\Users\surya\AppData\Roaming\Code\User\globalStorage\vexrobotics.vexcode\sdk\cpp\V5\V5_20240802_15_00_00/vexv5\libv5rt.a(v5_apijump.c.obj)
                0x0380bee4                vexStdlibMismatchError
 .text.vexTaskAdd
                0x0380bf20       0x10 c:\Users\surya\AppData\Roaming\Code\User\globalStorage\vexrobotics.vexcode\sdk\cpp\V5\V5_20240802_15_00_00/vexv5\libv5rt.a(v5_apijump.c.obj)
                0x0380bf20                vexTaskAdd
 .text.vexTasksRun
                0x0380bf30       0x10 c:\Users\surya\AppData\Roaming\Code\User\globalStorage\vexrobotics.vexcode\sdk\cpp\V5\V5_20240802_15_00_00/vexv5\libv5rt.a(v5_apijump.c.obj)
                0x0380bf30                vexTasksRun
 .text.vexTaskYield
                0x0380bf40       0x10 c:\Users\surya\AppData\Roaming\Code\User\globalStorage\vexrobotics.vexcode\sdk\cpp\V5\V5_20240802_15_00_00/vexv5\libv5rt.a(v5_apijump.c.obj)
                0x0380bf40                vexTaskYield
 .text.vexTaskCheckTimeslice
                0x0380bf50       0x10 c:\Users\surya\AppData\Roaming\Code\User\globalStorage\vexrobotics.vexcode\sdk\cpp\V5\V5_20240802_15_00_00/vexv5\libv5rt.a(v5_apijump.c.obj)
                0x0380bf50                vexTaskCheckTimeslice
 .text.vexTaskGetIndex
                0x0380bf60       0x10 c:\Users\surya\AppData\Roaming\Code\User\globalStorage\vexrobotics.vexcode\sdk\cpp\V5\V5_20240802_15_00_00/vexv5\libv5rt.a(v5_apijump.c.obj)
                0x0380bf60                vexTaskGetIndex
 .text.vexTaskSleep
                0x0380bf70       0x10 c:\Users\surya\AppData\Roaming\Code\User\globalStorage\vexrobotics.vexcode\sdk\cpp\V5\V5_20240802_15_00_00/vexv5\libv5rt.a(v5_apijump.c.obj)
                0x0380bf70                vexTaskSleep
 .text.vexSemaphoreInit
                0x0380bf80       0x24 c:\Users\surya\AppData\Roaming\Code\User\globalStorage\vexrobotics.vexcode\sdk\cpp\V5\V5_20240802_15_00_00/vexv5\libv5rt.a(v5_apijump.c.obj)
                0x0380bf80                vexSemaphoreInit
 .text.vexSemaphoreLock
                0x0380bfa4       0x2c c:\Users\surya\AppData\Roaming\Code\User\globalStorage\vexrobotics.vexcode\sdk\cpp\V5\V5_20240802_15_00_00/vexv5\libv5rt.a(v5_apijump.c.obj)
                0x0380bfa4                vexSemaphoreLock
 .text.vexSemaphoreUnlock
                0x0380bfd0       0x24 c:\Users\surya\AppData\Roaming\Code\User\globalStorage\vexrobotics.vexcode\sdk\cpp\V5\V5_20240802_15_00_00/vexv5\libv5rt.a(v5_apijump.c.obj)
                0x0380bfd0                vexSemaphoreUnlock
 .text.vexTasksDump
                0x0380bff4       0x1c c:\Users\surya\AppData\Roaming\Code\User\globalStorage\vexrobotics.vexcode\sdk\cpp\V5\V5_20240802_15_00_00/vexv5\libv5rt.a(v5_apijump.c.obj)
                0x0380bff4                vexTasksDump
 .text.vexTaskStateGet
                0x0380c010       0x10 c:\Users\surya\AppData\Roaming\Code\User\globalStorage\vexrobotics.vexcode\sdk\cpp\V5\V5_20240802_15_00_00/vexv5\libv5rt.a(v5_apijump.c.obj)
                0x0380c010                vexTaskStateGet
 .text.vexTaskGetTaskIndex
                0x0380c020       0x10 c:\Users\surya\AppData\Roaming\Code\User\globalStorage\vexrobotics.vexcode\sdk\cpp\V5\V5_20240802_15_00_00/vexv5\libv5rt.a(v5_apijump.c.obj)
                0x0380c020                vexTaskGetTaskIndex
 .text.vexTaskStopAll
                0x0380c030       0x10 c:\Users\surya\AppData\Roaming\Code\User\globalStorage\vexrobotics.vexcode\sdk\cpp\V5\V5_20240802_15_00_00/vexv5\libv5rt.a(v5_apijump.c.obj)
                0x0380c030                vexTaskStopAll
 .text.vexTaskRemoveAllUser
                0x0380c040       0x34 c:\Users\surya\AppData\Roaming\Code\User\globalStorage\vexrobotics.vexcode\sdk\cpp\V5\V5_20240802_15_00_00/vexv5\libv5rt.a(v5_apijump.c.obj)
                0x0380c040                vexTaskRemoveAllUser
 .text.vexTaskCompletionIdSet
                0x0380c074       0x10 c:\Users\surya\AppData\Roaming\Code\User\globalStorage\vexrobotics.vexcode\sdk\cpp\V5\V5_20240802_15_00_00/vexv5\libv5rt.a(v5_apijump.c.obj)
                0x0380c074                vexTaskCompletionIdSet
 .text.vexTaskAddWithArg
                0x0380c084       0x10 c:\Users\surya\AppData\Roaming\Code\User\globalStorage\vexrobotics.vexcode\sdk\cpp\V5\V5_20240802_15_00_00/vexv5\libv5rt.a(v5_apijump.c.obj)
                0x0380c084                vexTaskAddWithArg
 .text.vexTaskStopWithId
                0x0380c094       0x10 c:\Users\surya\AppData\Roaming\Code\User\globalStorage\vexrobotics.vexcode\sdk\cpp\V5\V5_20240802_15_00_00/vexv5\libv5rt.a(v5_apijump.c.obj)
                0x0380c094                vexTaskStopWithId
 .text.vexTaskPrioritySetWithId
                0x0380c0a4       0x10 c:\Users\surya\AppData\Roaming\Code\User\globalStorage\vexrobotics.vexcode\sdk\cpp\V5\V5_20240802_15_00_00/vexv5\libv5rt.a(v5_apijump.c.obj)
                0x0380c0a4                vexTaskPrioritySetWithId
 .text.vexTaskGetCallbackAndId
                0x0380c0b4       0x54 c:\Users\surya\AppData\Roaming\Code\User\globalStorage\vexrobotics.vexcode\sdk\cpp\V5\V5_20240802_15_00_00/vexv5\libv5rt.a(v5_apijump.c.obj)
                0x0380c0b4                vexTaskGetCallbackAndId
 .text.vexCriticalSection
                0x0380c108       0x2c c:\Users\surya\AppData\Roaming\Code\User\globalStorage\vexrobotics.vexcode\sdk\cpp\V5\V5_20240802_15_00_00/vexv5\libv5rt.a(v5_apijump.c.obj)
                0x0380c108                vexCriticalSection
 .text.vexEventAdd
                0x0380c134       0x34 c:\Users\surya\AppData\Roaming\Code\User\globalStorage\vexrobotics.vexcode\sdk\cpp\V5\V5_20240802_15_00_00/vexv5\libv5rt.a(v5_apijump.c.obj)
                0x0380c134                vexEventAdd
 .text.vexEventUserIndexGet
                0x0380c168       0x1c c:\Users\surya\AppData\Roaming\Code\User\globalStorage\vexrobotics.vexcode\sdk\cpp\V5\V5_20240802_15_00_00/vexv5\libv5rt.a(v5_apijump.c.obj)
                0x0380c168                vexEventUserIndexGet
 .text.vexEventAddWithArg
                0x0380c184       0x3c c:\Users\surya\AppData\Roaming\Code\User\globalStorage\vexrobotics.vexcode\sdk\cpp\V5\V5_20240802_15_00_00/vexv5\libv5rt.a(v5_apijump.c.obj)
                0x0380c184                vexEventAddWithArg
 .text.vexEventsCleanup
                0x0380c1c0       0x2c c:\Users\surya\AppData\Roaming\Code\User\globalStorage\vexrobotics.vexcode\sdk\cpp\V5\V5_20240802_15_00_00/vexv5\libv5rt.a(v5_apijump.c.obj)
                0x0380c1c0                vexEventsCleanup
 .text.vexDebug
                0x0380c1ec       0x38 c:\Users\surya\AppData\Roaming\Code\User\globalStorage\vexrobotics.vexcode\sdk\cpp\V5\V5_20240802_15_00_00/vexv5\libv5rt.a(v5_apijump.c.obj)
                0x0380c1ec                vexDebug
 .text.vex_sprintf
                0x0380c224       0x40 c:\Users\surya\AppData\Roaming\Code\User\globalStorage\vexrobotics.vexcode\sdk\cpp\V5\V5_20240802_15_00_00/vexv5\libv5rt.a(v5_apijump.c.obj)
                0x0380c224                vex_sprintf
 .text.vex_vsnprintf
                0x0380c264       0x3c c:\Users\surya\AppData\Roaming\Code\User\globalStorage\vexrobotics.vexcode\sdk\cpp\V5\V5_20240802_15_00_00/vexv5\libv5rt.a(v5_apijump.c.obj)
                0x0380c264                vex_vsnprintf
 .text.vexSystemTimeGet
                0x0380c2a0       0x1c c:\Users\surya\AppData\Roaming\Code\User\globalStorage\vexrobotics.vexcode\sdk\cpp\V5\V5_20240802_15_00_00/vexv5\libv5rt.a(v5_apijump.c.obj)
                0x0380c2a0                vexSystemTimeGet
 .text.vexSystemExitRequest
                0x0380c2bc       0x1c c:\Users\surya\AppData\Roaming\Code\User\globalStorage\vexrobotics.vexcode\sdk\cpp\V5\V5_20240802_15_00_00/vexv5\libv5rt.a(v5_apijump.c.obj)
                0x0380c2bc                vexSystemExitRequest
 .text.vexDeviceGetByIndex
                0x0380c2d8       0x24 c:\Users\surya\AppData\Roaming\Code\User\globalStorage\vexrobotics.vexcode\sdk\cpp\V5\V5_20240802_15_00_00/vexv5\libv5rt.a(v5_apijump.c.obj)
                0x0380c2d8                vexDeviceGetByIndex
 .text.vexDeviceGetTimestamp
                0x0380c2fc       0x3c c:\Users\surya\AppData\Roaming\Code\User\globalStorage\vexrobotics.vexcode\sdk\cpp\V5\V5_20240802_15_00_00/vexv5\libv5rt.a(v5_apijump.c.obj)
                0x0380c2fc                vexDeviceGetTimestamp
 .text.vexControllerGet
                0x0380c338       0x2c c:\Users\surya\AppData\Roaming\Code\User\globalStorage\vexrobotics.vexcode\sdk\cpp\V5\V5_20240802_15_00_00/vexv5\libv5rt.a(v5_apijump.c.obj)
                0x0380c338                vexControllerGet
 .text.vexControllerTextSet
                0x0380c364       0x74 c:\Users\surya\AppData\Roaming\Code\User\globalStorage\vexrobotics.vexcode\sdk\cpp\V5\V5_20240802_15_00_00/vexv5\libv5rt.a(v5_apijump.c.obj)
                0x0380c364                vexControllerTextSet
 .text.vexDeviceAdiPortConfigSet
                0x0380c3d8       0x34 c:\Users\surya\AppData\Roaming\Code\User\globalStorage\vexrobotics.vexcode\sdk\cpp\V5\V5_20240802_15_00_00/vexv5\libv5rt.a(v5_apijump.c.obj)
                0x0380c3d8                vexDeviceAdiPortConfigSet
 .text.vexDeviceAdiPortConfigGet
                0x0380c40c       0x2c c:\Users\surya\AppData\Roaming\Code\User\globalStorage\vexrobotics.vexcode\sdk\cpp\V5\V5_20240802_15_00_00/vexv5\libv5rt.a(v5_apijump.c.obj)
                0x0380c40c                vexDeviceAdiPortConfigGet
 .text.vexDeviceMotorVelocitySet
                0x0380c438       0x2c c:\Users\surya\AppData\Roaming\Code\User\globalStorage\vexrobotics.vexcode\sdk\cpp\V5\V5_20240802_15_00_00/vexv5\libv5rt.a(v5_apijump.c.obj)
                0x0380c438                vexDeviceMotorVelocitySet
 .text.vexDeviceMotorVoltageSet
                0x0380c464       0x2c c:\Users\surya\AppData\Roaming\Code\User\globalStorage\vexrobotics.vexcode\sdk\cpp\V5\V5_20240802_15_00_00/vexv5\libv5rt.a(v5_apijump.c.obj)
                0x0380c464                vexDeviceMotorVoltageSet
 .text.vexDeviceMotorVelocityGet
                0x0380c490       0x24 c:\Users\surya\AppData\Roaming\Code\User\globalStorage\vexrobotics.vexcode\sdk\cpp\V5\V5_20240802_15_00_00/vexv5\libv5rt.a(v5_apijump.c.obj)
                0x0380c490                vexDeviceMotorVelocityGet
 .text.vexDeviceMotorActualVelocityGet
                0x0380c4b4       0x24 c:\Users\surya\AppData\Roaming\Code\User\globalStorage\vexrobotics.vexcode\sdk\cpp\V5\V5_20240802_15_00_00/vexv5\libv5rt.a(v5_apijump.c.obj)
                0x0380c4b4                vexDeviceMotorActualVelocityGet
 .text.vexDeviceMotorModeGet
                0x0380c4d8       0x24 c:\Users\surya\AppData\Roaming\Code\User\globalStorage\vexrobotics.vexcode\sdk\cpp\V5\V5_20240802_15_00_00/vexv5\libv5rt.a(v5_apijump.c.obj)
                0x0380c4d8                vexDeviceMotorModeGet
 .text.vexDeviceMotorZeroPositionFlagGet
                0x0380c4fc       0x24 c:\Users\surya\AppData\Roaming\Code\User\globalStorage\vexrobotics.vexcode\sdk\cpp\V5\V5_20240802_15_00_00/vexv5\libv5rt.a(v5_apijump.c.obj)
                0x0380c4fc                vexDeviceMotorZeroPositionFlagGet
 .text.vexDeviceMotorReverseFlagSet
                0x0380c520       0x2c c:\Users\surya\AppData\Roaming\Code\User\globalStorage\vexrobotics.vexcode\sdk\cpp\V5\V5_20240802_15_00_00/vexv5\libv5rt.a(v5_apijump.c.obj)
                0x0380c520                vexDeviceMotorReverseFlagSet
 .text.vexDeviceMotorEncoderUnitsSet
                0x0380c54c       0x2c c:\Users\surya\AppData\Roaming\Code\User\globalStorage\vexrobotics.vexcode\sdk\cpp\V5\V5_20240802_15_00_00/vexv5\libv5rt.a(v5_apijump.c.obj)
                0x0380c54c                vexDeviceMotorEncoderUnitsSet
 .text.vexDeviceMotorBrakeModeSet
                0x0380c578       0x2c c:\Users\surya\AppData\Roaming\Code\User\globalStorage\vexrobotics.vexcode\sdk\cpp\V5\V5_20240802_15_00_00/vexv5\libv5rt.a(v5_apijump.c.obj)
                0x0380c578                vexDeviceMotorBrakeModeSet
 .text.vexDeviceMotorPositionSet
                0x0380c5a4       0x34 c:\Users\surya\AppData\Roaming\Code\User\globalStorage\vexrobotics.vexcode\sdk\cpp\V5\V5_20240802_15_00_00/vexv5\libv5rt.a(v5_apijump.c.obj)
                0x0380c5a4                vexDeviceMotorPositionSet
 .text.vexDeviceMotorPositionGet
                0x0380c5d8       0x24 c:\Users\surya\AppData\Roaming\Code\User\globalStorage\vexrobotics.vexcode\sdk\cpp\V5\V5_20240802_15_00_00/vexv5\libv5rt.a(v5_apijump.c.obj)
                0x0380c5d8                vexDeviceMotorPositionGet
 .text.vexDeviceMotorRelativeTargetSet
                0x0380c5fc       0x3c c:\Users\surya\AppData\Roaming\Code\User\globalStorage\vexrobotics.vexcode\sdk\cpp\V5\V5_20240802_15_00_00/vexv5\libv5rt.a(v5_apijump.c.obj)
                0x0380c5fc                vexDeviceMotorRelativeTargetSet
 .text.vexDeviceMotorGearingSet
                0x0380c638       0x2c c:\Users\surya\AppData\Roaming\Code\User\globalStorage\vexrobotics.vexcode\sdk\cpp\V5\V5_20240802_15_00_00/vexv5\libv5rt.a(v5_apijump.c.obj)
                0x0380c638                vexDeviceMotorGearingSet
 .text.vexDeviceMotorGearingGet
                0x0380c664       0x24 c:\Users\surya\AppData\Roaming\Code\User\globalStorage\vexrobotics.vexcode\sdk\cpp\V5\V5_20240802_15_00_00/vexv5\libv5rt.a(v5_apijump.c.obj)
                0x0380c664                vexDeviceMotorGearingGet
 .text.vexDeviceImuReset
                0x0380c688       0x24 c:\Users\surya\AppData\Roaming\Code\User\globalStorage\vexrobotics.vexcode\sdk\cpp\V5\V5_20240802_15_00_00/vexv5\libv5rt.a(v5_apijump.c.obj)
                0x0380c688                vexDeviceImuReset
 .text.vexDeviceImuHeadingGet
                0x0380c6ac       0x24 c:\Users\surya\AppData\Roaming\Code\User\globalStorage\vexrobotics.vexcode\sdk\cpp\V5\V5_20240802_15_00_00/vexv5\libv5rt.a(v5_apijump.c.obj)
                0x0380c6ac                vexDeviceImuHeadingGet
 .text.vexDeviceImuDegreesGet
                0x0380c6d0       0x24 c:\Users\surya\AppData\Roaming\Code\User\globalStorage\vexrobotics.vexcode\sdk\cpp\V5\V5_20240802_15_00_00/vexv5\libv5rt.a(v5_apijump.c.obj)
                0x0380c6d0                vexDeviceImuDegreesGet
 .text.vexDeviceImuStatusGet
                0x0380c6f4       0x24 c:\Users\surya\AppData\Roaming\Code\User\globalStorage\vexrobotics.vexcode\sdk\cpp\V5\V5_20240802_15_00_00/vexv5\libv5rt.a(v5_apijump.c.obj)
                0x0380c6f4                vexDeviceImuStatusGet
 .text.vexDeviceAbsEncAngleGet
                0x0380c718       0x24 c:\Users\surya\AppData\Roaming\Code\User\globalStorage\vexrobotics.vexcode\sdk\cpp\V5\V5_20240802_15_00_00/vexv5\libv5rt.a(v5_apijump.c.obj)
                0x0380c718                vexDeviceAbsEncAngleGet
 .text.vexDeviceAbsEncReverseFlagSet
                0x0380c73c       0x2c c:\Users\surya\AppData\Roaming\Code\User\globalStorage\vexrobotics.vexcode\sdk\cpp\V5\V5_20240802_15_00_00/vexv5\libv5rt.a(v5_apijump.c.obj)
                0x0380c73c                vexDeviceAbsEncReverseFlagSet
 .text.vexDeviceOpticalHueGet
                0x0380c768       0x24 c:\Users\surya\AppData\Roaming\Code\User\globalStorage\vexrobotics.vexcode\sdk\cpp\V5\V5_20240802_15_00_00/vexv5\libv5rt.a(v5_apijump.c.obj)
                0x0380c768                vexDeviceOpticalHueGet
 .text.vexDeviceOpticalGestureEnable
                0x0380c78c       0x24 c:\Users\surya\AppData\Roaming\Code\User\globalStorage\vexrobotics.vexcode\sdk\cpp\V5\V5_20240802_15_00_00/vexv5\libv5rt.a(v5_apijump.c.obj)
                0x0380c78c                vexDeviceOpticalGestureEnable
 .text.vexDeviceOpticalGestureDisable
                0x0380c7b0       0x24 c:\Users\surya\AppData\Roaming\Code\User\globalStorage\vexrobotics.vexcode\sdk\cpp\V5\V5_20240802_15_00_00/vexv5\libv5rt.a(v5_apijump.c.obj)
                0x0380c7b0                vexDeviceOpticalGestureDisable
 .text.vexDeviceOpticalProximityThreshold
                0x0380c7d4       0x2c c:\Users\surya\AppData\Roaming\Code\User\globalStorage\vexrobotics.vexcode\sdk\cpp\V5\V5_20240802_15_00_00/vexv5\libv5rt.a(v5_apijump.c.obj)
                0x0380c7d4                vexDeviceOpticalProximityThreshold
 .text.vexDeviceGpsReset
                0x0380c800       0x38 c:\Users\surya\AppData\Roaming\Code\User\globalStorage\vexrobotics.vexcode\sdk\cpp\V5\V5_20240802_15_00_00/vexv5\libv5rt.a(v5_apijump.c.obj)
                0x0380c800                vexDeviceGpsReset
 .text.vexDeviceGpsHeadingGet
                0x0380c838       0x44 c:\Users\surya\AppData\Roaming\Code\User\globalStorage\vexrobotics.vexcode\sdk\cpp\V5\V5_20240802_15_00_00/vexv5\libv5rt.a(v5_apijump.c.obj)
                0x0380c838                vexDeviceGpsHeadingGet
 .text.vexDeviceGpsDegreesGet
                0x0380c87c       0x44 c:\Users\surya\AppData\Roaming\Code\User\globalStorage\vexrobotics.vexcode\sdk\cpp\V5\V5_20240802_15_00_00/vexv5\libv5rt.a(v5_apijump.c.obj)
                0x0380c87c                vexDeviceGpsDegreesGet
 .text.vexDeviceGpsAttitudeGet
                0x0380c8c0      0x198 c:\Users\surya\AppData\Roaming\Code\User\globalStorage\vexrobotics.vexcode\sdk\cpp\V5\V5_20240802_15_00_00/vexv5\libv5rt.a(v5_apijump.c.obj)
                0x0380c8c0                vexDeviceGpsAttitudeGet
 .text.vexDeviceGpsStatusGet
                0x0380ca58       0x40 c:\Users\surya\AppData\Roaming\Code\User\globalStorage\vexrobotics.vexcode\sdk\cpp\V5\V5_20240802_15_00_00/vexv5\libv5rt.a(v5_apijump.c.obj)
                0x0380ca58                vexDeviceGpsStatusGet
 .text.vexDeviceGpsModeSet
                0x0380ca98       0x40 c:\Users\surya\AppData\Roaming\Code\User\globalStorage\vexrobotics.vexcode\sdk\cpp\V5\V5_20240802_15_00_00/vexv5\libv5rt.a(v5_apijump.c.obj)
                0x0380ca98                vexDeviceGpsModeSet
 .text.vexDeviceGpsOriginSet
                0x0380cad8       0x50 c:\Users\surya\AppData\Roaming\Code\User\globalStorage\vexrobotics.vexcode\sdk\cpp\V5\V5_20240802_15_00_00/vexv5\libv5rt.a(v5_apijump.c.obj)
                0x0380cad8                vexDeviceGpsOriginSet
 .text.vexDeviceGpsRotationSet
                0x0380cb28       0x48 c:\Users\surya\AppData\Roaming\Code\User\globalStorage\vexrobotics.vexcode\sdk\cpp\V5\V5_20240802_15_00_00/vexv5\libv5rt.a(v5_apijump.c.obj)
                0x0380cb28                vexDeviceGpsRotationSet
 .text.vexDeviceGpsRotationGet
                0x0380cb70       0x44 c:\Users\surya\AppData\Roaming\Code\User\globalStorage\vexrobotics.vexcode\sdk\cpp\V5\V5_20240802_15_00_00/vexv5\libv5rt.a(v5_apijump.c.obj)
                0x0380cb70                vexDeviceGpsRotationGet
 .text.vexDeviceGpsErrorGet
                0x0380cbb4       0x44 c:\Users\surya\AppData\Roaming\Code\User\globalStorage\vexrobotics.vexcode\sdk\cpp\V5\V5_20240802_15_00_00/vexv5\libv5rt.a(v5_apijump.c.obj)
                0x0380cbb4                vexDeviceGpsErrorGet
 .text.vexDisplayForegroundColor
                0x0380cbf8       0x24 c:\Users\surya\AppData\Roaming\Code\User\globalStorage\vexrobotics.vexcode\sdk\cpp\V5\V5_20240802_15_00_00/vexv5\libv5rt.a(v5_apijump.c.obj)
                0x0380cbf8                vexDisplayForegroundColor
 .text.vexDisplayBackgroundColor
                0x0380cc1c       0x24 c:\Users\surya\AppData\Roaming\Code\User\globalStorage\vexrobotics.vexcode\sdk\cpp\V5\V5_20240802_15_00_00/vexv5\libv5rt.a(v5_apijump.c.obj)
                0x0380cc1c                vexDisplayBackgroundColor
 .text.vexDisplayBackgroundColorGet
                0x0380cc40       0x1c c:\Users\surya\AppData\Roaming\Code\User\globalStorage\vexrobotics.vexcode\sdk\cpp\V5\V5_20240802_15_00_00/vexv5\libv5rt.a(v5_apijump.c.obj)
                0x0380cc40                vexDisplayBackgroundColorGet
 .text.vexDisplayRectDraw
                0x0380cc5c       0x4c c:\Users\surya\AppData\Roaming\Code\User\globalStorage\vexrobotics.vexcode\sdk\cpp\V5\V5_20240802_15_00_00/vexv5\libv5rt.a(v5_apijump.c.obj)
                0x0380cc5c                vexDisplayRectDraw
 .text.vexDisplayRectClear
                0x0380cca8       0x4c c:\Users\surya\AppData\Roaming\Code\User\globalStorage\vexrobotics.vexcode\sdk\cpp\V5\V5_20240802_15_00_00/vexv5\libv5rt.a(v5_apijump.c.obj)
                0x0380cca8                vexDisplayRectClear
 .text.vexDisplayVPrintf
                0x0380ccf4       0x50 c:\Users\surya\AppData\Roaming\Code\User\globalStorage\vexrobotics.vexcode\sdk\cpp\V5\V5_20240802_15_00_00/vexv5\libv5rt.a(v5_apijump.c.obj)
                0x0380ccf4                vexDisplayVPrintf
 .text.vexDisplayTextReference
                0x0380cd44       0x24 c:\Users\surya\AppData\Roaming\Code\User\globalStorage\vexrobotics.vexcode\sdk\cpp\V5\V5_20240802_15_00_00/vexv5\libv5rt.a(v5_apijump.c.obj)
                0x0380cd44                vexDisplayTextReference
 .text.vexDisplayTextSize
                0x0380cd68       0x2c c:\Users\surya\AppData\Roaming\Code\User\globalStorage\vexrobotics.vexcode\sdk\cpp\V5\V5_20240802_15_00_00/vexv5\libv5rt.a(v5_apijump.c.obj)
                0x0380cd68                vexDisplayTextSize
 .text.vexDisplayFontNamedSet
                0x0380cd94       0x24 c:\Users\surya\AppData\Roaming\Code\User\globalStorage\vexrobotics.vexcode\sdk\cpp\V5\V5_20240802_15_00_00/vexv5\libv5rt.a(v5_apijump.c.obj)
                0x0380cd94                vexDisplayFontNamedSet
 .text.vexDisplayPenSizeGet
                0x0380cdb8       0x1c c:\Users\surya\AppData\Roaming\Code\User\globalStorage\vexrobotics.vexcode\sdk\cpp\V5\V5_20240802_15_00_00/vexv5\libv5rt.a(v5_apijump.c.obj)
                0x0380cdb8                vexDisplayPenSizeGet
 .text.vexSystemStdlibImpureDataAddr
                0x0380cdd4       0x28 c:\Users\surya\AppData\Roaming\Code\User\globalStorage\vexrobotics.vexcode\sdk\cpp\V5\V5_20240802_15_00_00/vexv5\libv5rt.a(v5_apijump.c.obj)
                0x0380cdd4                vexSystemStdlibImpureDataAddr
 .text.vexSystemStdlibImpureDataSize
                0x0380cdfc       0x28 c:\Users\surya\AppData\Roaming\Code\User\globalStorage\vexrobotics.vexcode\sdk\cpp\V5\V5_20240802_15_00_00/vexv5\libv5rt.a(v5_apijump.c.obj)
                0x0380cdfc                vexSystemStdlibImpureDataSize
 .text.vexSystemSaveUserData
                0x0380ce24       0x3c c:\Users\surya\AppData\Roaming\Code\User\globalStorage\vexrobotics.vexcode\sdk\cpp\V5\V5_20240802_15_00_00/vexv5\libv5rt.a(v5_apijump.c.obj)
                0x0380ce24                vexSystemSaveUserData
 .text.vexDisplayClipRegionSet
                0x0380ce60       0x4c c:\Users\surya\AppData\Roaming\Code\User\globalStorage\vexrobotics.vexcode\sdk\cpp\V5\V5_20240802_15_00_00/vexv5\libv5rt.a(v5_apijump.c.obj)
                0x0380ce60                vexDisplayClipRegionSet
 .text.vexDisplayThemeIdGet
                0x0380ceac       0x38 c:\Users\surya\AppData\Roaming\Code\User\globalStorage\vexrobotics.vexcode\sdk\cpp\V5\V5_20240802_15_00_00/vexv5\libv5rt.a(v5_apijump.c.obj)
                0x0380ceac                vexDisplayThemeIdGet
 .text.vexDisplayRender
                0x0380cee4       0x2c c:\Users\surya\AppData\Roaming\Code\User\globalStorage\vexrobotics.vexcode\sdk\cpp\V5\V5_20240802_15_00_00/vexv5\libv5rt.a(v5_apijump.c.obj)
                0x0380cee4                vexDisplayRender
 .text.vexDeviceEventMaskSet
                0x0380cf10       0x48 c:\Users\surya\AppData\Roaming\Code\User\globalStorage\vexrobotics.vexcode\sdk\cpp\V5\V5_20240802_15_00_00/vexv5\libv5rt.a(v5_apijump.c.obj)
                0x0380cf10                vexDeviceEventMaskSet
 .text.vexDeviceEventMaskGet
                0x0380cf58       0x3c c:\Users\surya\AppData\Roaming\Code\User\globalStorage\vexrobotics.vexcode\sdk\cpp\V5\V5_20240802_15_00_00/vexv5\libv5rt.a(v5_apijump.c.obj)
                0x0380cf58                vexDeviceEventMaskGet
 .text.vexDeviceGenericSerialEnable
                0x0380cf94       0x2c c:\Users\surya\AppData\Roaming\Code\User\globalStorage\vexrobotics.vexcode\sdk\cpp\V5\V5_20240802_15_00_00/vexv5\libv5rt.a(v5_apijump.c.obj)
                0x0380cf94                vexDeviceGenericSerialEnable
 .text.vexDeviceGenericSerialBaudrate
                0x0380cfc0       0x2c c:\Users\surya\AppData\Roaming\Code\User\globalStorage\vexrobotics.vexcode\sdk\cpp\V5\V5_20240802_15_00_00/vexv5\libv5rt.a(v5_apijump.c.obj)
                0x0380cfc0                vexDeviceGenericSerialBaudrate
 .text.vexDeviceGenericSerialWriteChar
                0x0380cfec       0x2c c:\Users\surya\AppData\Roaming\Code\User\globalStorage\vexrobotics.vexcode\sdk\cpp\V5\V5_20240802_15_00_00/vexv5\libv5rt.a(v5_apijump.c.obj)
                0x0380cfec                vexDeviceGenericSerialWriteChar
 .text.vexDeviceGenericSerialWriteFree
                0x0380d018       0x24 c:\Users\surya\AppData\Roaming\Code\User\globalStorage\vexrobotics.vexcode\sdk\cpp\V5\V5_20240802_15_00_00/vexv5\libv5rt.a(v5_apijump.c.obj)
                0x0380d018                vexDeviceGenericSerialWriteFree
 .text.vexDeviceGenericSerialTransmit
                0x0380d03c       0x34 c:\Users\surya\AppData\Roaming\Code\User\globalStorage\vexrobotics.vexcode\sdk\cpp\V5\V5_20240802_15_00_00/vexv5\libv5rt.a(v5_apijump.c.obj)
                0x0380d03c                vexDeviceGenericSerialTransmit
 .text.vexDeviceGenericSerialReadChar
                0x0380d070       0x24 c:\Users\surya\AppData\Roaming\Code\User\globalStorage\vexrobotics.vexcode\sdk\cpp\V5\V5_20240802_15_00_00/vexv5\libv5rt.a(v5_apijump.c.obj)
                0x0380d070                vexDeviceGenericSerialReadChar
 .text.vexDeviceGenericSerialPeekChar
                0x0380d094       0x24 c:\Users\surya\AppData\Roaming\Code\User\globalStorage\vexrobotics.vexcode\sdk\cpp\V5\V5_20240802_15_00_00/vexv5\libv5rt.a(v5_apijump.c.obj)
                0x0380d094                vexDeviceGenericSerialPeekChar
 .text.vexDeviceGenericSerialReceiveAvail
                0x0380d0b8       0x24 c:\Users\surya\AppData\Roaming\Code\User\globalStorage\vexrobotics.vexcode\sdk\cpp\V5\V5_20240802_15_00_00/vexv5\libv5rt.a(v5_apijump.c.obj)
                0x0380d0b8                vexDeviceGenericSerialReceiveAvail
 .text.vexDeviceGenericSerialReceive
                0x0380d0dc       0x34 c:\Users\surya\AppData\Roaming\Code\User\globalStorage\vexrobotics.vexcode\sdk\cpp\V5\V5_20240802_15_00_00/vexv5\libv5rt.a(v5_apijump.c.obj)
                0x0380d0dc                vexDeviceGenericSerialReceive
 .text.vexDeviceGenericRadioConnection
                0x0380d110       0x3c c:\Users\surya\AppData\Roaming\Code\User\globalStorage\vexrobotics.vexcode\sdk\cpp\V5\V5_20240802_15_00_00/vexv5\libv5rt.a(v5_apijump.c.obj)
                0x0380d110                vexDeviceGenericRadioConnection
 .text.vexDeviceGenericRadioWriteChar
                0x0380d14c       0x2c c:\Users\surya\AppData\Roaming\Code\User\globalStorage\vexrobotics.vexcode\sdk\cpp\V5\V5_20240802_15_00_00/vexv5\libv5rt.a(v5_apijump.c.obj)
                0x0380d14c                vexDeviceGenericRadioWriteChar
 .text.vexDeviceGenericRadioWriteFree
                0x0380d178       0x24 c:\Users\surya\AppData\Roaming\Code\User\globalStorage\vexrobotics.vexcode\sdk\cpp\V5\V5_20240802_15_00_00/vexv5\libv5rt.a(v5_apijump.c.obj)
                0x0380d178                vexDeviceGenericRadioWriteFree
 .text.vexDeviceGenericRadioTransmit
                0x0380d19c       0x34 c:\Users\surya\AppData\Roaming\Code\User\globalStorage\vexrobotics.vexcode\sdk\cpp\V5\V5_20240802_15_00_00/vexv5\libv5rt.a(v5_apijump.c.obj)
                0x0380d19c                vexDeviceGenericRadioTransmit
 .text.vexDeviceGenericRadioReadChar
                0x0380d1d0       0x24 c:\Users\surya\AppData\Roaming\Code\User\globalStorage\vexrobotics.vexcode\sdk\cpp\V5\V5_20240802_15_00_00/vexv5\libv5rt.a(v5_apijump.c.obj)
                0x0380d1d0                vexDeviceGenericRadioReadChar
 .text.vexDeviceGenericRadioPeekChar
                0x0380d1f4       0x24 c:\Users\surya\AppData\Roaming\Code\User\globalStorage\vexrobotics.vexcode\sdk\cpp\V5\V5_20240802_15_00_00/vexv5\libv5rt.a(v5_apijump.c.obj)
                0x0380d1f4                vexDeviceGenericRadioPeekChar
 .text.vexDeviceGenericRadioReceiveAvail
                0x0380d218       0x24 c:\Users\surya\AppData\Roaming\Code\User\globalStorage\vexrobotics.vexcode\sdk\cpp\V5\V5_20240802_15_00_00/vexv5\libv5rt.a(v5_apijump.c.obj)
                0x0380d218                vexDeviceGenericRadioReceiveAvail
 .text.vexDeviceGenericRadioReceive
                0x0380d23c       0x34 c:\Users\surya\AppData\Roaming\Code\User\globalStorage\vexrobotics.vexcode\sdk\cpp\V5\V5_20240802_15_00_00/vexv5\libv5rt.a(v5_apijump.c.obj)
                0x0380d23c                vexDeviceGenericRadioReceive
 .text.vexDeviceGenericRadioLinkStatus
                0x0380d270       0x24 c:\Users\surya\AppData\Roaming\Code\User\globalStorage\vexrobotics.vexcode\sdk\cpp\V5\V5_20240802_15_00_00/vexv5\libv5rt.a(v5_apijump.c.obj)
                0x0380d270                vexDeviceGenericRadioLinkStatus
 .text.vexDeviceGenericCdcConnection
                0x0380d294       0x2c c:\Users\surya\AppData\Roaming\Code\User\globalStorage\vexrobotics.vexcode\sdk\cpp\V5\V5_20240802_15_00_00/vexv5\libv5rt.a(v5_apijump.c.obj)
                0x0380d294                vexDeviceGenericCdcConnection
 .text.vexDeviceGenericCdcWriteChar
                0x0380d2c0       0x2c c:\Users\surya\AppData\Roaming\Code\User\globalStorage\vexrobotics.vexcode\sdk\cpp\V5\V5_20240802_15_00_00/vexv5\libv5rt.a(v5_apijump.c.obj)
                0x0380d2c0                vexDeviceGenericCdcWriteChar
 .text.vexDeviceGenericCdcWriteFree
                0x0380d2ec       0x24 c:\Users\surya\AppData\Roaming\Code\User\globalStorage\vexrobotics.vexcode\sdk\cpp\V5\V5_20240802_15_00_00/vexv5\libv5rt.a(v5_apijump.c.obj)
                0x0380d2ec                vexDeviceGenericCdcWriteFree
 .text.vexDeviceGenericCdcTransmit
                0x0380d310       0x34 c:\Users\surya\AppData\Roaming\Code\User\globalStorage\vexrobotics.vexcode\sdk\cpp\V5\V5_20240802_15_00_00/vexv5\libv5rt.a(v5_apijump.c.obj)
                0x0380d310                vexDeviceGenericCdcTransmit
 .text.vexDeviceGenericCdcReadChar
                0x0380d344       0x24 c:\Users\surya\AppData\Roaming\Code\User\globalStorage\vexrobotics.vexcode\sdk\cpp\V5\V5_20240802_15_00_00/vexv5\libv5rt.a(v5_apijump.c.obj)
                0x0380d344                vexDeviceGenericCdcReadChar
 .text.vexDeviceGenericCdcPeekChar
                0x0380d368       0x24 c:\Users\surya\AppData\Roaming\Code\User\globalStorage\vexrobotics.vexcode\sdk\cpp\V5\V5_20240802_15_00_00/vexv5\libv5rt.a(v5_apijump.c.obj)
                0x0380d368                vexDeviceGenericCdcPeekChar
 .text.vexDeviceGenericCdcReceiveAvail
                0x0380d38c       0x24 c:\Users\surya\AppData\Roaming\Code\User\globalStorage\vexrobotics.vexcode\sdk\cpp\V5\V5_20240802_15_00_00/vexv5\libv5rt.a(v5_apijump.c.obj)
                0x0380d38c                vexDeviceGenericCdcReceiveAvail
 .text.vexDeviceGenericCdcReceive
                0x0380d3b0       0x34 c:\Users\surya\AppData\Roaming\Code\User\globalStorage\vexrobotics.vexcode\sdk\cpp\V5\V5_20240802_15_00_00/vexv5\libv5rt.a(v5_apijump.c.obj)
                0x0380d3b0                vexDeviceGenericCdcReceive
 .text.vexDeviceGenericCdcLinkStatus
                0x0380d3e4       0x24 c:\Users\surya\AppData\Roaming\Code\User\globalStorage\vexrobotics.vexcode\sdk\cpp\V5\V5_20240802_15_00_00/vexv5\libv5rt.a(v5_apijump.c.obj)
                0x0380d3e4                vexDeviceGenericCdcLinkStatus
 .text.vexSystemVersion
                0x0380d408       0x10 c:\Users\surya\AppData\Roaming\Code\User\globalStorage\vexrobotics.vexcode\sdk\cpp\V5\V5_20240802_15_00_00/vexv5\libv5rt.a(v5_apiversions.c.obj)
                0x0380d408                vexSystemVersion
 .text.vexStdlibVersion
                0x0380d418       0x10 c:\Users\surya\AppData\Roaming\Code\User\globalStorage\vexrobotics.vexcode\sdk\cpp\V5\V5_20240802_15_00_00/vexv5\libv5rt.a(v5_apiversions.c.obj)
                0x0380d418                vexStdlibVersion
 .text._ZN3vex4waitEdNS_9timeUnitsE
                0x0380d428       0x30 c:\Users\surya\AppData\Roaming\Code\User\globalStorage\vexrobotics.vexcode\sdk\cpp\V5\V5_20240802_15_00_00/vexv5\libv5rt.a(vex_global.cpp.obj)
                0x0380d428                vex::wait(double, vex::timeUnits)
 .text._ZN3vex6deviceD2Ev
                0x0380d458        0x4 c:\Users\surya\AppData\Roaming\Code\User\globalStorage\vexrobotics.vexcode\sdk\cpp\V5\V5_20240802_15_00_00/vexv5\libv5rt.a(vex_device.cpp.obj)
                0x0380d458                vex::device::~device()
                0x0380d458                vex::device::~device()
 .text._ZN3vex6device5valueEv
                0x0380d45c        0x8 c:\Users\surya\AppData\Roaming\Code\User\globalStorage\vexrobotics.vexcode\sdk\cpp\V5\V5_20240802_15_00_00/vexv5\libv5rt.a(vex_device.cpp.obj)
                0x0380d45c                vex::device::value()
 .text._ZN3vex6deviceD0Ev
                0x0380d464       0x14 c:\Users\surya\AppData\Roaming\Code\User\globalStorage\vexrobotics.vexcode\sdk\cpp\V5\V5_20240802_15_00_00/vexv5\libv5rt.a(vex_device.cpp.obj)
                0x0380d464                vex::device::~device()
 .text._ZN3vex6device4initEl
                0x0380d478       0x30 c:\Users\surya\AppData\Roaming\Code\User\globalStorage\vexrobotics.vexcode\sdk\cpp\V5\V5_20240802_15_00_00/vexv5\libv5rt.a(vex_device.cpp.obj)
                0x0380d478                vex::device::init(long)
 .text._ZN3vex6deviceC2El
                0x0380d4a8       0x20 c:\Users\surya\AppData\Roaming\Code\User\globalStorage\vexrobotics.vexcode\sdk\cpp\V5\V5_20240802_15_00_00/vexv5\libv5rt.a(vex_device.cpp.obj)
                0x0380d4a8                vex::device::device(long)
                0x0380d4a8                vex::device::device(long)
 .text._ZN3vex6device4typeEv
                0x0380d4c8       0x10 c:\Users\surya\AppData\Roaming\Code\User\globalStorage\vexrobotics.vexcode\sdk\cpp\V5\V5_20240802_15_00_00/vexv5\libv5rt.a(vex_device.cpp.obj)
                0x0380d4c8                vex::device::type()
 .text._ZN3vex6device9installedEv
                0x0380d4d8       0x14 c:\Users\surya\AppData\Roaming\Code\User\globalStorage\vexrobotics.vexcode\sdk\cpp\V5\V5_20240802_15_00_00/vexv5\libv5rt.a(vex_device.cpp.obj)
                0x0380d4d8                vex::device::installed()
 .text._ZN3vex6device9timestampEv
                0x0380d4ec       0x10 c:\Users\surya\AppData\Roaming\Code\User\globalStorage\vexrobotics.vexcode\sdk\cpp\V5\V5_20240802_15_00_00/vexv5\libv5rt.a(vex_device.cpp.obj)
                0x0380d4ec                vex::device::timestamp()
 .text._ZN3vex5motorD2Ev
                0x0380d4fc       0x20 c:\Users\surya\AppData\Roaming\Code\User\globalStorage\vexrobotics.vexcode\sdk\cpp\V5\V5_20240802_15_00_00/vexv5\libv5rt.a(vex_motor.cpp.obj)
                0x0380d4fc                vex::motor::~motor()
                0x0380d4fc                vex::motor::~motor()
 .text._ZN3vex5motorD0Ev
                0x0380d51c       0x1c c:\Users\surya\AppData\Roaming\Code\User\globalStorage\vexrobotics.vexcode\sdk\cpp\V5\V5_20240802_15_00_00/vexv5\libv5rt.a(vex_motor.cpp.obj)
                0x0380d51c                vex::motor::~motor()
 .text._ZN3vex5motor9installedEv
                0x0380d538       0x18 c:\Users\surya\AppData\Roaming\Code\User\globalStorage\vexrobotics.vexcode\sdk\cpp\V5\V5_20240802_15_00_00/vexv5\libv5rt.a(vex_motor.cpp.obj)
                0x0380d538                vex::motor::installed()
 .text._ZN3vex5motor15defaultStoppingENS_9brakeTypeE
                0x0380d550       0x30 c:\Users\surya\AppData\Roaming\Code\User\globalStorage\vexrobotics.vexcode\sdk\cpp\V5\V5_20240802_15_00_00/vexv5\libv5rt.a(vex_motor.cpp.obj)
                0x0380d550                vex::motor::defaultStopping(vex::brakeType)
 .text._ZN3vex5motorC2El
                0x0380d580       0x78 c:\Users\surya\AppData\Roaming\Code\User\globalStorage\vexrobotics.vexcode\sdk\cpp\V5\V5_20240802_15_00_00/vexv5\libv5rt.a(vex_motor.cpp.obj)
                0x0380d580                vex::motor::motor(long)
                0x0380d580                vex::motor::motor(long)
 .text._ZN3vex5motorC2ElNS_11gearSettingEb
                0x0380d5f8       0x34 c:\Users\surya\AppData\Roaming\Code\User\globalStorage\vexrobotics.vexcode\sdk\cpp\V5\V5_20240802_15_00_00/vexv5\libv5rt.a(vex_motor.cpp.obj)
                0x0380d5f8                vex::motor::motor(long, vex::gearSetting, bool)
                0x0380d5f8                vex::motor::motor(long, vex::gearSetting, bool)
 .text._ZN3vex5motorC2Elb
                0x0380d62c       0x24 c:\Users\surya\AppData\Roaming\Code\User\globalStorage\vexrobotics.vexcode\sdk\cpp\V5\V5_20240802_15_00_00/vexv5\libv5rt.a(vex_motor.cpp.obj)
                0x0380d62c                vex::motor::motor(long, bool)
                0x0380d62c                vex::motor::motor(long, bool)
 .text._ZN3vex5motor4spinENS_13directionTypeEdNS_12voltageUnitsE
                0x0380d650       0x50 c:\Users\surya\AppData\Roaming\Code\User\globalStorage\vexrobotics.vexcode\sdk\cpp\V5\V5_20240802_15_00_00/vexv5\libv5rt.a(vex_motor.cpp.obj)
                0x0380d650                vex::motor::spin(vex::directionType, double, vex::voltageUnits)
 .text._ZN3vex5motor14isSpinningModeEv
                0x0380d6a0       0x48 c:\Users\surya\AppData\Roaming\Code\User\globalStorage\vexrobotics.vexcode\sdk\cpp\V5\V5_20240802_15_00_00/vexv5\libv5rt.a(vex_motor.cpp.obj)
                0x0380d6a0                vex::motor::isSpinningMode()
 .text._ZN3vex5motor10isSpinningEv
                0x0380d6e8       0x44 c:\Users\surya\AppData\Roaming\Code\User\globalStorage\vexrobotics.vexcode\sdk\cpp\V5\V5_20240802_15_00_00/vexv5\libv5rt.a(vex_motor.cpp.obj)
                0x0380d6e8                vex::motor::isSpinning()
 .text._ZN3vex5motor4stopENS_9brakeTypeE
                0x0380d72c       0x30 c:\Users\surya\AppData\Roaming\Code\User\globalStorage\vexrobotics.vexcode\sdk\cpp\V5\V5_20240802_15_00_00/vexv5\libv5rt.a(vex_motor.cpp.obj)
                0x0380d72c                vex::motor::stop(vex::brakeType)
 .text._ZN3vex5motor4stopEv
                0x0380d75c        0x8 c:\Users\surya\AppData\Roaming\Code\User\globalStorage\vexrobotics.vexcode\sdk\cpp\V5\V5_20240802_15_00_00/vexv5\libv5rt.a(vex_motor.cpp.obj)
                0x0380d75c                vex::motor::stop()
 .text._ZN3vex5motor16velocityToScaledEdNS_13velocityUnitsE
                0x0380d764       0x5c c:\Users\surya\AppData\Roaming\Code\User\globalStorage\vexrobotics.vexcode\sdk\cpp\V5\V5_20240802_15_00_00/vexv5\libv5rt.a(vex_motor.cpp.obj)
                0x0380d764                vex::motor::velocityToScaled(double, vex::velocityUnits)
 .text._ZN3vex5motor8velocityENS_13velocityUnitsE
                0x0380d7c0       0x30 c:\Users\surya\AppData\Roaming\Code\User\globalStorage\vexrobotics.vexcode\sdk\cpp\V5\V5_20240802_15_00_00/vexv5\libv5rt.a(vex_motor.cpp.obj)
                0x0380d7c0                vex::motor::velocity(vex::velocityUnits)
 .text._ZN3vex5motor5valueEv
                0x0380d7f0       0x1c c:\Users\surya\AppData\Roaming\Code\User\globalStorage\vexrobotics.vexcode\sdk\cpp\V5\V5_20240802_15_00_00/vexv5\libv5rt.a(vex_motor.cpp.obj)
                0x0380d7f0                vex::motor::value()
 .text._ZN3vex5motor16scaledToVelocityEdNS_13velocityUnitsE
                0x0380d80c       0xa4 c:\Users\surya\AppData\Roaming\Code\User\globalStorage\vexrobotics.vexcode\sdk\cpp\V5\V5_20240802_15_00_00/vexv5\libv5rt.a(vex_motor.cpp.obj)
                0x0380d80c                vex::motor::scaledToVelocity(double, vex::velocityUnits)
 .text._ZN3vex5motor4spinENS_13directionTypeEdNS_13velocityUnitsE
                0x0380d8b0       0x5c c:\Users\surya\AppData\Roaming\Code\User\globalStorage\vexrobotics.vexcode\sdk\cpp\V5\V5_20240802_15_00_00/vexv5\libv5rt.a(vex_motor.cpp.obj)
                0x0380d8b0                vex::motor::spin(vex::directionType, double, vex::velocityUnits)
 .text._ZN3vex5motor4spinENS_13directionTypeE
                0x0380d90c       0x28 c:\Users\surya\AppData\Roaming\Code\User\globalStorage\vexrobotics.vexcode\sdk\cpp\V5\V5_20240802_15_00_00/vexv5\libv5rt.a(vex_motor.cpp.obj)
                0x0380d90c                vex::motor::spin(vex::directionType)
 .text._ZN3vex5motor11setVelocityEdNS_13velocityUnitsE
                0x0380d934       0x54 c:\Users\surya\AppData\Roaming\Code\User\globalStorage\vexrobotics.vexcode\sdk\cpp\V5\V5_20240802_15_00_00/vexv5\libv5rt.a(vex_motor.cpp.obj)
                0x0380d934                vex::motor::setVelocity(double, vex::velocityUnits)
 .text._ZN3vex5motor16setRotationUnitsENS_13rotationUnitsE
                0x0380d988       0x1c c:\Users\surya\AppData\Roaming\Code\User\globalStorage\vexrobotics.vexcode\sdk\cpp\V5\V5_20240802_15_00_00/vexv5\libv5rt.a(vex_motor.cpp.obj)
                0x0380d988                vex::motor::setRotationUnits(vex::rotationUnits)
 .text._ZN3vex5motor7spinForEdNS_13rotationUnitsEdNS_13velocityUnitsEb
                0x0380d9a4       0xf4 c:\Users\surya\AppData\Roaming\Code\User\globalStorage\vexrobotics.vexcode\sdk\cpp\V5\V5_20240802_15_00_00/vexv5\libv5rt.a(vex_motor.cpp.obj)
                0x0380d9a4                vex::motor::spinFor(double, vex::rotationUnits, double, vex::velocityUnits, bool)
 .text._ZN3vex5motor7spinForENS_13directionTypeEdNS_13rotationUnitsEdNS_13velocityUnitsEb
                0x0380da98       0x34 c:\Users\surya\AppData\Roaming\Code\User\globalStorage\vexrobotics.vexcode\sdk\cpp\V5\V5_20240802_15_00_00/vexv5\libv5rt.a(vex_motor.cpp.obj)
                0x0380da98                vex::motor::spinFor(vex::directionType, double, vex::rotationUnits, double, vex::velocityUnits, bool)
 .text._ZN3vex5motor7spinForENS_13directionTypeEdNS_13rotationUnitsEb
                0x0380dacc       0x3c c:\Users\surya\AppData\Roaming\Code\User\globalStorage\vexrobotics.vexcode\sdk\cpp\V5\V5_20240802_15_00_00/vexv5\libv5rt.a(vex_motor.cpp.obj)
                0x0380dacc                vex::motor::spinFor(vex::directionType, double, vex::rotationUnits, bool)
 .text._ZN3vex5motor8positionENS_13rotationUnitsE
                0x0380db08       0x44 c:\Users\surya\AppData\Roaming\Code\User\globalStorage\vexrobotics.vexcode\sdk\cpp\V5\V5_20240802_15_00_00/vexv5\libv5rt.a(vex_motor.cpp.obj)
                0x0380db08                vex::motor::position(vex::rotationUnits)
 .text._ZN3vex8inertial11getTurnTypeEv
                0x0380db4c        0x8 c:\Users\surya\AppData\Roaming\Code\User\globalStorage\vexrobotics.vexcode\sdk\cpp\V5\V5_20240802_15_00_00/vexv5\libv5rt.a(vex_imu.cpp.obj)
                0x0380db4c                vex::inertial::getTurnType()
 .text._ZThn16_N3vex8inertial11getTurnTypeEv
                0x0380db54        0x8 c:\Users\surya\AppData\Roaming\Code\User\globalStorage\vexrobotics.vexcode\sdk\cpp\V5\V5_20240802_15_00_00/vexv5\libv5rt.a(vex_imu.cpp.obj)
                0x0380db54                non-virtual thunk to vex::inertial::getTurnType()
 *fill*         0x0380db5c        0x4 
 .text._ZN3vex8inertial10setHeadingEdNS_13rotationUnitsE
                0x0380db60       0x58 c:\Users\surya\AppData\Roaming\Code\User\globalStorage\vexrobotics.vexcode\sdk\cpp\V5\V5_20240802_15_00_00/vexv5\libv5rt.a(vex_imu.cpp.obj)
                0x0380db60                vex::inertial::setHeading(double, vex::rotationUnits)
 .text._ZThn16_N3vex8inertial10setHeadingEdNS_13rotationUnitsE
                0x0380dbb8        0x8 c:\Users\surya\AppData\Roaming\Code\User\globalStorage\vexrobotics.vexcode\sdk\cpp\V5\V5_20240802_15_00_00/vexv5\libv5rt.a(vex_imu.cpp.obj)
                0x0380dbb8                non-virtual thunk to vex::inertial::setHeading(double, vex::rotationUnits)
 .text._ZN3vex8inertial11setRotationEdNS_13rotationUnitsE
                0x0380dbc0       0x58 c:\Users\surya\AppData\Roaming\Code\User\globalStorage\vexrobotics.vexcode\sdk\cpp\V5\V5_20240802_15_00_00/vexv5\libv5rt.a(vex_imu.cpp.obj)
                0x0380dbc0                vex::inertial::setRotation(double, vex::rotationUnits)
 .text._ZThn16_N3vex8inertial11setRotationEdNS_13rotationUnitsE
                0x0380dc18        0x8 c:\Users\surya\AppData\Roaming\Code\User\globalStorage\vexrobotics.vexcode\sdk\cpp\V5\V5_20240802_15_00_00/vexv5\libv5rt.a(vex_imu.cpp.obj)
                0x0380dc18                non-virtual thunk to vex::inertial::setRotation(double, vex::rotationUnits)
 .text._ZN3vex8inertialD2Ev
                0x0380dc20       0x20 c:\Users\surya\AppData\Roaming\Code\User\globalStorage\vexrobotics.vexcode\sdk\cpp\V5\V5_20240802_15_00_00/vexv5\libv5rt.a(vex_imu.cpp.obj)
                0x0380dc20                vex::inertial::~inertial()
                0x0380dc20                vex::inertial::~inertial()
 .text._ZThn16_N3vex8inertialD1Ev
                0x0380dc40        0x8 c:\Users\surya\AppData\Roaming\Code\User\globalStorage\vexrobotics.vexcode\sdk\cpp\V5\V5_20240802_15_00_00/vexv5\libv5rt.a(vex_imu.cpp.obj)
                0x0380dc40                non-virtual thunk to vex::inertial::~inertial()
 .text._ZN3vex8inertialD0Ev
                0x0380dc48       0x1c c:\Users\surya\AppData\Roaming\Code\User\globalStorage\vexrobotics.vexcode\sdk\cpp\V5\V5_20240802_15_00_00/vexv5\libv5rt.a(vex_imu.cpp.obj)
                0x0380dc48                vex::inertial::~inertial()
 .text._ZThn16_N3vex8inertialD0Ev
                0x0380dc64        0x8 c:\Users\surya\AppData\Roaming\Code\User\globalStorage\vexrobotics.vexcode\sdk\cpp\V5\V5_20240802_15_00_00/vexv5\libv5rt.a(vex_imu.cpp.obj)
                0x0380dc64                non-virtual thunk to vex::inertial::~inertial()
 .text._ZN3vex8inertial9installedEv
                0x0380dc6c       0x18 c:\Users\surya\AppData\Roaming\Code\User\globalStorage\vexrobotics.vexcode\sdk\cpp\V5\V5_20240802_15_00_00/vexv5\libv5rt.a(vex_imu.cpp.obj)
                0x0380dc6c                vex::inertial::installed()
 .text._ZN3vex8inertial5angleENS_13rotationUnitsE
                0x0380dc84       0x6c c:\Users\surya\AppData\Roaming\Code\User\globalStorage\vexrobotics.vexcode\sdk\cpp\V5\V5_20240802_15_00_00/vexv5\libv5rt.a(vex_imu.cpp.obj)
                0x0380dc84                vex::inertial::angle(vex::rotationUnits)
 .text._ZThn16_N3vex8inertial5angleENS_13rotationUnitsE
                0x0380dcf0        0x8 c:\Users\surya\AppData\Roaming\Code\User\globalStorage\vexrobotics.vexcode\sdk\cpp\V5\V5_20240802_15_00_00/vexv5\libv5rt.a(vex_imu.cpp.obj)
                0x0380dcf0                non-virtual thunk to vex::inertial::angle(vex::rotationUnits)
 .text._ZN3vex8inertial7headingENS_13rotationUnitsE
                0x0380dcf8        0x4 c:\Users\surya\AppData\Roaming\Code\User\globalStorage\vexrobotics.vexcode\sdk\cpp\V5\V5_20240802_15_00_00/vexv5\libv5rt.a(vex_imu.cpp.obj)
                0x0380dcf8                vex::inertial::heading(vex::rotationUnits)
 .text._ZThn16_N3vex8inertial7headingENS_13rotationUnitsE
                0x0380dcfc        0x8 c:\Users\surya\AppData\Roaming\Code\User\globalStorage\vexrobotics.vexcode\sdk\cpp\V5\V5_20240802_15_00_00/vexv5\libv5rt.a(vex_imu.cpp.obj)
                0x0380dcfc                non-virtual thunk to vex::inertial::heading(vex::rotationUnits)
 .text._ZN3vex8inertial5valueEv
                0x0380dd04       0x1c c:\Users\surya\AppData\Roaming\Code\User\globalStorage\vexrobotics.vexcode\sdk\cpp\V5\V5_20240802_15_00_00/vexv5\libv5rt.a(vex_imu.cpp.obj)
                0x0380dd04                vex::inertial::value()
 .text._ZN3vex8inertial8rotationENS_13rotationUnitsE
                0x0380dd20       0x48 c:\Users\surya\AppData\Roaming\Code\User\globalStorage\vexrobotics.vexcode\sdk\cpp\V5\V5_20240802_15_00_00/vexv5\libv5rt.a(vex_imu.cpp.obj)
                0x0380dd20                vex::inertial::rotation(vex::rotationUnits)
 .text._ZThn16_N3vex8inertial8rotationENS_13rotationUnitsE
                0x0380dd68        0x8 c:\Users\surya\AppData\Roaming\Code\User\globalStorage\vexrobotics.vexcode\sdk\cpp\V5\V5_20240802_15_00_00/vexv5\libv5rt.a(vex_imu.cpp.obj)
                0x0380dd68                non-virtual thunk to vex::inertial::rotation(vex::rotationUnits)
 .text._ZN3vex8inertial13isCalibratingEv
                0x0380dd70       0x38 c:\Users\surya\AppData\Roaming\Code\User\globalStorage\vexrobotics.vexcode\sdk\cpp\V5\V5_20240802_15_00_00/vexv5\libv5rt.a(vex_imu.cpp.obj)
                0x0380dd70                vex::inertial::isCalibrating()
 .text._ZThn16_N3vex8inertial13isCalibratingEv
                0x0380dda8        0x8 c:\Users\surya\AppData\Roaming\Code\User\globalStorage\vexrobotics.vexcode\sdk\cpp\V5\V5_20240802_15_00_00/vexv5\libv5rt.a(vex_imu.cpp.obj)
                0x0380dda8                non-virtual thunk to vex::inertial::isCalibrating()
 .text._ZN3vex8inertialC2ElNS_8turnTypeE
                0x0380ddb0       0x4c c:\Users\surya\AppData\Roaming\Code\User\globalStorage\vexrobotics.vexcode\sdk\cpp\V5\V5_20240802_15_00_00/vexv5\libv5rt.a(vex_imu.cpp.obj)
                0x0380ddb0                vex::inertial::inertial(long, vex::turnType)
                0x0380ddb0                vex::inertial::inertial(long, vex::turnType)
 .text._ZN3vex8inertial16startCalibrationEl
                0x0380ddfc       0x20 c:\Users\surya\AppData\Roaming\Code\User\globalStorage\vexrobotics.vexcode\sdk\cpp\V5\V5_20240802_15_00_00/vexv5\libv5rt.a(vex_imu.cpp.obj)
                0x0380ddfc                vex::inertial::startCalibration(long)
 .text._ZN3vex8inertial9calibrateEl
                0x0380de1c        0xc c:\Users\surya\AppData\Roaming\Code\User\globalStorage\vexrobotics.vexcode\sdk\cpp\V5\V5_20240802_15_00_00/vexv5\libv5rt.a(vex_imu.cpp.obj)
                0x0380de1c                vex::inertial::calibrate(long)
                0x0380de20                non-virtual thunk to vex::inertial::calibrate(long)
 .text._ZN3vex8rotationD2Ev
                0x0380de28       0x20 c:\Users\surya\AppData\Roaming\Code\User\globalStorage\vexrobotics.vexcode\sdk\cpp\V5\V5_20240802_15_00_00/vexv5\libv5rt.a(vex_rotation.cpp.obj)
                0x0380de28                vex::rotation::~rotation()
                0x0380de28                vex::rotation::~rotation()
 .text._ZN3vex8rotationD0Ev
                0x0380de48       0x1c c:\Users\surya\AppData\Roaming\Code\User\globalStorage\vexrobotics.vexcode\sdk\cpp\V5\V5_20240802_15_00_00/vexv5\libv5rt.a(vex_rotation.cpp.obj)
                0x0380de48                vex::rotation::~rotation()
 .text._ZN3vex8rotation9installedEv
                0x0380de64       0x18 c:\Users\surya\AppData\Roaming\Code\User\globalStorage\vexrobotics.vexcode\sdk\cpp\V5\V5_20240802_15_00_00/vexv5\libv5rt.a(vex_rotation.cpp.obj)
                0x0380de64                vex::rotation::installed()
 .text._ZN3vex8rotation5valueEv
                0x0380de7c        0x8 c:\Users\surya\AppData\Roaming\Code\User\globalStorage\vexrobotics.vexcode\sdk\cpp\V5\V5_20240802_15_00_00/vexv5\libv5rt.a(vex_rotation.cpp.obj)
                0x0380de7c                vex::rotation::value()
 .text._ZN3vex8rotationC2Elb
                0x0380de84       0x30 c:\Users\surya\AppData\Roaming\Code\User\globalStorage\vexrobotics.vexcode\sdk\cpp\V5\V5_20240802_15_00_00/vexv5\libv5rt.a(vex_rotation.cpp.obj)
                0x0380de84                vex::rotation::rotation(long, bool)
                0x0380de84                vex::rotation::rotation(long, bool)
 .text._ZN3vex7opticalD2Ev
                0x0380deb4       0x20 c:\Users\surya\AppData\Roaming\Code\User\globalStorage\vexrobotics.vexcode\sdk\cpp\V5\V5_20240802_15_00_00/vexv5\libv5rt.a(vex_optical.cpp.obj)
                0x0380deb4                vex::optical::~optical()
                0x0380deb4                vex::optical::~optical()
 .text._ZN3vex7opticalD0Ev
                0x0380ded4       0x1c c:\Users\surya\AppData\Roaming\Code\User\globalStorage\vexrobotics.vexcode\sdk\cpp\V5\V5_20240802_15_00_00/vexv5\libv5rt.a(vex_optical.cpp.obj)
                0x0380ded4                vex::optical::~optical()
 .text._ZN3vex7optical9installedEv
                0x0380def0       0x18 c:\Users\surya\AppData\Roaming\Code\User\globalStorage\vexrobotics.vexcode\sdk\cpp\V5\V5_20240802_15_00_00/vexv5\libv5rt.a(vex_optical.cpp.obj)
                0x0380def0                vex::optical::installed()
 .text._ZN3vex7optical3hueEv
                0x0380df08        0x8 c:\Users\surya\AppData\Roaming\Code\User\globalStorage\vexrobotics.vexcode\sdk\cpp\V5\V5_20240802_15_00_00/vexv5\libv5rt.a(vex_optical.cpp.obj)
                0x0380df08                vex::optical::hue()
 .text._ZN3vex7optical5valueEv
                0x0380df10       0x18 c:\Users\surya\AppData\Roaming\Code\User\globalStorage\vexrobotics.vexcode\sdk\cpp\V5\V5_20240802_15_00_00/vexv5\libv5rt.a(vex_optical.cpp.obj)
                0x0380df10                vex::optical::value()
 .text._ZN3vex7optical13gestureEnableEv
                0x0380df28        0x8 c:\Users\surya\AppData\Roaming\Code\User\globalStorage\vexrobotics.vexcode\sdk\cpp\V5\V5_20240802_15_00_00/vexv5\libv5rt.a(vex_optical.cpp.obj)
                0x0380df28                vex::optical::gestureEnable()
 .text._ZN3vex7optical14gestureDisableEv
                0x0380df30        0x8 c:\Users\surya\AppData\Roaming\Code\User\globalStorage\vexrobotics.vexcode\sdk\cpp\V5\V5_20240802_15_00_00/vexv5\libv5rt.a(vex_optical.cpp.obj)
                0x0380df30                vex::optical::gestureDisable()
 .text._ZN3vex7opticalC2Elb
                0x0380df38       0x54 c:\Users\surya\AppData\Roaming\Code\User\globalStorage\vexrobotics.vexcode\sdk\cpp\V5\V5_20240802_15_00_00/vexv5\libv5rt.a(vex_optical.cpp.obj)
                0x0380df38                vex::optical::optical(long, bool)
                0x0380df38                vex::optical::optical(long, bool)
 .text._ZN3vex3gps11getTurnTypeEv
                0x0380df8c        0x8 c:\Users\surya\AppData\Roaming\Code\User\globalStorage\vexrobotics.vexcode\sdk\cpp\V5\V5_20240802_15_00_00/vexv5\libv5rt.a(vex_gps.cpp.obj)
                0x0380df8c                vex::gps::getTurnType()
 .text._ZThn16_N3vex3gps11getTurnTypeEv
                0x0380df94        0x8 c:\Users\surya\AppData\Roaming\Code\User\globalStorage\vexrobotics.vexcode\sdk\cpp\V5\V5_20240802_15_00_00/vexv5\libv5rt.a(vex_gps.cpp.obj)
                0x0380df94                non-virtual thunk to vex::gps::getTurnType()
 *fill*         0x0380df9c        0x4 
 .text._ZN3vex3gps10setHeadingEdNS_13rotationUnitsE
                0x0380dfa0       0x58 c:\Users\surya\AppData\Roaming\Code\User\globalStorage\vexrobotics.vexcode\sdk\cpp\V5\V5_20240802_15_00_00/vexv5\libv5rt.a(vex_gps.cpp.obj)